[2024-01-18T10:47:02.212-1000][0.007s][info][gc,heap] Heap region size: 1M
[2024-01-18T10:47:02.217-1000][0.011s][info][gc     ] Using G1
[2024-01-18T10:47:02.217-1000][0.011s][info][gc,heap,coops] Heap address: 0x00000007c0000000, size: 1024 MB, Compressed Oops mode: Zero based, Oop shift amount: 3
[2024-01-18T10:47:02.577-1000][0.371s][info][gc,start     ] GC(0) Pause Young (Normal) (G1 Evacuation Pause)
[2024-01-18T10:47:02.577-1000][0.372s][info][gc,task      ] GC(0) Using 8 workers of 8 for evacuation
[2024-01-18T10:47:02.582-1000][0.376s][info][gc,phases    ] GC(0)   Pre Evacuate Collection Set: 0.0ms
[2024-01-18T10:47:02.582-1000][0.376s][info][gc,phases    ] GC(0)   Evacuate Collection Set: 4.2ms
[2024-01-18T10:47:02.582-1000][0.376s][info][gc,phases    ] GC(0)   Post Evacuate Collection Set: 0.3ms
[2024-01-18T10:47:02.582-1000][0.376s][info][gc,phases    ] GC(0)   Other: 0.5ms
[2024-01-18T10:47:02.582-1000][0.376s][info][gc,heap      ] GC(0) Eden regions: 25->0(304)
[2024-01-18T10:47:02.582-1000][0.376s][info][gc,heap      ] GC(0) Survivor regions: 0->3(4)
[2024-01-18T10:47:02.582-1000][0.376s][info][gc,heap      ] GC(0) Old regions: 0->0
[2024-01-18T10:47:02.582-1000][0.376s][info][gc,heap      ] GC(0) Humongous regions: 2->2
[2024-01-18T10:47:02.582-1000][0.376s][info][gc,metaspace ] GC(0) Metaspace: 9999K->9999K(1058816K)
[2024-01-18T10:47:02.582-1000][0.377s][info][gc           ] GC(0) Pause Young (Normal) (G1 Evacuation Pause) 27M->4M(512M) 5.264ms
[2024-01-18T10:47:02.582-1000][0.377s][info][gc,cpu       ] GC(0) User=0.02s Sys=0.00s Real=0.01s
[2024-01-18T10:47:03.505-1000][1.299s][info][gc,start     ] GC(1) Pause Young (Concurrent Start) (Metadata GC Threshold)
[2024-01-18T10:47:03.505-1000][1.299s][info][gc,task      ] GC(1) Using 8 workers of 8 for evacuation
[2024-01-18T10:47:03.523-1000][1.317s][info][gc,phases    ] GC(1)   Pre Evacuate Collection Set: 0.0ms
[2024-01-18T10:47:03.523-1000][1.317s][info][gc,phases    ] GC(1)   Evacuate Collection Set: 16.0ms
[2024-01-18T10:47:03.523-1000][1.317s][info][gc,phases    ] GC(1)   Post Evacuate Collection Set: 1.3ms
[2024-01-18T10:47:03.523-1000][1.317s][info][gc,phases    ] GC(1)   Other: 0.3ms
[2024-01-18T10:47:03.523-1000][1.317s][info][gc,heap      ] GC(1) Eden regions: 104->0(90)
[2024-01-18T10:47:03.523-1000][1.317s][info][gc,heap      ] GC(1) Survivor regions: 3->25(39)
[2024-01-18T10:47:03.523-1000][1.317s][info][gc,heap      ] GC(1) Old regions: 0->0
[2024-01-18T10:47:03.523-1000][1.317s][info][gc,heap      ] GC(1) Humongous regions: 15->15
[2024-01-18T10:47:03.523-1000][1.317s][info][gc,metaspace ] GC(1) Metaspace: 20695K->20695K(1069056K)
[2024-01-18T10:47:03.523-1000][1.317s][info][gc           ] GC(1) Pause Young (Concurrent Start) (Metadata GC Threshold) 120M->39M(512M) 17.710ms
[2024-01-18T10:47:03.523-1000][1.317s][info][gc,cpu       ] GC(1) User=0.09s Sys=0.02s Real=0.02s
[2024-01-18T10:47:03.523-1000][1.317s][info][gc           ] GC(2) Concurrent Cycle
[2024-01-18T10:47:03.523-1000][1.317s][info][gc,marking   ] GC(2) Concurrent Clear Claimed Marks
[2024-01-18T10:47:03.523-1000][1.317s][info][gc,marking   ] GC(2) Concurrent Clear Claimed Marks 0.040ms
[2024-01-18T10:47:03.523-1000][1.317s][info][gc,marking   ] GC(2) Concurrent Scan Root Regions
[2024-01-18T10:47:03.528-1000][1.322s][info][gc,marking   ] GC(2) Concurrent Scan Root Regions 4.994ms
[2024-01-18T10:47:03.528-1000][1.322s][info][gc,marking   ] GC(2) Concurrent Mark (1.322s)
[2024-01-18T10:47:03.528-1000][1.322s][info][gc,marking   ] GC(2) Concurrent Mark From Roots
[2024-01-18T10:47:03.528-1000][1.322s][info][gc,task      ] GC(2) Using 2 workers of 2 for marking
[2024-01-18T10:47:03.529-1000][1.324s][info][gc,marking   ] GC(2) Concurrent Mark From Roots 1.385ms
[2024-01-18T10:47:03.529-1000][1.324s][info][gc,marking   ] GC(2) Concurrent Preclean
[2024-01-18T10:47:03.529-1000][1.324s][info][gc,marking   ] GC(2) Concurrent Preclean 0.042ms
[2024-01-18T10:47:03.529-1000][1.324s][info][gc,marking   ] GC(2) Concurrent Mark (1.322s, 1.324s) 1.508ms
[2024-01-18T10:47:03.530-1000][1.324s][info][gc,start     ] GC(2) Pause Remark
[2024-01-18T10:47:03.532-1000][1.326s][info][gc,stringtable] GC(2) Cleaned string and symbol table, strings: 9307 processed, 0 removed, symbols: 66736 processed, 13 removed
[2024-01-18T10:47:03.532-1000][1.326s][info][gc            ] GC(2) Pause Remark 40M->40M(512M) 2.231ms
[2024-01-18T10:47:03.532-1000][1.326s][info][gc,cpu        ] GC(2) User=0.01s Sys=0.00s Real=0.00s
[2024-01-18T10:47:03.532-1000][1.326s][info][gc,marking    ] GC(2) Concurrent Rebuild Remembered Sets
[2024-01-18T10:47:03.534-1000][1.328s][info][gc,marking    ] GC(2) Concurrent Rebuild Remembered Sets 2.277ms
[2024-01-18T10:47:03.534-1000][1.328s][info][gc,start      ] GC(2) Pause Cleanup
[2024-01-18T10:47:03.534-1000][1.329s][info][gc            ] GC(2) Pause Cleanup 40M->40M(512M) 0.124ms
[2024-01-18T10:47:03.534-1000][1.329s][info][gc,cpu        ] GC(2) User=0.00s Sys=0.00s Real=0.00s
[2024-01-18T10:47:03.534-1000][1.329s][info][gc,marking    ] GC(2) Concurrent Cleanup for Next Mark
[2024-01-18T10:47:03.537-1000][1.331s][info][gc,marking    ] GC(2) Concurrent Cleanup for Next Mark 2.740ms
[2024-01-18T10:47:03.537-1000][1.331s][info][gc            ] GC(2) Concurrent Cycle 14.476ms
[2024-01-18T10:47:04.227-1000][2.022s][info][gc,start      ] GC(3) Pause Young (Normal) (G1 Evacuation Pause)
[2024-01-18T10:47:04.227-1000][2.022s][info][gc,task       ] GC(3) Using 8 workers of 8 for evacuation
[2024-01-18T10:47:04.244-1000][2.038s][info][gc,phases     ] GC(3)   Pre Evacuate Collection Set: 0.0ms
[2024-01-18T10:47:04.244-1000][2.038s][info][gc,phases     ] GC(3)   Evacuate Collection Set: 15.6ms
[2024-01-18T10:47:04.244-1000][2.038s][info][gc,phases     ] GC(3)   Post Evacuate Collection Set: 0.7ms
[2024-01-18T10:47:04.244-1000][2.038s][info][gc,phases     ] GC(3)   Other: 0.2ms
[2024-01-18T10:47:04.244-1000][2.038s][info][gc,heap       ] GC(3) Eden regions: 77->0(110)
[2024-01-18T10:47:04.244-1000][2.038s][info][gc,heap       ] GC(3) Survivor regions: 25->5(13)
[2024-01-18T10:47:04.244-1000][2.038s][info][gc,heap       ] GC(3) Old regions: 0->24
[2024-01-18T10:47:04.244-1000][2.038s][info][gc,heap       ] GC(3) Humongous regions: 15->15
[2024-01-18T10:47:04.244-1000][2.038s][info][gc,metaspace  ] GC(3) Metaspace: 30229K->30229K(1077248K)
[2024-01-18T10:47:04.244-1000][2.038s][info][gc            ] GC(3) Pause Young (Normal) (G1 Evacuation Pause) 116M->43M(512M) 16.640ms
[2024-01-18T10:47:04.244-1000][2.038s][info][gc,cpu        ] GC(3) User=0.09s Sys=0.02s Real=0.02s
[2024-01-18T10:47:05.078-1000][2.873s][info][gc,start      ] GC(4) Pause Young (Concurrent Start) (Metadata GC Threshold)
[2024-01-18T10:47:05.093-1000][2.887s][info][gc,task       ] GC(4) Using 8 workers of 8 for evacuation
[2024-01-18T10:47:05.103-1000][2.897s][info][gc,phases     ] GC(4)   Pre Evacuate Collection Set: 0.1ms
[2024-01-18T10:47:05.103-1000][2.897s][info][gc,phases     ] GC(4)   Evacuate Collection Set: 8.9ms
[2024-01-18T10:47:05.103-1000][2.897s][info][gc,phases     ] GC(4)   Post Evacuate Collection Set: 1.1ms
[2024-01-18T10:47:05.103-1000][2.897s][info][gc,phases     ] GC(4)   Other: 14.4ms
[2024-01-18T10:47:05.103-1000][2.897s][info][gc,heap       ] GC(4) Eden regions: 88->0(121)
[2024-01-18T10:47:05.103-1000][2.897s][info][gc,heap       ] GC(4) Survivor regions: 5->13(15)
[2024-01-18T10:47:05.103-1000][2.897s][info][gc,heap       ] GC(4) Old regions: 24->24
[2024-01-18T10:47:05.103-1000][2.897s][info][gc,heap       ] GC(4) Humongous regions: 19->19
[2024-01-18T10:47:05.103-1000][2.897s][info][gc,metaspace  ] GC(4) Metaspace: 34643K->34643K(1081344K)
[2024-01-18T10:47:05.103-1000][2.897s][info][gc            ] GC(4) Pause Young (Concurrent Start) (Metadata GC Threshold) 134M->55M(512M) 24.586ms
[2024-01-18T10:47:05.103-1000][2.897s][info][gc,cpu        ] GC(4) User=0.06s Sys=0.00s Real=0.03s
[2024-01-18T10:47:05.103-1000][2.897s][info][gc            ] GC(5) Concurrent Cycle
[2024-01-18T10:47:05.103-1000][2.897s][info][gc,marking    ] GC(5) Concurrent Clear Claimed Marks
[2024-01-18T10:47:05.103-1000][2.897s][info][gc,marking    ] GC(5) Concurrent Clear Claimed Marks 0.043ms
[2024-01-18T10:47:05.103-1000][2.897s][info][gc,marking    ] GC(5) Concurrent Scan Root Regions
[2024-01-18T10:47:05.109-1000][2.904s][info][gc,marking    ] GC(5) Concurrent Scan Root Regions 6.279ms
[2024-01-18T10:47:05.109-1000][2.904s][info][gc,marking    ] GC(5) Concurrent Mark (2.904s)
[2024-01-18T10:47:05.109-1000][2.904s][info][gc,marking    ] GC(5) Concurrent Mark From Roots
[2024-01-18T10:47:05.109-1000][2.904s][info][gc,task       ] GC(5) Using 2 workers of 2 for marking
[2024-01-18T10:47:05.118-1000][2.912s][info][gc,marking    ] GC(5) Concurrent Mark From Roots 8.171ms
[2024-01-18T10:47:05.118-1000][2.912s][info][gc,marking    ] GC(5) Concurrent Preclean
[2024-01-18T10:47:05.118-1000][2.912s][info][gc,marking    ] GC(5) Concurrent Preclean 0.110ms
[2024-01-18T10:47:05.118-1000][2.912s][info][gc,marking    ] GC(5) Concurrent Mark (2.904s, 2.912s) 8.345ms
[2024-01-18T10:47:05.118-1000][2.912s][info][gc,start      ] GC(5) Pause Remark
[2024-01-18T10:47:05.122-1000][2.917s][info][gc,stringtable] GC(5) Cleaned string and symbol table, strings: 20812 processed, 39 removed, symbols: 105949 processed, 81 removed
[2024-01-18T10:47:05.123-1000][2.917s][info][gc            ] GC(5) Pause Remark 57M->53M(512M) 4.714ms
[2024-01-18T10:47:05.123-1000][2.917s][info][gc,cpu        ] GC(5) User=0.03s Sys=0.00s Real=0.01s
[2024-01-18T10:47:05.123-1000][2.917s][info][gc,marking    ] GC(5) Concurrent Rebuild Remembered Sets
[2024-01-18T10:47:05.130-1000][2.924s][info][gc,marking    ] GC(5) Concurrent Rebuild Remembered Sets 7.187ms
[2024-01-18T10:47:05.130-1000][2.924s][info][gc,start      ] GC(5) Pause Cleanup
[2024-01-18T10:47:05.130-1000][2.925s][info][gc            ] GC(5) Pause Cleanup 53M->53M(512M) 0.168ms
[2024-01-18T10:47:05.130-1000][2.925s][info][gc,cpu        ] GC(5) User=0.00s Sys=0.00s Real=0.00s
[2024-01-18T10:47:05.130-1000][2.925s][info][gc,marking    ] GC(5) Concurrent Cleanup for Next Mark
[2024-01-18T10:47:05.133-1000][2.927s][info][gc,marking    ] GC(5) Concurrent Cleanup for Next Mark 2.846ms
[2024-01-18T10:47:05.133-1000][2.928s][info][gc            ] GC(5) Concurrent Cycle 30.281ms
[2024-01-18T10:47:06.068-1000][3.862s][info][gc,start      ] GC(6) Pause Young (Normal) (G1 Evacuation Pause)
[2024-01-18T10:47:06.068-1000][3.862s][info][gc,task       ] GC(6) Using 8 workers of 8 for evacuation
[2024-01-18T10:47:06.077-1000][3.871s][info][gc,phases     ] GC(6)   Pre Evacuate Collection Set: 0.0ms
[2024-01-18T10:47:06.077-1000][3.871s][info][gc,phases     ] GC(6)   Evacuate Collection Set: 8.6ms
[2024-01-18T10:47:06.077-1000][3.871s][info][gc,phases     ] GC(6)   Post Evacuate Collection Set: 0.6ms
[2024-01-18T10:47:06.077-1000][3.871s][info][gc,phases     ] GC(6)   Other: 0.2ms
[2024-01-18T10:47:06.077-1000][3.871s][info][gc,heap       ] GC(6) Eden regions: 114->0(159)
[2024-01-18T10:47:06.077-1000][3.871s][info][gc,heap       ] GC(6) Survivor regions: 13->6(16)
[2024-01-18T10:47:06.077-1000][3.871s][info][gc,heap       ] GC(6) Old regions: 24->37
[2024-01-18T10:47:06.077-1000][3.871s][info][gc,heap       ] GC(6) Humongous regions: 15->15
[2024-01-18T10:47:06.077-1000][3.871s][info][gc,metaspace  ] GC(6) Metaspace: 46563K->46563K(1091584K)
[2024-01-18T10:47:06.077-1000][3.871s][info][gc            ] GC(6) Pause Young (Normal) (G1 Evacuation Pause) 165M->56M(512M) 9.515ms
[2024-01-18T10:47:06.077-1000][3.871s][info][gc,cpu        ] GC(6) User=0.07s Sys=0.00s Real=0.01s
[2024-01-18T10:47:06.922-1000][4.716s][info][gc,start      ] GC(7) Pause Young (Concurrent Start) (Metadata GC Threshold)
[2024-01-18T10:47:06.922-1000][4.716s][info][gc,task       ] GC(7) Using 8 workers of 8 for evacuation
[2024-01-18T10:47:06.928-1000][4.722s][info][gc,phases     ] GC(7)   Pre Evacuate Collection Set: 0.1ms
[2024-01-18T10:47:06.928-1000][4.722s][info][gc,phases     ] GC(7)   Evacuate Collection Set: 5.2ms
[2024-01-18T10:47:06.928-1000][4.722s][info][gc,phases     ] GC(7)   Post Evacuate Collection Set: 0.9ms
[2024-01-18T10:47:06.928-1000][4.722s][info][gc,phases     ] GC(7)   Other: 0.2ms
[2024-01-18T10:47:06.928-1000][4.722s][info][gc,heap       ] GC(7) Eden regions: 108->0(209)
[2024-01-18T10:47:06.928-1000][4.722s][info][gc,heap       ] GC(7) Survivor regions: 6->8(21)
[2024-01-18T10:47:06.928-1000][4.722s][info][gc,heap       ] GC(7) Old regions: 37->37
[2024-01-18T10:47:06.928-1000][4.722s][info][gc,heap       ] GC(7) Humongous regions: 17->15
[2024-01-18T10:47:06.928-1000][4.722s][info][gc,metaspace  ] GC(7) Metaspace: 58529K->58529K(1101824K)
[2024-01-18T10:47:06.928-1000][4.722s][info][gc            ] GC(7) Pause Young (Concurrent Start) (Metadata GC Threshold) 166M->59M(512M) 6.417ms
[2024-01-18T10:47:06.928-1000][4.722s][info][gc,cpu        ] GC(7) User=0.04s Sys=0.00s Real=0.00s
[2024-01-18T10:47:06.928-1000][4.722s][info][gc            ] GC(8) Concurrent Cycle
[2024-01-18T10:47:06.928-1000][4.722s][info][gc,marking    ] GC(8) Concurrent Clear Claimed Marks
[2024-01-18T10:47:06.928-1000][4.722s][info][gc,marking    ] GC(8) Concurrent Clear Claimed Marks 0.053ms
[2024-01-18T10:47:06.928-1000][4.722s][info][gc,marking    ] GC(8) Concurrent Scan Root Regions
[2024-01-18T10:47:06.932-1000][4.726s][info][gc,marking    ] GC(8) Concurrent Scan Root Regions 4.040ms
[2024-01-18T10:47:06.932-1000][4.726s][info][gc,marking    ] GC(8) Concurrent Mark (4.726s)
[2024-01-18T10:47:06.932-1000][4.726s][info][gc,marking    ] GC(8) Concurrent Mark From Roots
[2024-01-18T10:47:06.932-1000][4.726s][info][gc,task       ] GC(8) Using 2 workers of 2 for marking
[2024-01-18T10:47:06.949-1000][4.743s][info][gc,marking    ] GC(8) Concurrent Mark From Roots 16.489ms
[2024-01-18T10:47:06.949-1000][4.743s][info][gc,marking    ] GC(8) Concurrent Preclean
[2024-01-18T10:47:06.949-1000][4.743s][info][gc,marking    ] GC(8) Concurrent Preclean 0.104ms
[2024-01-18T10:47:06.949-1000][4.743s][info][gc,marking    ] GC(8) Concurrent Mark (4.726s, 4.743s) 16.654ms
[2024-01-18T10:47:06.949-1000][4.743s][info][gc,start      ] GC(8) Pause Remark
[2024-01-18T10:47:06.954-1000][4.749s][info][gc,stringtable] GC(8) Cleaned string and symbol table, strings: 29658 processed, 49 removed, symbols: 167106 processed, 89 removed
[2024-01-18T10:47:06.955-1000][4.749s][info][gc            ] GC(8) Pause Remark 64M->64M(512M) 5.851ms
[2024-01-18T10:47:06.955-1000][4.749s][info][gc,cpu        ] GC(8) User=0.05s Sys=0.00s Real=0.01s
[2024-01-18T10:47:06.955-1000][4.749s][info][gc,marking    ] GC(8) Concurrent Rebuild Remembered Sets
[2024-01-18T10:47:06.966-1000][4.760s][info][gc,marking    ] GC(8) Concurrent Rebuild Remembered Sets 11.093ms
[2024-01-18T10:47:06.966-1000][4.760s][info][gc,start      ] GC(8) Pause Cleanup
[2024-01-18T10:47:06.966-1000][4.760s][info][gc            ] GC(8) Pause Cleanup 66M->66M(512M) 0.178ms
[2024-01-18T10:47:06.966-1000][4.760s][info][gc,cpu        ] GC(8) User=0.00s Sys=0.00s Real=0.00s
[2024-01-18T10:47:06.966-1000][4.761s][info][gc,marking    ] GC(8) Concurrent Cleanup for Next Mark
[2024-01-18T10:47:06.967-1000][4.761s][info][gc,marking    ] GC(8) Concurrent Cleanup for Next Mark 0.700ms
[2024-01-18T10:47:06.967-1000][4.761s][info][gc            ] GC(8) Concurrent Cycle 39.119ms
[2024-01-18T10:47:08.737-1000][6.532s][info][gc,start      ] GC(9) Pause Young (Normal) (G1 Evacuation Pause)
[2024-01-18T10:47:08.738-1000][6.532s][info][gc,task       ] GC(9) Using 8 workers of 8 for evacuation
[2024-01-18T10:47:08.755-1000][6.549s][info][gc,phases     ] GC(9)   Pre Evacuate Collection Set: 0.0ms
[2024-01-18T10:47:08.771-1000][6.565s][info][gc,phases     ] GC(9)   Evacuate Collection Set: 16.1ms
[2024-01-18T10:47:08.771-1000][6.565s][info][gc,phases     ] GC(9)   Post Evacuate Collection Set: 0.8ms
[2024-01-18T10:47:08.771-1000][6.565s][info][gc,phases     ] GC(9)   Other: 0.2ms
[2024-01-18T10:47:08.771-1000][6.565s][info][gc,heap       ] GC(9) Eden regions: 218->0(254)
[2024-01-18T10:47:08.771-1000][6.565s][info][gc,heap       ] GC(9) Survivor regions: 8->21(29)
[2024-01-18T10:47:08.771-1000][6.565s][info][gc,heap       ] GC(9) Old regions: 37->37
[2024-01-18T10:47:08.771-1000][6.565s][info][gc,heap       ] GC(9) Humongous regions: 17->17
[2024-01-18T10:47:08.771-1000][6.565s][info][gc,metaspace  ] GC(9) Metaspace: 76441K->76441K(1118208K)
[2024-01-18T10:47:08.771-1000][6.565s][info][gc            ] GC(9) Pause Young (Normal) (G1 Evacuation Pause) 279M->73M(512M) 33.592ms
[2024-01-18T10:47:08.771-1000][6.565s][info][gc,cpu        ] GC(9) User=0.09s Sys=0.02s Real=0.04s
[2024-01-18T10:47:10.309-1000][8.103s][info][gc,start      ] GC(10) Pause Young (Normal) (G1 Evacuation Pause)
[2024-01-18T10:47:10.309-1000][8.103s][info][gc,task       ] GC(10) Using 8 workers of 8 for evacuation
[2024-01-18T10:47:10.333-1000][8.127s][info][gc,phases     ] GC(10)   Pre Evacuate Collection Set: 0.0ms
[2024-01-18T10:47:10.333-1000][8.127s][info][gc,phases     ] GC(10)   Evacuate Collection Set: 19.4ms
[2024-01-18T10:47:10.333-1000][8.127s][info][gc,phases     ] GC(10)   Post Evacuate Collection Set: 4.5ms
[2024-01-18T10:47:10.333-1000][8.127s][info][gc,phases     ] GC(10)   Other: 0.2ms
[2024-01-18T10:47:10.333-1000][8.127s][info][gc,heap       ] GC(10) Eden regions: 254->0(282)
[2024-01-18T10:47:10.333-1000][8.127s][info][gc,heap       ] GC(10) Survivor regions: 21->25(35)
[2024-01-18T10:47:10.333-1000][8.127s][info][gc,heap       ] GC(10) Old regions: 37->41
[2024-01-18T10:47:10.333-1000][8.127s][info][gc,heap       ] GC(10) Humongous regions: 17->17
[2024-01-18T10:47:10.333-1000][8.127s][info][gc,metaspace  ] GC(10) Metaspace: 81873K->81873K(1124352K)
[2024-01-18T10:47:10.333-1000][8.127s][info][gc            ] GC(10) Pause Young (Normal) (G1 Evacuation Pause) 327M->82M(512M) 24.258ms
[2024-01-18T10:47:10.333-1000][8.127s][info][gc,cpu        ] GC(10) User=0.10s Sys=0.02s Real=0.03s
[2024-01-18T10:47:44.585-1000][42.379s][info][gc,start      ] GC(11) Pause Young (Normal) (G1 Evacuation Pause)
[2024-01-18T10:47:44.585-1000][42.379s][info][gc,task       ] GC(11) Using 8 workers of 8 for evacuation
[2024-01-18T10:47:44.600-1000][42.394s][info][gc,phases     ] GC(11)   Pre Evacuate Collection Set: 0.0ms
[2024-01-18T10:47:44.600-1000][42.394s][info][gc,phases     ] GC(11)   Evacuate Collection Set: 13.5ms
[2024-01-18T10:47:44.600-1000][42.394s][info][gc,phases     ] GC(11)   Post Evacuate Collection Set: 1.3ms
[2024-01-18T10:47:44.600-1000][42.394s][info][gc,phases     ] GC(11)   Other: 0.2ms
[2024-01-18T10:47:44.600-1000][42.394s][info][gc,heap       ] GC(11) Eden regions: 282->0(292)
[2024-01-18T10:47:44.600-1000][42.394s][info][gc,heap       ] GC(11) Survivor regions: 25->15(39)
[2024-01-18T10:47:44.600-1000][42.394s][info][gc,heap       ] GC(11) Old regions: 41->55
[2024-01-18T10:47:44.600-1000][42.394s][info][gc,heap       ] GC(11) Humongous regions: 18->18
[2024-01-18T10:47:44.600-1000][42.394s][info][gc,metaspace  ] GC(11) Metaspace: 97269K->97269K(1136640K)
[2024-01-18T10:47:44.600-1000][42.394s][info][gc            ] GC(11) Pause Young (Normal) (G1 Evacuation Pause) 365M->87M(512M) 15.200ms
[2024-01-18T10:47:44.600-1000][42.395s][info][gc,cpu        ] GC(11) User=0.09s Sys=0.02s Real=0.02s
[2024-01-18T10:47:44.652-1000][42.446s][info][gc,start      ] GC(12) Pause Young (Concurrent Start) (Metadata GC Threshold)
[2024-01-18T10:47:44.652-1000][42.446s][info][gc,task       ] GC(12) Using 8 workers of 8 for evacuation
[2024-01-18T10:47:44.659-1000][42.453s][info][gc,phases     ] GC(12)   Pre Evacuate Collection Set: 0.1ms
[2024-01-18T10:47:44.659-1000][42.453s][info][gc,phases     ] GC(12)   Evacuate Collection Set: 6.2ms
[2024-01-18T10:47:44.659-1000][42.453s][info][gc,phases     ] GC(12)   Post Evacuate Collection Set: 0.3ms
[2024-01-18T10:47:44.659-1000][42.453s][info][gc,phases     ] GC(12)   Other: 0.2ms
[2024-01-18T10:47:44.659-1000][42.453s][info][gc,heap       ] GC(12) Eden regions: 5->0(293)
[2024-01-18T10:47:44.659-1000][42.453s][info][gc,heap       ] GC(12) Survivor regions: 15->14(39)
[2024-01-18T10:47:44.659-1000][42.453s][info][gc,heap       ] GC(12) Old regions: 55->55
[2024-01-18T10:47:44.659-1000][42.453s][info][gc,heap       ] GC(12) Humongous regions: 18->18
[2024-01-18T10:47:44.659-1000][42.453s][info][gc,metaspace  ] GC(12) Metaspace: 98088K->98088K(1138688K)
[2024-01-18T10:47:44.659-1000][42.453s][info][gc            ] GC(12) Pause Young (Concurrent Start) (Metadata GC Threshold) 92M->86M(512M) 6.893ms
[2024-01-18T10:47:44.659-1000][42.453s][info][gc,cpu        ] GC(12) User=0.03s Sys=0.00s Real=0.00s
[2024-01-18T10:47:44.659-1000][42.453s][info][gc            ] GC(13) Concurrent Cycle
[2024-01-18T10:47:44.659-1000][42.453s][info][gc,marking    ] GC(13) Concurrent Clear Claimed Marks
[2024-01-18T10:47:44.659-1000][42.453s][info][gc,marking    ] GC(13) Concurrent Clear Claimed Marks 0.075ms
[2024-01-18T10:47:44.659-1000][42.453s][info][gc,marking    ] GC(13) Concurrent Scan Root Regions
[2024-01-18T10:47:44.664-1000][42.458s][info][gc,marking    ] GC(13) Concurrent Scan Root Regions 4.707ms
[2024-01-18T10:47:44.664-1000][42.458s][info][gc,marking    ] GC(13) Concurrent Mark (42.458s)
[2024-01-18T10:47:44.664-1000][42.458s][info][gc,marking    ] GC(13) Concurrent Mark From Roots
[2024-01-18T10:47:44.664-1000][42.458s][info][gc,task       ] GC(13) Using 2 workers of 2 for marking
[2024-01-18T10:47:44.694-1000][42.488s][info][gc,marking    ] GC(13) Concurrent Mark From Roots 29.654ms
[2024-01-18T10:47:44.694-1000][42.488s][info][gc,marking    ] GC(13) Concurrent Preclean
[2024-01-18T10:47:44.694-1000][42.488s][info][gc,marking    ] GC(13) Concurrent Preclean 0.209ms
[2024-01-18T10:47:44.694-1000][42.488s][info][gc,marking    ] GC(13) Concurrent Mark (42.458s, 42.488s) 29.955ms
[2024-01-18T10:47:44.694-1000][42.488s][info][gc,start      ] GC(13) Pause Remark
[2024-01-18T10:47:44.701-1000][42.495s][info][gc,stringtable] GC(13) Cleaned string and symbol table, strings: 49625 processed, 264 removed, symbols: 277170 processed, 481 removed
[2024-01-18T10:47:44.701-1000][42.495s][info][gc            ] GC(13) Pause Remark 89M->89M(512M) 6.432ms
[2024-01-18T10:47:44.701-1000][42.495s][info][gc,cpu        ] GC(13) User=0.05s Sys=0.00s Real=0.01s
[2024-01-18T10:47:44.701-1000][42.495s][info][gc,marking    ] GC(13) Concurrent Rebuild Remembered Sets
[2024-01-18T10:47:44.723-1000][42.517s][info][gc,marking    ] GC(13) Concurrent Rebuild Remembered Sets 21.751ms
[2024-01-18T10:47:44.723-1000][42.517s][info][gc,start      ] GC(13) Pause Cleanup
[2024-01-18T10:47:44.723-1000][42.517s][info][gc            ] GC(13) Pause Cleanup 91M->91M(512M) 0.178ms
[2024-01-18T10:47:44.723-1000][42.517s][info][gc,cpu        ] GC(13) User=0.00s Sys=0.00s Real=0.00s
[2024-01-18T10:47:44.723-1000][42.517s][info][gc,marking    ] GC(13) Concurrent Cleanup for Next Mark
[2024-01-18T10:47:44.724-1000][42.518s][info][gc,marking    ] GC(13) Concurrent Cleanup for Next Mark 0.592ms
[2024-01-18T10:47:44.724-1000][42.518s][info][gc            ] GC(13) Concurrent Cycle 64.628ms
[2024-01-18T10:47:48.754-1000][46.548s][info][gc,start      ] GC(14) Pause Young (Concurrent Start) (G1 Evacuation Pause)
[2024-01-18T10:47:48.772-1000][46.566s][info][gc,task       ] GC(14) Using 8 workers of 8 for evacuation
[2024-01-18T10:47:48.794-1000][46.588s][info][gc,phases     ] GC(14)   Pre Evacuate Collection Set: 0.2ms
[2024-01-18T10:47:48.798-1000][46.592s][info][gc,phases     ] GC(14)   Evacuate Collection Set: 19.5ms
[2024-01-18T10:47:48.798-1000][46.592s][info][gc,phases     ] GC(14)   Post Evacuate Collection Set: 2.0ms
[2024-01-18T10:47:48.798-1000][46.592s][info][gc,phases     ] GC(14)   Other: 19.1ms
[2024-01-18T10:47:48.798-1000][46.592s][info][gc,heap       ] GC(14) Eden regions: 293->0(279)
[2024-01-18T10:47:48.798-1000][46.592s][info][gc,heap       ] GC(14) Survivor regions: 14->28(39)
[2024-01-18T10:47:48.798-1000][46.592s][info][gc,heap       ] GC(14) Old regions: 55->55
[2024-01-18T10:47:48.798-1000][46.592s][info][gc,heap       ] GC(14) Humongous regions: 24->24
[2024-01-18T10:47:48.798-1000][46.592s][info][gc,metaspace  ] GC(14) Metaspace: 108101K->108101K(1146880K)
[2024-01-18T10:47:48.798-1000][46.592s][info][gc            ] GC(14) Pause Young (Concurrent Start) (G1 Evacuation Pause) 385M->106M(512M) 44.496ms
[2024-01-18T10:47:48.798-1000][46.592s][info][gc,cpu        ] GC(14) User=0.15s Sys=0.01s Real=0.04s
[2024-01-18T10:47:48.798-1000][46.592s][info][gc            ] GC(15) Concurrent Cycle
[2024-01-18T10:47:48.798-1000][46.592s][info][gc,marking    ] GC(15) Concurrent Clear Claimed Marks
[2024-01-18T10:47:48.799-1000][46.593s][info][gc,marking    ] GC(15) Concurrent Clear Claimed Marks 0.116ms
[2024-01-18T10:47:48.799-1000][46.593s][info][gc,marking    ] GC(15) Concurrent Scan Root Regions
[2024-01-18T10:47:48.811-1000][46.605s][info][gc,marking    ] GC(15) Concurrent Scan Root Regions 12.445ms
[2024-01-18T10:47:48.811-1000][46.605s][info][gc,marking    ] GC(15) Concurrent Mark (46.605s)
[2024-01-18T10:47:48.811-1000][46.605s][info][gc,marking    ] GC(15) Concurrent Mark From Roots
[2024-01-18T10:47:48.811-1000][46.605s][info][gc,task       ] GC(15) Using 2 workers of 2 for marking
[2024-01-18T10:47:48.852-1000][46.646s][info][gc,marking    ] GC(15) Concurrent Mark From Roots 40.725ms
[2024-01-18T10:47:48.852-1000][46.646s][info][gc,marking    ] GC(15) Concurrent Preclean
[2024-01-18T10:47:48.852-1000][46.646s][info][gc,marking    ] GC(15) Concurrent Preclean 0.156ms
[2024-01-18T10:47:48.852-1000][46.646s][info][gc,marking    ] GC(15) Concurrent Mark (46.605s, 46.646s) 40.953ms
[2024-01-18T10:47:48.852-1000][46.646s][info][gc,start      ] GC(15) Pause Remark
[2024-01-18T10:47:48.859-1000][46.653s][info][gc,stringtable] GC(15) Cleaned string and symbol table, strings: 55611 processed, 0 removed, symbols: 295119 processed, 139 removed
[2024-01-18T10:47:48.884-1000][46.678s][info][gc            ] GC(15) Pause Remark 118M->118M(512M) 31.706ms
[2024-01-18T10:47:48.884-1000][46.678s][info][gc,cpu        ] GC(15) User=0.13s Sys=0.00s Real=0.03s
[2024-01-18T10:47:48.884-1000][46.679s][info][gc,marking    ] GC(15) Concurrent Rebuild Remembered Sets
[2024-01-18T10:47:48.910-1000][46.704s][info][gc,marking    ] GC(15) Concurrent Rebuild Remembered Sets 25.573ms
[2024-01-18T10:47:48.910-1000][46.704s][info][gc,start      ] GC(15) Pause Cleanup
[2024-01-18T10:47:48.910-1000][46.704s][info][gc            ] GC(15) Pause Cleanup 127M->127M(512M) 0.120ms
[2024-01-18T10:47:48.910-1000][46.704s][info][gc,cpu        ] GC(15) User=0.00s Sys=0.00s Real=0.00s
[2024-01-18T10:47:48.910-1000][46.704s][info][gc,marking    ] GC(15) Concurrent Cleanup for Next Mark
[2024-01-18T10:47:48.911-1000][46.705s][info][gc,marking    ] GC(15) Concurrent Cleanup for Next Mark 0.639ms
[2024-01-18T10:47:48.911-1000][46.705s][info][gc            ] GC(15) Concurrent Cycle 112.681ms
[2024-01-18T10:47:49.746-1000][47.540s][info][gc,start      ] GC(16) Pause Young (Normal) (G1 Evacuation Pause)
[2024-01-18T10:47:49.746-1000][47.540s][info][gc,task       ] GC(16) Using 8 workers of 8 for evacuation
[2024-01-18T10:47:49.768-1000][47.562s][info][gc,phases     ] GC(16)   Pre Evacuate Collection Set: 0.0ms
[2024-01-18T10:47:49.768-1000][47.562s][info][gc,phases     ] GC(16)   Evacuate Collection Set: 20.0ms
[2024-01-18T10:47:49.768-1000][47.562s][info][gc,phases     ] GC(16)   Post Evacuate Collection Set: 1.4ms
[2024-01-18T10:47:49.768-1000][47.562s][info][gc,phases     ] GC(16)   Other: 0.2ms
[2024-01-18T10:47:49.768-1000][47.562s][info][gc,heap       ] GC(16) Eden regions: 279->0(284)
[2024-01-18T10:47:49.768-1000][47.562s][info][gc,heap       ] GC(16) Survivor regions: 28->23(39)
[2024-01-18T10:47:49.768-1000][47.562s][info][gc,heap       ] GC(16) Old regions: 55->67
[2024-01-18T10:47:49.768-1000][47.562s][info][gc,heap       ] GC(16) Humongous regions: 24->24
[2024-01-18T10:47:49.768-1000][47.562s][info][gc,metaspace  ] GC(16) Metaspace: 109450K->109450K(1146880K)
[2024-01-18T10:47:49.768-1000][47.562s][info][gc            ] GC(16) Pause Young (Normal) (G1 Evacuation Pause) 385M->113M(512M) 21.675ms
[2024-01-18T10:47:49.768-1000][47.562s][info][gc,cpu        ] GC(16) User=0.15s Sys=0.00s Real=0.02s
[2024-01-18T10:47:50.446-1000][48.240s][info][gc,start      ] GC(17) Pause Young (Normal) (G1 Evacuation Pause)
[2024-01-18T10:47:50.446-1000][48.240s][info][gc,task       ] GC(17) Using 8 workers of 8 for evacuation
[2024-01-18T10:47:50.461-1000][48.255s][info][gc,phases     ] GC(17)   Pre Evacuate Collection Set: 0.0ms
[2024-01-18T10:47:50.461-1000][48.255s][info][gc,phases     ] GC(17)   Evacuate Collection Set: 14.1ms
[2024-01-18T10:47:50.461-1000][48.255s][info][gc,phases     ] GC(17)   Post Evacuate Collection Set: 0.7ms
[2024-01-18T10:47:50.461-1000][48.255s][info][gc,phases     ] GC(17)   Other: 0.2ms
[2024-01-18T10:47:50.461-1000][48.256s][info][gc,heap       ] GC(17) Eden regions: 284->0(295)
[2024-01-18T10:47:50.461-1000][48.256s][info][gc,heap       ] GC(17) Survivor regions: 23->12(39)
[2024-01-18T10:47:50.461-1000][48.256s][info][gc,heap       ] GC(17) Old regions: 67->82
[2024-01-18T10:47:50.462-1000][48.256s][info][gc,heap       ] GC(17) Humongous regions: 24->24
[2024-01-18T10:47:50.462-1000][48.256s][info][gc,metaspace  ] GC(17) Metaspace: 110066K->110066K(1148928K)
[2024-01-18T10:47:50.462-1000][48.256s][info][gc            ] GC(17) Pause Young (Normal) (G1 Evacuation Pause) 397M->117M(512M) 15.242ms
[2024-01-18T10:47:50.462-1000][48.256s][info][gc,cpu        ] GC(17) User=0.09s Sys=0.01s Real=0.02s
[2024-01-18T10:47:50.976-1000][48.770s][info][gc,start      ] GC(18) Pause Young (Normal) (G1 Evacuation Pause)
[2024-01-18T10:47:50.976-1000][48.770s][info][gc,task       ] GC(18) Using 8 workers of 8 for evacuation
[2024-01-18T10:47:50.985-1000][48.779s][info][gc,phases     ] GC(18)   Pre Evacuate Collection Set: 0.0ms
[2024-01-18T10:47:50.985-1000][48.779s][info][gc,phases     ] GC(18)   Evacuate Collection Set: 6.5ms
[2024-01-18T10:47:50.985-1000][48.779s][info][gc,phases     ] GC(18)   Post Evacuate Collection Set: 2.2ms
[2024-01-18T10:47:50.985-1000][48.779s][info][gc,phases     ] GC(18)   Other: 0.2ms
[2024-01-18T10:47:50.985-1000][48.779s][info][gc,heap       ] GC(18) Eden regions: 295->0(292)
[2024-01-18T10:47:50.985-1000][48.779s][info][gc,heap       ] GC(18) Survivor regions: 12->15(39)
[2024-01-18T10:47:50.985-1000][48.779s][info][gc,heap       ] GC(18) Old regions: 82->82
[2024-01-18T10:47:50.985-1000][48.779s][info][gc,heap       ] GC(18) Humongous regions: 24->24
[2024-01-18T10:47:50.985-1000][48.779s][info][gc,metaspace  ] GC(18) Metaspace: 110454K->110454K(1148928K)
[2024-01-18T10:47:50.985-1000][48.779s][info][gc            ] GC(18) Pause Young (Normal) (G1 Evacuation Pause) 412M->120M(512M) 9.117ms
[2024-01-18T10:47:50.985-1000][48.779s][info][gc,cpu        ] GC(18) User=0.06s Sys=0.00s Real=0.01s
[2024-01-18T10:47:51.524-1000][49.318s][info][gc,start      ] GC(19) Pause Young (Normal) (G1 Evacuation Pause)
[2024-01-18T10:47:51.524-1000][49.318s][info][gc,task       ] GC(19) Using 8 workers of 8 for evacuation
[2024-01-18T10:47:51.533-1000][49.327s][info][gc,phases     ] GC(19)   Pre Evacuate Collection Set: 0.0ms
[2024-01-18T10:47:51.533-1000][49.327s][info][gc,phases     ] GC(19)   Evacuate Collection Set: 7.5ms
[2024-01-18T10:47:51.533-1000][49.327s][info][gc,phases     ] GC(19)   Post Evacuate Collection Set: 1.2ms
[2024-01-18T10:47:51.533-1000][49.327s][info][gc,phases     ] GC(19)   Other: 0.2ms
[2024-01-18T10:47:51.533-1000][49.327s][info][gc,heap       ] GC(19) Eden regions: 292->0(290)
[2024-01-18T10:47:51.533-1000][49.327s][info][gc,heap       ] GC(19) Survivor regions: 15->17(39)
[2024-01-18T10:47:51.533-1000][49.327s][info][gc,heap       ] GC(19) Old regions: 82->82
[2024-01-18T10:47:51.533-1000][49.327s][info][gc,heap       ] GC(19) Humongous regions: 24->24
[2024-01-18T10:47:51.533-1000][49.327s][info][gc,metaspace  ] GC(19) Metaspace: 111266K->111266K(1148928K)
[2024-01-18T10:47:51.533-1000][49.327s][info][gc            ] GC(19) Pause Young (Normal) (G1 Evacuation Pause) 412M->122M(512M) 9.057ms
[2024-01-18T10:47:51.533-1000][49.327s][info][gc,cpu        ] GC(19) User=0.06s Sys=0.00s Real=0.01s
[2024-01-18T10:47:52.053-1000][49.847s][info][gc,start      ] GC(20) Pause Young (Normal) (G1 Evacuation Pause)
[2024-01-18T10:47:52.053-1000][49.847s][info][gc,task       ] GC(20) Using 8 workers of 8 for evacuation
[2024-01-18T10:47:52.063-1000][49.857s][info][gc,phases     ] GC(20)   Pre Evacuate Collection Set: 0.0ms
[2024-01-18T10:47:52.063-1000][49.857s][info][gc,phases     ] GC(20)   Evacuate Collection Set: 8.8ms
[2024-01-18T10:47:52.063-1000][49.857s][info][gc,phases     ] GC(20)   Post Evacuate Collection Set: 1.5ms
[2024-01-18T10:47:52.063-1000][49.857s][info][gc,phases     ] GC(20)   Other: 0.2ms
[2024-01-18T10:47:52.063-1000][49.857s][info][gc,heap       ] GC(20) Eden regions: 290->0(288)
[2024-01-18T10:47:52.063-1000][49.857s][info][gc,heap       ] GC(20) Survivor regions: 17->19(39)
[2024-01-18T10:47:52.063-1000][49.857s][info][gc,heap       ] GC(20) Old regions: 82->82
[2024-01-18T10:47:52.063-1000][49.857s][info][gc,heap       ] GC(20) Humongous regions: 24->24
[2024-01-18T10:47:52.063-1000][49.857s][info][gc,metaspace  ] GC(20) Metaspace: 111478K->111478K(1148928K)
[2024-01-18T10:47:52.063-1000][49.857s][info][gc            ] GC(20) Pause Young (Normal) (G1 Evacuation Pause) 412M->124M(512M) 10.587ms
[2024-01-18T10:47:52.063-1000][49.857s][info][gc,cpu        ] GC(20) User=0.07s Sys=0.00s Real=0.01s
[2024-01-18T10:51:35.959-1000][273.752s][info][gc,heap,exit  ] Heap
[2024-01-18T10:51:35.959-1000][273.752s][info][gc,heap,exit  ]  garbage-first heap   total 524288K, used 297413K [0x00000007c0000000, 0x0000000800000000)
[2024-01-18T10:51:35.959-1000][273.752s][info][gc,heap,exit  ]   region size 1024K, 187 young (191488K), 19 survivors (19456K)
[2024-01-18T10:51:35.959-1000][273.752s][info][gc,heap,exit  ]  Metaspace       used 116601K, capacity 119047K, committed 119168K, reserved 1155072K
[2024-01-18T10:51:35.959-1000][273.752s][info][gc,heap,exit  ]   class space    used 13801K, capacity 14703K, committed 14720K, reserved 1048576K
