[2023-12-18T12:07:52.850-1000][0.008s][info][gc,heap] Heap region size: 1M
[2023-12-18T12:07:52.854-1000][0.013s][info][gc     ] Using G1
[2023-12-18T12:07:52.854-1000][0.013s][info][gc,heap,coops] Heap address: 0x00000007c0000000, size: 1024 MB, Compressed Oops mode: Zero based, Oop shift amount: 3
[2023-12-18T12:07:53.245-1000][0.403s][info][gc,start     ] GC(0) Pause Young (Normal) (G1 Evacuation Pause)
[2023-12-18T12:07:53.246-1000][0.404s][info][gc,task      ] GC(0) Using 8 workers of 8 for evacuation
[2023-12-18T12:07:53.249-1000][0.407s][info][gc,phases    ] GC(0)   Pre Evacuate Collection Set: 0.0ms
[2023-12-18T12:07:53.249-1000][0.407s][info][gc,phases    ] GC(0)   Evacuate Collection Set: 2.8ms
[2023-12-18T12:07:53.249-1000][0.407s][info][gc,phases    ] GC(0)   Post Evacuate Collection Set: 0.4ms
[2023-12-18T12:07:53.249-1000][0.407s][info][gc,phases    ] GC(0)   Other: 0.7ms
[2023-12-18T12:07:53.249-1000][0.407s][info][gc,heap      ] GC(0) Eden regions: 25->0(304)
[2023-12-18T12:07:53.249-1000][0.407s][info][gc,heap      ] GC(0) Survivor regions: 0->3(4)
[2023-12-18T12:07:53.249-1000][0.407s][info][gc,heap      ] GC(0) Old regions: 0->0
[2023-12-18T12:07:53.249-1000][0.407s][info][gc,heap      ] GC(0) Humongous regions: 2->2
[2023-12-18T12:07:53.249-1000][0.407s][info][gc,metaspace ] GC(0) Metaspace: 9990K->9990K(1058816K)
[2023-12-18T12:07:53.249-1000][0.407s][info][gc           ] GC(0) Pause Young (Normal) (G1 Evacuation Pause) 27M->4M(512M) 4.084ms
[2023-12-18T12:07:53.249-1000][0.407s][info][gc,cpu       ] GC(0) User=0.03s Sys=0.00s Real=0.00s
[2023-12-18T12:07:54.374-1000][1.532s][info][gc,start     ] GC(1) Pause Young (Concurrent Start) (Metadata GC Threshold)
[2023-12-18T12:07:54.374-1000][1.532s][info][gc,task      ] GC(1) Using 8 workers of 8 for evacuation
[2023-12-18T12:07:54.390-1000][1.548s][info][gc,phases    ] GC(1)   Pre Evacuate Collection Set: 0.0ms
[2023-12-18T12:07:54.390-1000][1.548s][info][gc,phases    ] GC(1)   Evacuate Collection Set: 14.7ms
[2023-12-18T12:07:54.390-1000][1.548s][info][gc,phases    ] GC(1)   Post Evacuate Collection Set: 1.5ms
[2023-12-18T12:07:54.390-1000][1.548s][info][gc,phases    ] GC(1)   Other: 0.3ms
[2023-12-18T12:07:54.390-1000][1.548s][info][gc,heap      ] GC(1) Eden regions: 105->0(91)
[2023-12-18T12:07:54.390-1000][1.548s][info][gc,heap      ] GC(1) Survivor regions: 3->25(39)
[2023-12-18T12:07:54.390-1000][1.548s][info][gc,heap      ] GC(1) Old regions: 0->0
[2023-12-18T12:07:54.390-1000][1.548s][info][gc,heap      ] GC(1) Humongous regions: 15->15
[2023-12-18T12:07:54.390-1000][1.548s][info][gc,metaspace ] GC(1) Metaspace: 20709K->20709K(1069056K)
[2023-12-18T12:07:54.390-1000][1.548s][info][gc           ] GC(1) Pause Young (Concurrent Start) (Metadata GC Threshold) 122M->39M(512M) 16.653ms
[2023-12-18T12:07:54.390-1000][1.548s][info][gc,cpu       ] GC(1) User=0.08s Sys=0.01s Real=0.02s
[2023-12-18T12:07:54.390-1000][1.548s][info][gc           ] GC(2) Concurrent Cycle
[2023-12-18T12:07:54.390-1000][1.548s][info][gc,marking   ] GC(2) Concurrent Clear Claimed Marks
[2023-12-18T12:07:54.390-1000][1.548s][info][gc,marking   ] GC(2) Concurrent Clear Claimed Marks 0.040ms
[2023-12-18T12:07:54.390-1000][1.548s][info][gc,marking   ] GC(2) Concurrent Scan Root Regions
[2023-12-18T12:07:54.395-1000][1.554s][info][gc,marking   ] GC(2) Concurrent Scan Root Regions 5.034ms
[2023-12-18T12:07:54.396-1000][1.554s][info][gc,marking   ] GC(2) Concurrent Mark (1.554s)
[2023-12-18T12:07:54.396-1000][1.554s][info][gc,marking   ] GC(2) Concurrent Mark From Roots
[2023-12-18T12:07:54.396-1000][1.554s][info][gc,task      ] GC(2) Using 2 workers of 2 for marking
[2023-12-18T12:07:54.398-1000][1.556s][info][gc,marking   ] GC(2) Concurrent Mark From Roots 2.705ms
[2023-12-18T12:07:54.398-1000][1.556s][info][gc,marking   ] GC(2) Concurrent Preclean
[2023-12-18T12:07:54.398-1000][1.556s][info][gc,marking   ] GC(2) Concurrent Preclean 0.030ms
[2023-12-18T12:07:54.398-1000][1.556s][info][gc,marking   ] GC(2) Concurrent Mark (1.554s, 1.556s) 2.800ms
[2023-12-18T12:07:54.398-1000][1.556s][info][gc,start     ] GC(2) Pause Remark
[2023-12-18T12:07:54.401-1000][1.559s][info][gc,stringtable] GC(2) Cleaned string and symbol table, strings: 9343 processed, 0 removed, symbols: 66743 processed, 13 removed
[2023-12-18T12:07:54.401-1000][1.559s][info][gc            ] GC(2) Pause Remark 40M->40M(512M) 2.288ms
[2023-12-18T12:07:54.401-1000][1.559s][info][gc,cpu        ] GC(2) User=0.02s Sys=0.00s Real=0.01s
[2023-12-18T12:07:54.401-1000][1.559s][info][gc,marking    ] GC(2) Concurrent Rebuild Remembered Sets
[2023-12-18T12:07:54.404-1000][1.562s][info][gc,marking    ] GC(2) Concurrent Rebuild Remembered Sets 2.812ms
[2023-12-18T12:07:54.404-1000][1.562s][info][gc,start      ] GC(2) Pause Cleanup
[2023-12-18T12:07:54.404-1000][1.562s][info][gc            ] GC(2) Pause Cleanup 40M->40M(512M) 0.174ms
[2023-12-18T12:07:54.404-1000][1.562s][info][gc,cpu        ] GC(2) User=0.00s Sys=0.00s Real=0.00s
[2023-12-18T12:07:54.404-1000][1.562s][info][gc,marking    ] GC(2) Concurrent Cleanup for Next Mark
[2023-12-18T12:07:54.407-1000][1.565s][info][gc,marking    ] GC(2) Concurrent Cleanup for Next Mark 2.984ms
[2023-12-18T12:07:54.407-1000][1.565s][info][gc            ] GC(2) Concurrent Cycle 17.056ms
[2023-12-18T12:07:55.216-1000][2.374s][info][gc,start      ] GC(3) Pause Young (Normal) (G1 Evacuation Pause)
[2023-12-18T12:07:55.216-1000][2.374s][info][gc,task       ] GC(3) Using 8 workers of 8 for evacuation
[2023-12-18T12:07:55.231-1000][2.389s][info][gc,phases     ] GC(3)   Pre Evacuate Collection Set: 0.0ms
[2023-12-18T12:07:55.231-1000][2.389s][info][gc,phases     ] GC(3)   Evacuate Collection Set: 14.5ms
[2023-12-18T12:07:55.231-1000][2.389s][info][gc,phases     ] GC(3)   Post Evacuate Collection Set: 0.8ms
[2023-12-18T12:07:55.231-1000][2.389s][info][gc,phases     ] GC(3)   Other: 0.2ms
[2023-12-18T12:07:55.231-1000][2.389s][info][gc,heap       ] GC(3) Eden regions: 79->0(112)
[2023-12-18T12:07:55.231-1000][2.389s][info][gc,heap       ] GC(3) Survivor regions: 25->6(13)
[2023-12-18T12:07:55.231-1000][2.390s][info][gc,heap       ] GC(3) Old regions: 0->24
[2023-12-18T12:07:55.231-1000][2.390s][info][gc,heap       ] GC(3) Humongous regions: 15->15
[2023-12-18T12:07:55.231-1000][2.390s][info][gc,metaspace  ] GC(3) Metaspace: 30546K->30546K(1077248K)
[2023-12-18T12:07:55.231-1000][2.390s][info][gc            ] GC(3) Pause Young (Normal) (G1 Evacuation Pause) 118M->44M(512M) 15.639ms
[2023-12-18T12:07:55.231-1000][2.390s][info][gc,cpu        ] GC(3) User=0.09s Sys=0.02s Real=0.02s
[2023-12-18T12:07:56.023-1000][3.181s][info][gc,start      ] GC(4) Pause Young (Concurrent Start) (Metadata GC Threshold)
[2023-12-18T12:07:56.023-1000][3.181s][info][gc,task       ] GC(4) Using 8 workers of 8 for evacuation
[2023-12-18T12:07:56.033-1000][3.191s][info][gc,phases     ] GC(4)   Pre Evacuate Collection Set: 0.1ms
[2023-12-18T12:07:56.033-1000][3.191s][info][gc,phases     ] GC(4)   Evacuate Collection Set: 8.5ms
[2023-12-18T12:07:56.033-1000][3.191s][info][gc,phases     ] GC(4)   Post Evacuate Collection Set: 1.1ms
[2023-12-18T12:07:56.033-1000][3.191s][info][gc,phases     ] GC(4)   Other: 0.2ms
[2023-12-18T12:07:56.033-1000][3.191s][info][gc,heap       ] GC(4) Eden regions: 85->0(122)
[2023-12-18T12:07:56.033-1000][3.191s][info][gc,heap       ] GC(4) Survivor regions: 6->13(15)
[2023-12-18T12:07:56.033-1000][3.191s][info][gc,heap       ] GC(4) Old regions: 24->24
[2023-12-18T12:07:56.033-1000][3.191s][info][gc,heap       ] GC(4) Humongous regions: 19->19
[2023-12-18T12:07:56.033-1000][3.191s][info][gc,metaspace  ] GC(4) Metaspace: 34913K->34913K(1081344K)
[2023-12-18T12:07:56.033-1000][3.191s][info][gc            ] GC(4) Pause Young (Concurrent Start) (Metadata GC Threshold) 132M->55M(512M) 9.939ms
[2023-12-18T12:07:56.033-1000][3.191s][info][gc,cpu        ] GC(4) User=0.07s Sys=0.00s Real=0.01s
[2023-12-18T12:07:56.033-1000][3.191s][info][gc            ] GC(5) Concurrent Cycle
[2023-12-18T12:07:56.033-1000][3.191s][info][gc,marking    ] GC(5) Concurrent Clear Claimed Marks
[2023-12-18T12:07:56.033-1000][3.191s][info][gc,marking    ] GC(5) Concurrent Clear Claimed Marks 0.061ms
[2023-12-18T12:07:56.033-1000][3.191s][info][gc,marking    ] GC(5) Concurrent Scan Root Regions
[2023-12-18T12:07:56.039-1000][3.197s][info][gc,marking    ] GC(5) Concurrent Scan Root Regions 5.304ms
[2023-12-18T12:07:56.039-1000][3.197s][info][gc,marking    ] GC(5) Concurrent Mark (3.197s)
[2023-12-18T12:07:56.039-1000][3.197s][info][gc,marking    ] GC(5) Concurrent Mark From Roots
[2023-12-18T12:07:56.039-1000][3.197s][info][gc,task       ] GC(5) Using 2 workers of 2 for marking
[2023-12-18T12:07:56.046-1000][3.204s][info][gc,marking    ] GC(5) Concurrent Mark From Roots 7.286ms
[2023-12-18T12:07:56.046-1000][3.204s][info][gc,marking    ] GC(5) Concurrent Preclean
[2023-12-18T12:07:56.046-1000][3.204s][info][gc,marking    ] GC(5) Concurrent Preclean 0.127ms
[2023-12-18T12:07:56.046-1000][3.204s][info][gc,marking    ] GC(5) Concurrent Mark (3.197s, 3.204s) 7.486ms
[2023-12-18T12:07:56.046-1000][3.204s][info][gc,start      ] GC(5) Pause Remark
[2023-12-18T12:07:56.051-1000][3.209s][info][gc,stringtable] GC(5) Cleaned string and symbol table, strings: 21131 processed, 39 removed, symbols: 106683 processed, 81 removed
[2023-12-18T12:07:56.051-1000][3.209s][info][gc            ] GC(5) Pause Remark 56M->52M(512M) 4.547ms
[2023-12-18T12:07:56.051-1000][3.209s][info][gc,cpu        ] GC(5) User=0.04s Sys=0.00s Real=0.01s
[2023-12-18T12:07:56.051-1000][3.209s][info][gc,marking    ] GC(5) Concurrent Rebuild Remembered Sets
[2023-12-18T12:07:56.057-1000][3.215s][info][gc,marking    ] GC(5) Concurrent Rebuild Remembered Sets 6.380ms
[2023-12-18T12:07:56.057-1000][3.215s][info][gc,start      ] GC(5) Pause Cleanup
[2023-12-18T12:07:56.057-1000][3.215s][info][gc            ] GC(5) Pause Cleanup 53M->53M(512M) 0.095ms
[2023-12-18T12:07:56.057-1000][3.215s][info][gc,cpu        ] GC(5) User=0.00s Sys=0.00s Real=0.00s
[2023-12-18T12:07:56.057-1000][3.215s][info][gc,marking    ] GC(5) Concurrent Cleanup for Next Mark
[2023-12-18T12:07:56.060-1000][3.218s][info][gc,marking    ] GC(5) Concurrent Cleanup for Next Mark 2.909ms
[2023-12-18T12:07:56.060-1000][3.218s][info][gc            ] GC(5) Concurrent Cycle 27.225ms
[2023-12-18T12:07:57.144-1000][4.302s][info][gc,start      ] GC(6) Pause Young (Normal) (G1 Evacuation Pause)
[2023-12-18T12:07:57.144-1000][4.302s][info][gc,task       ] GC(6) Using 8 workers of 8 for evacuation
[2023-12-18T12:07:57.153-1000][4.311s][info][gc,phases     ] GC(6)   Pre Evacuate Collection Set: 0.0ms
[2023-12-18T12:07:57.153-1000][4.311s][info][gc,phases     ] GC(6)   Evacuate Collection Set: 9.0ms
[2023-12-18T12:07:57.153-1000][4.311s][info][gc,phases     ] GC(6)   Post Evacuate Collection Set: 0.5ms
[2023-12-18T12:07:57.153-1000][4.311s][info][gc,phases     ] GC(6)   Other: 0.1ms
[2023-12-18T12:07:57.153-1000][4.311s][info][gc,heap       ] GC(6) Eden regions: 114->0(147)
[2023-12-18T12:07:57.153-1000][4.311s][info][gc,heap       ] GC(6) Survivor regions: 13->6(16)
[2023-12-18T12:07:57.153-1000][4.311s][info][gc,heap       ] GC(6) Old regions: 24->37
[2023-12-18T12:07:57.153-1000][4.311s][info][gc,heap       ] GC(6) Humongous regions: 15->15
[2023-12-18T12:07:57.153-1000][4.311s][info][gc,metaspace  ] GC(6) Metaspace: 47700K->47700K(1091584K)
[2023-12-18T12:07:57.153-1000][4.311s][info][gc            ] GC(6) Pause Young (Normal) (G1 Evacuation Pause) 165M->56M(512M) 9.781ms
[2023-12-18T12:07:57.153-1000][4.311s][info][gc,cpu        ] GC(6) User=0.06s Sys=0.01s Real=0.01s
[2023-12-18T12:07:58.068-1000][5.226s][info][gc,start      ] GC(7) Pause Young (Concurrent Start) (Metadata GC Threshold)
[2023-12-18T12:07:58.068-1000][5.226s][info][gc,task       ] GC(7) Using 8 workers of 8 for evacuation
[2023-12-18T12:07:58.073-1000][5.231s][info][gc,phases     ] GC(7)   Pre Evacuate Collection Set: 0.1ms
[2023-12-18T12:07:58.073-1000][5.231s][info][gc,phases     ] GC(7)   Evacuate Collection Set: 4.5ms
[2023-12-18T12:07:58.073-1000][5.231s][info][gc,phases     ] GC(7)   Post Evacuate Collection Set: 0.4ms
[2023-12-18T12:07:58.073-1000][5.231s][info][gc,phases     ] GC(7)   Other: 0.2ms
[2023-12-18T12:07:58.073-1000][5.231s][info][gc,heap       ] GC(7) Eden regions: 105->0(166)
[2023-12-18T12:07:58.073-1000][5.231s][info][gc,heap       ] GC(7) Survivor regions: 6->8(20)
[2023-12-18T12:07:58.073-1000][5.231s][info][gc,heap       ] GC(7) Old regions: 37->37
[2023-12-18T12:07:58.073-1000][5.231s][info][gc,heap       ] GC(7) Humongous regions: 17->15
[2023-12-18T12:07:58.073-1000][5.231s][info][gc,metaspace  ] GC(7) Metaspace: 58899K->58899K(1101824K)
[2023-12-18T12:07:58.073-1000][5.231s][info][gc            ] GC(7) Pause Young (Concurrent Start) (Metadata GC Threshold) 163M->59M(512M) 5.274ms
[2023-12-18T12:07:58.073-1000][5.231s][info][gc,cpu        ] GC(7) User=0.03s Sys=0.00s Real=0.01s
[2023-12-18T12:07:58.073-1000][5.231s][info][gc            ] GC(8) Concurrent Cycle
[2023-12-18T12:07:58.073-1000][5.231s][info][gc,marking    ] GC(8) Concurrent Clear Claimed Marks
[2023-12-18T12:07:58.073-1000][5.231s][info][gc,marking    ] GC(8) Concurrent Clear Claimed Marks 0.055ms
[2023-12-18T12:07:58.073-1000][5.231s][info][gc,marking    ] GC(8) Concurrent Scan Root Regions
[2023-12-18T12:07:58.077-1000][5.235s][info][gc,marking    ] GC(8) Concurrent Scan Root Regions 3.561ms
[2023-12-18T12:07:58.077-1000][5.235s][info][gc,marking    ] GC(8) Concurrent Mark (5.235s)
[2023-12-18T12:07:58.077-1000][5.235s][info][gc,marking    ] GC(8) Concurrent Mark From Roots
[2023-12-18T12:07:58.077-1000][5.235s][info][gc,task       ] GC(8) Using 2 workers of 2 for marking
[2023-12-18T12:07:58.092-1000][5.250s][info][gc,marking    ] GC(8) Concurrent Mark From Roots 15.377ms
[2023-12-18T12:07:58.092-1000][5.250s][info][gc,marking    ] GC(8) Concurrent Preclean
[2023-12-18T12:07:58.092-1000][5.250s][info][gc,marking    ] GC(8) Concurrent Preclean 0.106ms
[2023-12-18T12:07:58.092-1000][5.250s][info][gc,marking    ] GC(8) Concurrent Mark (5.235s, 5.250s) 15.552ms
[2023-12-18T12:07:58.093-1000][5.251s][info][gc,start      ] GC(8) Pause Remark
[2023-12-18T12:07:58.097-1000][5.255s][info][gc,stringtable] GC(8) Cleaned string and symbol table, strings: 29877 processed, 49 removed, symbols: 168636 processed, 94 removed
[2023-12-18T12:07:58.098-1000][5.256s][info][gc            ] GC(8) Pause Remark 62M->62M(512M) 5.137ms
[2023-12-18T12:07:58.098-1000][5.256s][info][gc,cpu        ] GC(8) User=0.03s Sys=0.00s Real=0.00s
[2023-12-18T12:07:58.098-1000][5.256s][info][gc,marking    ] GC(8) Concurrent Rebuild Remembered Sets
[2023-12-18T12:07:58.111-1000][5.269s][info][gc,marking    ] GC(8) Concurrent Rebuild Remembered Sets 12.716ms
[2023-12-18T12:07:58.111-1000][5.269s][info][gc,start      ] GC(8) Pause Cleanup
[2023-12-18T12:07:58.111-1000][5.269s][info][gc            ] GC(8) Pause Cleanup 65M->65M(512M) 0.105ms
[2023-12-18T12:07:58.111-1000][5.269s][info][gc,cpu        ] GC(8) User=0.00s Sys=0.00s Real=0.00s
[2023-12-18T12:07:58.111-1000][5.269s][info][gc,marking    ] GC(8) Concurrent Cleanup for Next Mark
[2023-12-18T12:07:58.111-1000][5.269s][info][gc,marking    ] GC(8) Concurrent Cleanup for Next Mark 0.588ms
[2023-12-18T12:07:58.111-1000][5.269s][info][gc            ] GC(8) Concurrent Cycle 38.271ms
[2023-12-18T12:07:59.842-1000][7.000s][info][gc,start      ] GC(9) Pause Young (Normal) (G1 Evacuation Pause)
[2023-12-18T12:07:59.843-1000][7.001s][info][gc,task       ] GC(9) Using 8 workers of 8 for evacuation
[2023-12-18T12:07:59.854-1000][7.012s][info][gc,phases     ] GC(9)   Pre Evacuate Collection Set: 0.0ms
[2023-12-18T12:07:59.854-1000][7.012s][info][gc,phases     ] GC(9)   Evacuate Collection Set: 10.8ms
[2023-12-18T12:07:59.854-1000][7.012s][info][gc,phases     ] GC(9)   Post Evacuate Collection Set: 0.8ms
[2023-12-18T12:07:59.854-1000][7.012s][info][gc,phases     ] GC(9)   Other: 0.2ms
[2023-12-18T12:07:59.854-1000][7.012s][info][gc,heap       ] GC(9) Eden regions: 171->0(249)
[2023-12-18T12:07:59.854-1000][7.012s][info][gc,heap       ] GC(9) Survivor regions: 8->19(23)
[2023-12-18T12:07:59.854-1000][7.012s][info][gc,heap       ] GC(9) Old regions: 37->37
[2023-12-18T12:07:59.854-1000][7.012s][info][gc,heap       ] GC(9) Humongous regions: 17->17
[2023-12-18T12:07:59.854-1000][7.012s][info][gc,metaspace  ] GC(9) Metaspace: 75997K->75997K(1118208K)
[2023-12-18T12:07:59.854-1000][7.012s][info][gc            ] GC(9) Pause Young (Normal) (G1 Evacuation Pause) 232M->71M(512M) 11.960ms
[2023-12-18T12:07:59.854-1000][7.012s][info][gc,cpu        ] GC(9) User=0.07s Sys=0.01s Real=0.01s
[2023-12-18T12:08:01.359-1000][8.517s][info][gc,start      ] GC(10) Pause Young (Normal) (G1 Evacuation Pause)
[2023-12-18T12:08:01.359-1000][8.517s][info][gc,task       ] GC(10) Using 8 workers of 8 for evacuation
[2023-12-18T12:08:01.375-1000][8.533s][info][gc,phases     ] GC(10)   Pre Evacuate Collection Set: 0.0ms
[2023-12-18T12:08:01.375-1000][8.533s][info][gc,phases     ] GC(10)   Evacuate Collection Set: 13.2ms
[2023-12-18T12:08:01.375-1000][8.533s][info][gc,phases     ] GC(10)   Post Evacuate Collection Set: 2.2ms
[2023-12-18T12:08:01.375-1000][8.533s][info][gc,phases     ] GC(10)   Other: 0.2ms
[2023-12-18T12:08:01.375-1000][8.533s][info][gc,heap       ] GC(10) Eden regions: 249->0(282)
[2023-12-18T12:08:01.375-1000][8.533s][info][gc,heap       ] GC(10) Survivor regions: 19->25(34)
[2023-12-18T12:08:01.375-1000][8.533s][info][gc,heap       ] GC(10) Old regions: 37->41
[2023-12-18T12:08:01.375-1000][8.533s][info][gc,heap       ] GC(10) Humongous regions: 17->17
[2023-12-18T12:08:01.375-1000][8.533s][info][gc,metaspace  ] GC(10) Metaspace: 80655K->80655K(1122304K)
[2023-12-18T12:08:01.375-1000][8.533s][info][gc            ] GC(10) Pause Young (Normal) (G1 Evacuation Pause) 320M->82M(512M) 15.717ms
[2023-12-18T12:08:01.375-1000][8.533s][info][gc,cpu        ] GC(10) User=0.09s Sys=0.02s Real=0.02s
[2023-12-18T12:08:16.288-1000][23.446s][info][gc,start      ] GC(11) Pause Young (Concurrent Start) (Metadata GC Threshold)
[2023-12-18T12:08:16.288-1000][23.446s][info][gc,task       ] GC(11) Using 8 workers of 8 for evacuation
[2023-12-18T12:08:16.304-1000][23.462s][info][gc,phases     ] GC(11)   Pre Evacuate Collection Set: 0.2ms
[2023-12-18T12:08:16.304-1000][23.462s][info][gc,phases     ] GC(11)   Evacuate Collection Set: 13.2ms
[2023-12-18T12:08:16.304-1000][23.462s][info][gc,phases     ] GC(11)   Post Evacuate Collection Set: 2.7ms
[2023-12-18T12:08:16.304-1000][23.462s][info][gc,phases     ] GC(11)   Other: 0.3ms
[2023-12-18T12:08:16.304-1000][23.462s][info][gc,heap       ] GC(11) Eden regions: 239->0(289)
[2023-12-18T12:08:16.304-1000][23.462s][info][gc,heap       ] GC(11) Survivor regions: 25->18(39)
[2023-12-18T12:08:16.304-1000][23.462s][info][gc,heap       ] GC(11) Old regions: 41->54
[2023-12-18T12:08:16.304-1000][23.462s][info][gc,heap       ] GC(11) Humongous regions: 18->18
[2023-12-18T12:08:16.304-1000][23.462s][info][gc,metaspace  ] GC(11) Metaspace: 98677K->98677K(1138688K)
[2023-12-18T12:08:16.304-1000][23.462s][info][gc            ] GC(11) Pause Young (Concurrent Start) (Metadata GC Threshold) 322M->89M(512M) 16.405ms
[2023-12-18T12:08:16.304-1000][23.462s][info][gc,cpu        ] GC(11) User=0.08s Sys=0.01s Real=0.02s
[2023-12-18T12:08:16.304-1000][23.462s][info][gc            ] GC(12) Concurrent Cycle
[2023-12-18T12:08:16.304-1000][23.462s][info][gc,marking    ] GC(12) Concurrent Clear Claimed Marks
[2023-12-18T12:08:16.304-1000][23.462s][info][gc,marking    ] GC(12) Concurrent Clear Claimed Marks 0.126ms
[2023-12-18T12:08:16.304-1000][23.462s][info][gc,marking    ] GC(12) Concurrent Scan Root Regions
[2023-12-18T12:08:16.310-1000][23.468s][info][gc,marking    ] GC(12) Concurrent Scan Root Regions 5.871ms
[2023-12-18T12:08:16.310-1000][23.468s][info][gc,marking    ] GC(12) Concurrent Mark (23.468s)
[2023-12-18T12:08:16.310-1000][23.468s][info][gc,marking    ] GC(12) Concurrent Mark From Roots
[2023-12-18T12:08:16.310-1000][23.468s][info][gc,task       ] GC(12) Using 2 workers of 2 for marking
[2023-12-18T12:08:16.352-1000][23.510s][info][gc,marking    ] GC(12) Concurrent Mark From Roots 41.974ms
[2023-12-18T12:08:16.352-1000][23.510s][info][gc,marking    ] GC(12) Concurrent Preclean
[2023-12-18T12:08:16.353-1000][23.510s][info][gc,marking    ] GC(12) Concurrent Preclean 0.170ms
[2023-12-18T12:08:16.353-1000][23.511s][info][gc,marking    ] GC(12) Concurrent Mark (23.468s, 23.510s) 42.239ms
[2023-12-18T12:08:16.353-1000][23.511s][info][gc,start      ] GC(12) Pause Remark
[2023-12-18T12:08:16.359-1000][23.517s][info][gc,stringtable] GC(12) Cleaned string and symbol table, strings: 49362 processed, 103 removed, symbols: 279232 processed, 356 removed
[2023-12-18T12:08:16.359-1000][23.517s][info][gc            ] GC(12) Pause Remark 92M->92M(512M) 6.210ms
[2023-12-18T12:08:16.359-1000][23.517s][info][gc,cpu        ] GC(12) User=0.05s Sys=0.01s Real=0.00s
[2023-12-18T12:08:16.359-1000][23.517s][info][gc,marking    ] GC(12) Concurrent Rebuild Remembered Sets
[2023-12-18T12:08:16.381-1000][23.539s][info][gc,marking    ] GC(12) Concurrent Rebuild Remembered Sets 21.773ms
[2023-12-18T12:08:16.382-1000][23.540s][info][gc,start      ] GC(12) Pause Cleanup
[2023-12-18T12:08:16.382-1000][23.540s][info][gc            ] GC(12) Pause Cleanup 93M->93M(512M) 0.209ms
[2023-12-18T12:08:16.382-1000][23.540s][info][gc,cpu        ] GC(12) User=0.00s Sys=0.00s Real=0.00s
[2023-12-18T12:08:16.382-1000][23.540s][info][gc,marking    ] GC(12) Concurrent Cleanup for Next Mark
[2023-12-18T12:08:16.383-1000][23.541s][info][gc,marking    ] GC(12) Concurrent Cleanup for Next Mark 0.936ms
[2023-12-18T12:08:16.383-1000][23.541s][info][gc            ] GC(12) Concurrent Cycle 78.676ms
[2023-12-18T12:08:22.091-1000][29.249s][info][gc,start      ] GC(13) Pause Young (Concurrent Start) (G1 Evacuation Pause)
[2023-12-18T12:08:22.091-1000][29.249s][info][gc,task       ] GC(13) Using 8 workers of 8 for evacuation
[2023-12-18T12:08:22.115-1000][29.273s][info][gc,phases     ] GC(13)   Pre Evacuate Collection Set: 0.1ms
[2023-12-18T12:08:22.115-1000][29.273s][info][gc,phases     ] GC(13)   Evacuate Collection Set: 22.7ms
[2023-12-18T12:08:22.115-1000][29.273s][info][gc,phases     ] GC(13)   Post Evacuate Collection Set: 1.6ms
[2023-12-18T12:08:22.115-1000][29.273s][info][gc,phases     ] GC(13)   Other: 0.3ms
[2023-12-18T12:08:22.115-1000][29.273s][info][gc,heap       ] GC(13) Eden regions: 289->0(282)
[2023-12-18T12:08:22.115-1000][29.273s][info][gc,heap       ] GC(13) Survivor regions: 18->25(39)
[2023-12-18T12:08:22.115-1000][29.273s][info][gc,heap       ] GC(13) Old regions: 54->54
[2023-12-18T12:08:22.115-1000][29.273s][info][gc,heap       ] GC(13) Humongous regions: 22->22
[2023-12-18T12:08:22.115-1000][29.273s][info][gc,metaspace  ] GC(13) Metaspace: 110787K->110787K(1148928K)
[2023-12-18T12:08:22.115-1000][29.273s][info][gc            ] GC(13) Pause Young (Concurrent Start) (G1 Evacuation Pause) 382M->100M(512M) 24.785ms
[2023-12-18T12:08:22.115-1000][29.273s][info][gc,cpu        ] GC(13) User=0.10s Sys=0.02s Real=0.02s
[2023-12-18T12:08:22.115-1000][29.273s][info][gc            ] GC(14) Concurrent Cycle
[2023-12-18T12:08:22.116-1000][29.273s][info][gc,marking    ] GC(14) Concurrent Clear Claimed Marks
[2023-12-18T12:08:22.116-1000][29.274s][info][gc,marking    ] GC(14) Concurrent Clear Claimed Marks 0.112ms
[2023-12-18T12:08:22.116-1000][29.274s][info][gc,marking    ] GC(14) Concurrent Scan Root Regions
[2023-12-18T12:08:22.126-1000][29.284s][info][gc,marking    ] GC(14) Concurrent Scan Root Regions 10.147ms
[2023-12-18T12:08:22.126-1000][29.284s][info][gc,marking    ] GC(14) Concurrent Mark (29.284s)
[2023-12-18T12:08:22.126-1000][29.284s][info][gc,marking    ] GC(14) Concurrent Mark From Roots
[2023-12-18T12:08:22.126-1000][29.284s][info][gc,task       ] GC(14) Using 2 workers of 2 for marking
[2023-12-18T12:08:22.159-1000][29.317s][info][gc,marking    ] GC(14) Concurrent Mark From Roots 33.587ms
[2023-12-18T12:08:22.160-1000][29.317s][info][gc,marking    ] GC(14) Concurrent Preclean
[2023-12-18T12:08:22.160-1000][29.318s][info][gc,marking    ] GC(14) Concurrent Preclean 0.185ms
[2023-12-18T12:08:22.160-1000][29.318s][info][gc,marking    ] GC(14) Concurrent Mark (29.284s, 29.318s) 33.853ms
[2023-12-18T12:08:22.160-1000][29.318s][info][gc,start      ] GC(14) Pause Remark
[2023-12-18T12:08:22.168-1000][29.326s][info][gc,stringtable] GC(14) Cleaned string and symbol table, strings: 55147 processed, 157 removed, symbols: 305753 processed, 177 removed
[2023-12-18T12:08:22.168-1000][29.326s][info][gc            ] GC(14) Pause Remark 106M->106M(512M) 8.009ms
[2023-12-18T12:08:22.168-1000][29.326s][info][gc,cpu        ] GC(14) User=0.06s Sys=0.00s Real=0.00s
[2023-12-18T12:08:22.168-1000][29.326s][info][gc,marking    ] GC(14) Concurrent Rebuild Remembered Sets
[2023-12-18T12:08:22.190-1000][29.348s][info][gc,marking    ] GC(14) Concurrent Rebuild Remembered Sets 21.852ms
[2023-12-18T12:08:22.190-1000][29.348s][info][gc,start      ] GC(14) Pause Cleanup
[2023-12-18T12:08:22.190-1000][29.348s][info][gc            ] GC(14) Pause Cleanup 109M->109M(512M) 0.194ms
[2023-12-18T12:08:22.190-1000][29.348s][info][gc,cpu        ] GC(14) User=0.00s Sys=0.00s Real=0.00s
[2023-12-18T12:08:22.190-1000][29.348s][info][gc,marking    ] GC(14) Concurrent Cleanup for Next Mark
[2023-12-18T12:08:22.191-1000][29.349s][info][gc,marking    ] GC(14) Concurrent Cleanup for Next Mark 0.427ms
[2023-12-18T12:08:22.191-1000][29.349s][info][gc            ] GC(14) Concurrent Cycle 75.291ms
[2023-12-18T12:08:25.416-1000][32.574s][info][gc,start      ] GC(15) Pause Young (Normal) (G1 Evacuation Pause)
[2023-12-18T12:08:25.416-1000][32.574s][info][gc,task       ] GC(15) Using 8 workers of 8 for evacuation
[2023-12-18T12:08:25.433-1000][32.591s][info][gc,phases     ] GC(15)   Pre Evacuate Collection Set: 0.0ms
[2023-12-18T12:08:25.433-1000][32.591s][info][gc,phases     ] GC(15)   Evacuate Collection Set: 15.2ms
[2023-12-18T12:08:25.433-1000][32.591s][info][gc,phases     ] GC(15)   Post Evacuate Collection Set: 1.5ms
[2023-12-18T12:08:25.433-1000][32.591s][info][gc,phases     ] GC(15)   Other: 0.2ms
[2023-12-18T12:08:25.433-1000][32.591s][info][gc,heap       ] GC(15) Eden regions: 282->0(282)
[2023-12-18T12:08:25.433-1000][32.591s][info][gc,heap       ] GC(15) Survivor regions: 25->25(39)
[2023-12-18T12:08:25.433-1000][32.591s][info][gc,heap       ] GC(15) Old regions: 54->65
[2023-12-18T12:08:25.433-1000][32.591s][info][gc,heap       ] GC(15) Humongous regions: 23->23
[2023-12-18T12:08:25.433-1000][32.591s][info][gc,metaspace  ] GC(15) Metaspace: 114893K->114893K(1153024K)
[2023-12-18T12:08:25.433-1000][32.591s][info][gc            ] GC(15) Pause Young (Normal) (G1 Evacuation Pause) 383M->112M(512M) 16.978ms
[2023-12-18T12:08:25.433-1000][32.591s][info][gc,cpu        ] GC(15) User=0.12s Sys=0.01s Real=0.02s
[2023-12-18T12:08:26.157-1000][33.315s][info][gc,start      ] GC(16) Pause Young (Normal) (G1 Evacuation Pause)
[2023-12-18T12:08:26.157-1000][33.315s][info][gc,task       ] GC(16) Using 8 workers of 8 for evacuation
[2023-12-18T12:08:26.173-1000][33.331s][info][gc,phases     ] GC(16)   Pre Evacuate Collection Set: 0.0ms
[2023-12-18T12:08:26.173-1000][33.331s][info][gc,phases     ] GC(16)   Evacuate Collection Set: 14.5ms
[2023-12-18T12:08:26.173-1000][33.331s][info][gc,phases     ] GC(16)   Post Evacuate Collection Set: 1.3ms
[2023-12-18T12:08:26.173-1000][33.331s][info][gc,phases     ] GC(16)   Other: 0.3ms
[2023-12-18T12:08:26.173-1000][33.331s][info][gc,heap       ] GC(16) Eden regions: 282->0(289)
[2023-12-18T12:08:26.173-1000][33.331s][info][gc,heap       ] GC(16) Survivor regions: 25->18(39)
[2023-12-18T12:08:26.173-1000][33.331s][info][gc,heap       ] GC(16) Old regions: 65->77
[2023-12-18T12:08:26.173-1000][33.331s][info][gc,heap       ] GC(16) Humongous regions: 23->23
[2023-12-18T12:08:26.173-1000][33.331s][info][gc,metaspace  ] GC(16) Metaspace: 115963K->115963K(1153024K)
[2023-12-18T12:08:26.173-1000][33.331s][info][gc            ] GC(16) Pause Young (Normal) (G1 Evacuation Pause) 394M->117M(512M) 16.211ms
[2023-12-18T12:08:26.173-1000][33.331s][info][gc,cpu        ] GC(16) User=0.10s Sys=0.01s Real=0.02s
[2023-12-18T12:08:26.777-1000][33.935s][info][gc,start      ] GC(17) Pause Young (Normal) (G1 Evacuation Pause)
[2023-12-18T12:08:26.777-1000][33.935s][info][gc,task       ] GC(17) Using 8 workers of 8 for evacuation
[2023-12-18T12:08:26.786-1000][33.944s][info][gc,phases     ] GC(17)   Pre Evacuate Collection Set: 0.0ms
[2023-12-18T12:08:26.787-1000][33.944s][info][gc,phases     ] GC(17)   Evacuate Collection Set: 8.1ms
[2023-12-18T12:08:26.787-1000][33.944s][info][gc,phases     ] GC(17)   Post Evacuate Collection Set: 1.2ms
[2023-12-18T12:08:26.787-1000][33.944s][info][gc,phases     ] GC(17)   Other: 0.2ms
[2023-12-18T12:08:26.787-1000][33.944s][info][gc,heap       ] GC(17) Eden regions: 289->0(286)
[2023-12-18T12:08:26.787-1000][33.944s][info][gc,heap       ] GC(17) Survivor regions: 18->21(39)
[2023-12-18T12:08:26.787-1000][33.944s][info][gc,heap       ] GC(17) Old regions: 77->77
[2023-12-18T12:08:26.787-1000][33.944s][info][gc,heap       ] GC(17) Humongous regions: 23->23
[2023-12-18T12:08:26.787-1000][33.944s][info][gc,metaspace  ] GC(17) Metaspace: 116476K->116476K(1155072K)
[2023-12-18T12:08:26.787-1000][33.944s][info][gc            ] GC(17) Pause Young (Normal) (G1 Evacuation Pause) 406M->120M(512M) 9.669ms
[2023-12-18T12:08:26.787-1000][33.945s][info][gc,cpu        ] GC(17) User=0.06s Sys=0.01s Real=0.01s
[2023-12-18T12:08:27.268-1000][34.426s][info][gc,start      ] GC(18) Pause Young (Normal) (G1 Evacuation Pause)
[2023-12-18T12:08:27.268-1000][34.426s][info][gc,task       ] GC(18) Using 8 workers of 8 for evacuation
[2023-12-18T12:08:27.278-1000][34.435s][info][gc,phases     ] GC(18)   Pre Evacuate Collection Set: 0.0ms
[2023-12-18T12:08:27.278-1000][34.436s][info][gc,phases     ] GC(18)   Evacuate Collection Set: 9.2ms
[2023-12-18T12:08:27.278-1000][34.436s][info][gc,phases     ] GC(18)   Post Evacuate Collection Set: 0.5ms
[2023-12-18T12:08:27.278-1000][34.436s][info][gc,phases     ] GC(18)   Other: 0.2ms
[2023-12-18T12:08:27.278-1000][34.436s][info][gc,heap       ] GC(18) Eden regions: 286->0(283)
[2023-12-18T12:08:27.278-1000][34.436s][info][gc,heap       ] GC(18) Survivor regions: 21->24(39)
[2023-12-18T12:08:27.278-1000][34.436s][info][gc,heap       ] GC(18) Old regions: 77->77
[2023-12-18T12:08:27.278-1000][34.436s][info][gc,heap       ] GC(18) Humongous regions: 23->23
[2023-12-18T12:08:27.278-1000][34.436s][info][gc,metaspace  ] GC(18) Metaspace: 117314K->117314K(1155072K)
[2023-12-18T12:08:27.278-1000][34.436s][info][gc            ] GC(18) Pause Young (Normal) (G1 Evacuation Pause) 406M->123M(512M) 9.987ms
[2023-12-18T12:08:27.278-1000][34.436s][info][gc,cpu        ] GC(18) User=0.07s Sys=0.00s Real=0.01s
[2023-12-18T12:08:27.794-1000][34.952s][info][gc,start      ] GC(19) Pause Young (Normal) (G1 Evacuation Pause)
[2023-12-18T12:08:27.794-1000][34.952s][info][gc,task       ] GC(19) Using 8 workers of 8 for evacuation
[2023-12-18T12:08:27.807-1000][34.965s][info][gc,phases     ] GC(19)   Pre Evacuate Collection Set: 0.0ms
[2023-12-18T12:08:27.807-1000][34.965s][info][gc,phases     ] GC(19)   Evacuate Collection Set: 11.8ms
[2023-12-18T12:08:27.807-1000][34.965s][info][gc,phases     ] GC(19)   Post Evacuate Collection Set: 0.7ms
[2023-12-18T12:08:27.807-1000][34.965s][info][gc,phases     ] GC(19)   Other: 0.2ms
[2023-12-18T12:08:27.807-1000][34.965s][info][gc,heap       ] GC(19) Eden regions: 283->0(291)
[2023-12-18T12:08:27.807-1000][34.965s][info][gc,heap       ] GC(19) Survivor regions: 24->16(39)
[2023-12-18T12:08:27.807-1000][34.965s][info][gc,heap       ] GC(19) Old regions: 77->88
[2023-12-18T12:08:27.807-1000][34.965s][info][gc,heap       ] GC(19) Humongous regions: 23->23
[2023-12-18T12:08:27.807-1000][34.965s][info][gc,metaspace  ] GC(19) Metaspace: 117547K->117547K(1155072K)
[2023-12-18T12:08:27.807-1000][34.965s][info][gc            ] GC(19) Pause Young (Normal) (G1 Evacuation Pause) 406M->126M(512M) 12.785ms
[2023-12-18T12:08:27.807-1000][34.965s][info][gc,cpu        ] GC(19) User=0.08s Sys=0.01s Real=0.01s
[2023-12-18T12:08:28.809-1000][35.966s][info][gc,start      ] GC(20) Pause Young (Normal) (G1 Evacuation Pause)
[2023-12-18T12:08:28.809-1000][35.966s][info][gc,task       ] GC(20) Using 8 workers of 8 for evacuation
[2023-12-18T12:08:28.817-1000][35.975s][info][gc,phases     ] GC(20)   Pre Evacuate Collection Set: 0.0ms
[2023-12-18T12:08:28.817-1000][35.975s][info][gc,phases     ] GC(20)   Evacuate Collection Set: 7.7ms
[2023-12-18T12:08:28.817-1000][35.975s][info][gc,phases     ] GC(20)   Post Evacuate Collection Set: 0.8ms
[2023-12-18T12:08:28.817-1000][35.975s][info][gc,phases     ] GC(20)   Other: 0.2ms
[2023-12-18T12:08:28.817-1000][35.975s][info][gc,heap       ] GC(20) Eden regions: 291->0(289)
[2023-12-18T12:08:28.817-1000][35.975s][info][gc,heap       ] GC(20) Survivor regions: 16->18(39)
[2023-12-18T12:08:28.817-1000][35.975s][info][gc,heap       ] GC(20) Old regions: 88->88
[2023-12-18T12:08:28.817-1000][35.975s][info][gc,heap       ] GC(20) Humongous regions: 23->23
[2023-12-18T12:08:28.817-1000][35.975s][info][gc,metaspace  ] GC(20) Metaspace: 124935K->124935K(1161216K)
[2023-12-18T12:08:28.817-1000][35.975s][info][gc            ] GC(20) Pause Young (Normal) (G1 Evacuation Pause) 417M->128M(512M) 8.910ms
[2023-12-18T12:08:28.817-1000][35.975s][info][gc,cpu        ] GC(20) User=0.07s Sys=0.01s Real=0.01s
[2023-12-18T12:34:56.192-1000][1496.006s][info][gc,start      ] GC(21) Pause Young (Normal) (G1 Evacuation Pause)
[2023-12-18T12:34:56.193-1000][1496.007s][info][gc,task       ] GC(21) Using 8 workers of 8 for evacuation
[2023-12-18T12:34:56.206-1000][1496.020s][info][gc,phases     ] GC(21)   Pre Evacuate Collection Set: 0.0ms
[2023-12-18T12:34:56.206-1000][1496.020s][info][gc,phases     ] GC(21)   Evacuate Collection Set: 12.4ms
[2023-12-18T12:34:56.206-1000][1496.020s][info][gc,phases     ] GC(21)   Post Evacuate Collection Set: 0.7ms
[2023-12-18T12:34:56.206-1000][1496.020s][info][gc,phases     ] GC(21)   Other: 1.4ms
[2023-12-18T12:34:56.206-1000][1496.021s][info][gc,heap       ] GC(21) Eden regions: 289->0(285)
[2023-12-18T12:34:56.206-1000][1496.021s][info][gc,heap       ] GC(21) Survivor regions: 18->22(39)
[2023-12-18T12:34:56.206-1000][1496.021s][info][gc,heap       ] GC(21) Old regions: 88->88
[2023-12-18T12:34:56.206-1000][1496.021s][info][gc,heap       ] GC(21) Humongous regions: 23->23
[2023-12-18T12:34:56.206-1000][1496.021s][info][gc,metaspace  ] GC(21) Metaspace: 129272K->129272K(1165312K)
[2023-12-18T12:34:56.206-1000][1496.021s][info][gc            ] GC(21) Pause Young (Normal) (G1 Evacuation Pause) 417M->132M(512M) 14.673ms
[2023-12-18T12:34:56.206-1000][1496.021s][info][gc,cpu        ] GC(21) User=0.10s Sys=0.01s Real=0.01s
[2023-12-18T13:10:17.870-1000][3617.630s][info][gc,start      ] GC(22) Pause Young (Normal) (G1 Evacuation Pause)
[2023-12-18T13:10:17.870-1000][3617.630s][info][gc,task       ] GC(22) Using 8 workers of 8 for evacuation
[2023-12-18T13:10:17.890-1000][3617.650s][info][gc,phases     ] GC(22)   Pre Evacuate Collection Set: 0.0ms
[2023-12-18T13:10:17.890-1000][3617.650s][info][gc,phases     ] GC(22)   Evacuate Collection Set: 16.5ms
[2023-12-18T13:10:17.890-1000][3617.650s][info][gc,phases     ] GC(22)   Post Evacuate Collection Set: 2.9ms
[2023-12-18T13:10:17.890-1000][3617.650s][info][gc,phases     ] GC(22)   Other: 0.7ms
[2023-12-18T13:10:17.890-1000][3617.650s][info][gc,heap       ] GC(22) Eden regions: 285->0(291)
[2023-12-18T13:10:17.890-1000][3617.650s][info][gc,heap       ] GC(22) Survivor regions: 22->16(39)
[2023-12-18T13:10:17.890-1000][3617.650s][info][gc,heap       ] GC(22) Old regions: 88->94
[2023-12-18T13:10:17.890-1000][3617.650s][info][gc,heap       ] GC(22) Humongous regions: 23->23
[2023-12-18T13:10:17.890-1000][3617.650s][info][gc,metaspace  ] GC(22) Metaspace: 129832K->129832K(1165312K)
[2023-12-18T13:10:17.890-1000][3617.650s][info][gc            ] GC(22) Pause Young (Normal) (G1 Evacuation Pause) 417M->132M(512M) 20.239ms
[2023-12-18T13:10:17.890-1000][3617.650s][info][gc,cpu        ] GC(22) User=0.12s Sys=0.01s Real=0.02s
[2023-12-18T13:34:30.270-1000][5069.998s][info][gc,start      ] GC(23) Pause Young (Normal) (G1 Evacuation Pause)
[2023-12-18T13:34:30.272-1000][5070.000s][info][gc,task       ] GC(23) Using 8 workers of 8 for evacuation
[2023-12-18T13:34:30.286-1000][5070.014s][info][gc,phases     ] GC(23)   Pre Evacuate Collection Set: 0.0ms
[2023-12-18T13:34:30.286-1000][5070.014s][info][gc,phases     ] GC(23)   Evacuate Collection Set: 12.0ms
[2023-12-18T13:34:30.286-1000][5070.014s][info][gc,phases     ] GC(23)   Post Evacuate Collection Set: 1.1ms
[2023-12-18T13:34:30.286-1000][5070.014s][info][gc,phases     ] GC(23)   Other: 2.4ms
[2023-12-18T13:34:30.286-1000][5070.014s][info][gc,heap       ] GC(23) Eden regions: 291->0(290)
[2023-12-18T13:34:30.286-1000][5070.014s][info][gc,heap       ] GC(23) Survivor regions: 16->17(39)
[2023-12-18T13:34:30.286-1000][5070.014s][info][gc,heap       ] GC(23) Old regions: 94->94
[2023-12-18T13:34:30.286-1000][5070.014s][info][gc,heap       ] GC(23) Humongous regions: 23->23
[2023-12-18T13:34:30.286-1000][5070.014s][info][gc,metaspace  ] GC(23) Metaspace: 130417K->130417K(1167360K)
[2023-12-18T13:34:30.286-1000][5070.014s][info][gc            ] GC(23) Pause Young (Normal) (G1 Evacuation Pause) 423M->132M(512M) 15.662ms
[2023-12-18T13:34:30.286-1000][5070.014s][info][gc,cpu        ] GC(23) User=0.09s Sys=0.01s Real=0.01s
[2023-12-18T14:23:47.720-1000][7443.800s][info][gc,start      ] GC(24) Pause Young (Normal) (G1 Evacuation Pause)
[2023-12-18T14:23:47.721-1000][7443.801s][info][gc,task       ] GC(24) Using 8 workers of 8 for evacuation
[2023-12-18T14:23:47.733-1000][7443.814s][info][gc,phases     ] GC(24)   Pre Evacuate Collection Set: 0.0ms
[2023-12-18T14:23:47.734-1000][7443.814s][info][gc,phases     ] GC(24)   Evacuate Collection Set: 11.5ms
[2023-12-18T14:23:47.734-1000][7443.814s][info][gc,phases     ] GC(24)   Post Evacuate Collection Set: 0.8ms
[2023-12-18T14:23:47.734-1000][7443.814s][info][gc,phases     ] GC(24)   Other: 1.7ms
[2023-12-18T14:23:47.734-1000][7443.814s][info][gc,heap       ] GC(24) Eden regions: 290->0(291)
[2023-12-18T14:23:47.734-1000][7443.814s][info][gc,heap       ] GC(24) Survivor regions: 17->16(39)
[2023-12-18T14:23:47.734-1000][7443.814s][info][gc,heap       ] GC(24) Old regions: 94->94
[2023-12-18T14:23:47.734-1000][7443.814s][info][gc,heap       ] GC(24) Humongous regions: 23->23
[2023-12-18T14:23:47.734-1000][7443.814s][info][gc,metaspace  ] GC(24) Metaspace: 130524K->130524K(1167360K)
[2023-12-18T14:23:47.734-1000][7443.814s][info][gc            ] GC(24) Pause Young (Normal) (G1 Evacuation Pause) 422M->131M(512M) 14.187ms
[2023-12-18T14:23:47.734-1000][7443.814s][info][gc,cpu        ] GC(24) User=0.09s Sys=0.00s Real=0.01s
[2023-12-18T15:05:00.440-1000][9846.065s][info][gc,start      ] GC(25) Pause Young (Normal) (G1 Evacuation Pause)
[2023-12-18T15:05:00.441-1000][9846.066s][info][gc,task       ] GC(25) Using 8 workers of 8 for evacuation
[2023-12-18T15:05:00.451-1000][9846.076s][info][gc,phases     ] GC(25)   Pre Evacuate Collection Set: 0.0ms
[2023-12-18T15:05:00.451-1000][9846.077s][info][gc,phases     ] GC(25)   Evacuate Collection Set: 7.8ms
[2023-12-18T15:05:00.451-1000][9846.077s][info][gc,phases     ] GC(25)   Post Evacuate Collection Set: 2.0ms
[2023-12-18T15:05:00.451-1000][9846.077s][info][gc,phases     ] GC(25)   Other: 1.2ms
[2023-12-18T15:05:00.451-1000][9846.077s][info][gc,heap       ] GC(25) Eden regions: 291->0(291)
[2023-12-18T15:05:00.451-1000][9846.077s][info][gc,heap       ] GC(25) Survivor regions: 16->16(39)
[2023-12-18T15:05:00.451-1000][9846.077s][info][gc,heap       ] GC(25) Old regions: 94->94
[2023-12-18T15:05:00.451-1000][9846.077s][info][gc,heap       ] GC(25) Humongous regions: 23->23
[2023-12-18T15:05:00.452-1000][9846.077s][info][gc,metaspace  ] GC(25) Metaspace: 130624K->130624K(1167360K)
[2023-12-18T15:05:00.452-1000][9846.077s][info][gc            ] GC(25) Pause Young (Normal) (G1 Evacuation Pause) 422M->131M(512M) 11.186ms
[2023-12-18T15:05:00.452-1000][9846.077s][info][gc,cpu        ] GC(25) User=0.08s Sys=0.00s Real=0.01s
[2023-12-18T15:45:12.934-1000][12098.564s][info][gc,start      ] GC(26) Pause Young (Normal) (G1 Evacuation Pause)
[2023-12-18T15:45:12.935-1000][12098.565s][info][gc,task       ] GC(26) Using 8 workers of 8 for evacuation
[2023-12-18T15:45:12.949-1000][12098.579s][info][gc,phases     ] GC(26)   Pre Evacuate Collection Set: 0.0ms
[2023-12-18T15:45:12.949-1000][12098.579s][info][gc,phases     ] GC(26)   Evacuate Collection Set: 11.3ms
[2023-12-18T15:45:12.949-1000][12098.579s][info][gc,phases     ] GC(26)   Post Evacuate Collection Set: 2.2ms
[2023-12-18T15:45:12.949-1000][12098.579s][info][gc,phases     ] GC(26)   Other: 1.3ms
[2023-12-18T15:45:12.949-1000][12098.579s][info][gc,heap       ] GC(26) Eden regions: 291->0(291)
[2023-12-18T15:45:12.949-1000][12098.579s][info][gc,heap       ] GC(26) Survivor regions: 16->16(39)
[2023-12-18T15:45:12.949-1000][12098.579s][info][gc,heap       ] GC(26) Old regions: 94->94
[2023-12-18T15:45:12.949-1000][12098.579s][info][gc,heap       ] GC(26) Humongous regions: 23->23
[2023-12-18T15:45:12.949-1000][12098.579s][info][gc,metaspace  ] GC(26) Metaspace: 130731K->130731K(1167360K)
[2023-12-18T15:45:12.949-1000][12098.579s][info][gc            ] GC(26) Pause Young (Normal) (G1 Evacuation Pause) 422M->132M(512M) 14.917ms
[2023-12-18T15:45:12.949-1000][12098.579s][info][gc,cpu        ] GC(26) User=0.09s Sys=0.00s Real=0.01s
[2023-12-18T23:30:20.880-1000][14948.158s][info][gc,start      ] GC(27) Pause Young (Normal) (G1 Evacuation Pause)
[2023-12-18T23:30:20.882-1000][14948.159s][info][gc,task       ] GC(27) Using 8 workers of 8 for evacuation
[2023-12-18T23:30:20.967-1000][14948.245s][info][gc,phases     ] GC(27)   Pre Evacuate Collection Set: 5.4ms
[2023-12-18T23:30:20.968-1000][14948.245s][info][gc,phases     ] GC(27)   Evacuate Collection Set: 75.8ms
[2023-12-18T23:30:20.968-1000][14948.245s][info][gc,phases     ] GC(27)   Post Evacuate Collection Set: 1.1ms
[2023-12-18T23:30:20.968-1000][14948.245s][info][gc,phases     ] GC(27)   Other: 5.1ms
[2023-12-18T23:30:20.968-1000][14948.245s][info][gc,heap       ] GC(27) Eden regions: 291->0(291)
[2023-12-18T23:30:20.968-1000][14948.245s][info][gc,heap       ] GC(27) Survivor regions: 16->16(39)
[2023-12-18T23:30:20.968-1000][14948.245s][info][gc,heap       ] GC(27) Old regions: 94->94
[2023-12-18T23:30:20.968-1000][14948.245s][info][gc,heap       ] GC(27) Humongous regions: 23->23
[2023-12-18T23:30:20.968-1000][14948.245s][info][gc,metaspace  ] GC(27) Metaspace: 130766K->130766K(1167360K)
[2023-12-18T23:30:20.968-1000][14948.245s][info][gc            ] GC(27) Pause Young (Normal) (G1 Evacuation Pause) 423M->131M(512M) 87.449ms
[2023-12-18T23:30:20.968-1000][14948.245s][info][gc,cpu        ] GC(27) User=0.08s Sys=0.32s Real=0.08s
[2023-12-19T00:08:00.267-1000][17207.513s][info][gc,start      ] GC(28) Pause Young (Normal) (G1 Evacuation Pause)
[2023-12-19T00:08:00.267-1000][17207.513s][info][gc,task       ] GC(28) Using 8 workers of 8 for evacuation
[2023-12-19T00:08:00.278-1000][17207.524s][info][gc,phases     ] GC(28)   Pre Evacuate Collection Set: 0.0ms
[2023-12-19T00:08:00.278-1000][17207.524s][info][gc,phases     ] GC(28)   Evacuate Collection Set: 9.6ms
[2023-12-19T00:08:00.278-1000][17207.524s][info][gc,phases     ] GC(28)   Post Evacuate Collection Set: 0.7ms
[2023-12-19T00:08:00.278-1000][17207.524s][info][gc,phases     ] GC(28)   Other: 0.2ms
[2023-12-19T00:08:00.278-1000][17207.524s][info][gc,heap       ] GC(28) Eden regions: 291->0(289)
[2023-12-19T00:08:00.278-1000][17207.524s][info][gc,heap       ] GC(28) Survivor regions: 16->18(39)
[2023-12-19T00:08:00.278-1000][17207.524s][info][gc,heap       ] GC(28) Old regions: 94->94
[2023-12-19T00:08:00.278-1000][17207.524s][info][gc,heap       ] GC(28) Humongous regions: 23->23
[2023-12-19T00:08:00.278-1000][17207.524s][info][gc,metaspace  ] GC(28) Metaspace: 133246K->133246K(1169408K)
[2023-12-19T00:08:00.278-1000][17207.524s][info][gc            ] GC(28) Pause Young (Normal) (G1 Evacuation Pause) 422M->133M(512M) 10.647ms
[2023-12-19T00:08:00.278-1000][17207.524s][info][gc,cpu        ] GC(28) User=0.06s Sys=0.01s Real=0.01s
[2023-12-19T00:54:46.647-1000][20013.775s][info][gc,start      ] GC(29) Pause Young (Normal) (G1 Evacuation Pause)
[2023-12-19T00:54:46.647-1000][20013.775s][info][gc,task       ] GC(29) Using 8 workers of 8 for evacuation
[2023-12-19T00:54:46.661-1000][20013.789s][info][gc,phases     ] GC(29)   Pre Evacuate Collection Set: 0.0ms
[2023-12-19T00:54:46.661-1000][20013.789s][info][gc,phases     ] GC(29)   Evacuate Collection Set: 12.5ms
[2023-12-19T00:54:46.661-1000][20013.789s][info][gc,phases     ] GC(29)   Post Evacuate Collection Set: 0.8ms
[2023-12-19T00:54:46.661-1000][20013.789s][info][gc,phases     ] GC(29)   Other: 0.5ms
[2023-12-19T00:54:46.661-1000][20013.789s][info][gc,heap       ] GC(29) Eden regions: 289->0(289)
[2023-12-19T00:54:46.661-1000][20013.789s][info][gc,heap       ] GC(29) Survivor regions: 18->18(39)
[2023-12-19T00:54:46.661-1000][20013.789s][info][gc,heap       ] GC(29) Old regions: 94->94
[2023-12-19T00:54:46.661-1000][20013.789s][info][gc,heap       ] GC(29) Humongous regions: 23->23
[2023-12-19T00:54:46.661-1000][20013.789s][info][gc,metaspace  ] GC(29) Metaspace: 133253K->133253K(1169408K)
[2023-12-19T00:54:46.661-1000][20013.789s][info][gc            ] GC(29) Pause Young (Normal) (G1 Evacuation Pause) 422M->133M(512M) 13.867ms
[2023-12-19T00:54:46.661-1000][20013.789s][info][gc,cpu        ] GC(29) User=0.10s Sys=0.00s Real=0.02s
[2023-12-19T01:41:50.555-1000][22837.592s][info][gc,start      ] GC(30) Pause Young (Normal) (G1 Evacuation Pause)
[2023-12-19T01:41:50.555-1000][22837.592s][info][gc,task       ] GC(30) Using 8 workers of 8 for evacuation
[2023-12-19T01:41:50.568-1000][22837.605s][info][gc,phases     ] GC(30)   Pre Evacuate Collection Set: 0.0ms
[2023-12-19T01:41:50.568-1000][22837.605s][info][gc,phases     ] GC(30)   Evacuate Collection Set: 12.0ms
[2023-12-19T01:41:50.568-1000][22837.605s][info][gc,phases     ] GC(30)   Post Evacuate Collection Set: 0.7ms
[2023-12-19T01:41:50.568-1000][22837.605s][info][gc,phases     ] GC(30)   Other: 0.4ms
[2023-12-19T01:41:50.568-1000][22837.605s][info][gc,heap       ] GC(30) Eden regions: 289->0(290)
[2023-12-19T01:41:50.568-1000][22837.605s][info][gc,heap       ] GC(30) Survivor regions: 18->17(39)
[2023-12-19T01:41:50.568-1000][22837.605s][info][gc,heap       ] GC(30) Old regions: 94->94
[2023-12-19T01:41:50.568-1000][22837.605s][info][gc,heap       ] GC(30) Humongous regions: 23->23
[2023-12-19T01:41:50.568-1000][22837.605s][info][gc,metaspace  ] GC(30) Metaspace: 133283K->133283K(1169408K)
[2023-12-19T01:41:50.568-1000][22837.605s][info][gc            ] GC(30) Pause Young (Normal) (G1 Evacuation Pause) 422M->133M(512M) 13.216ms
[2023-12-19T01:41:50.568-1000][22837.605s][info][gc,cpu        ] GC(30) User=0.10s Sys=0.01s Real=0.01s
[2023-12-19T02:29:11.426-1000][25678.458s][info][gc,start      ] GC(31) Pause Young (Normal) (G1 Evacuation Pause)
[2023-12-19T02:29:11.428-1000][25678.460s][info][gc,task       ] GC(31) Using 8 workers of 8 for evacuation
[2023-12-19T02:29:11.442-1000][25678.473s][info][gc,phases     ] GC(31)   Pre Evacuate Collection Set: 0.0ms
[2023-12-19T02:29:11.442-1000][25678.473s][info][gc,phases     ] GC(31)   Evacuate Collection Set: 12.7ms
[2023-12-19T02:29:11.442-1000][25678.473s][info][gc,phases     ] GC(31)   Post Evacuate Collection Set: 0.7ms
[2023-12-19T02:29:11.442-1000][25678.474s][info][gc,phases     ] GC(31)   Other: 2.3ms
[2023-12-19T02:29:11.442-1000][25678.474s][info][gc,heap       ] GC(31) Eden regions: 290->0(289)
[2023-12-19T02:29:11.442-1000][25678.474s][info][gc,heap       ] GC(31) Survivor regions: 17->18(39)
[2023-12-19T02:29:11.442-1000][25678.474s][info][gc,heap       ] GC(31) Old regions: 94->94
[2023-12-19T02:29:11.442-1000][25678.474s][info][gc,heap       ] GC(31) Humongous regions: 23->23
[2023-12-19T02:29:11.442-1000][25678.474s][info][gc,metaspace  ] GC(31) Metaspace: 133324K->133324K(1169408K)
[2023-12-19T02:29:11.442-1000][25678.474s][info][gc            ] GC(31) Pause Young (Normal) (G1 Evacuation Pause) 423M->133M(512M) 15.831ms
[2023-12-19T02:29:11.442-1000][25678.474s][info][gc,cpu        ] GC(31) User=0.10s Sys=0.00s Real=0.02s
[2023-12-19T03:16:21.377-1000][28508.376s][info][gc,start      ] GC(32) Pause Young (Normal) (G1 Evacuation Pause)
[2023-12-19T03:16:21.377-1000][28508.376s][info][gc,task       ] GC(32) Using 8 workers of 8 for evacuation
[2023-12-19T03:16:21.391-1000][28508.390s][info][gc,phases     ] GC(32)   Pre Evacuate Collection Set: 0.0ms
[2023-12-19T03:16:21.391-1000][28508.390s][info][gc,phases     ] GC(32)   Evacuate Collection Set: 13.2ms
[2023-12-19T03:16:21.391-1000][28508.390s][info][gc,phases     ] GC(32)   Post Evacuate Collection Set: 0.6ms
[2023-12-19T03:16:21.391-1000][28508.390s][info][gc,phases     ] GC(32)   Other: 0.4ms
[2023-12-19T03:16:21.391-1000][28508.390s][info][gc,heap       ] GC(32) Eden regions: 289->0(293)
[2023-12-19T03:16:21.391-1000][28508.390s][info][gc,heap       ] GC(32) Survivor regions: 18->14(39)
[2023-12-19T03:16:21.391-1000][28508.390s][info][gc,heap       ] GC(32) Old regions: 94->97
[2023-12-19T03:16:21.391-1000][28508.390s][info][gc,heap       ] GC(32) Humongous regions: 23->23
[2023-12-19T03:16:21.391-1000][28508.390s][info][gc,metaspace  ] GC(32) Metaspace: 133334K->133334K(1169408K)
[2023-12-19T03:16:21.391-1000][28508.391s][info][gc            ] GC(32) Pause Young (Normal) (G1 Evacuation Pause) 422M->133M(512M) 14.487ms
[2023-12-19T03:16:21.391-1000][28508.391s][info][gc,cpu        ] GC(32) User=0.10s Sys=0.01s Real=0.02s
[2023-12-19T04:04:13.367-1000][31380.277s][info][gc,start      ] GC(33) Pause Young (Normal) (G1 Evacuation Pause)
[2023-12-19T04:04:13.367-1000][31380.277s][info][gc,task       ] GC(33) Using 8 workers of 8 for evacuation
[2023-12-19T04:04:13.380-1000][31380.290s][info][gc,phases     ] GC(33)   Pre Evacuate Collection Set: 0.0ms
[2023-12-19T04:04:13.380-1000][31380.290s][info][gc,phases     ] GC(33)   Evacuate Collection Set: 11.9ms
[2023-12-19T04:04:13.380-1000][31380.290s][info][gc,phases     ] GC(33)   Post Evacuate Collection Set: 0.7ms
[2023-12-19T04:04:13.380-1000][31380.290s][info][gc,phases     ] GC(33)   Other: 0.5ms
[2023-12-19T04:04:13.380-1000][31380.290s][info][gc,heap       ] GC(33) Eden regions: 293->0(295)
[2023-12-19T04:04:13.380-1000][31380.290s][info][gc,heap       ] GC(33) Survivor regions: 14->12(39)
[2023-12-19T04:04:13.380-1000][31380.290s][info][gc,heap       ] GC(33) Old regions: 97->99
[2023-12-19T04:04:13.380-1000][31380.290s][info][gc,heap       ] GC(33) Humongous regions: 23->23
[2023-12-19T04:04:13.380-1000][31380.290s][info][gc,metaspace  ] GC(33) Metaspace: 133370K->133370K(1169408K)
[2023-12-19T04:04:13.380-1000][31380.290s][info][gc            ] GC(33) Pause Young (Normal) (G1 Evacuation Pause) 426M->133M(512M) 13.210ms
[2023-12-19T04:04:13.380-1000][31380.290s][info][gc,cpu        ] GC(33) User=0.10s Sys=0.01s Real=0.02s
[2023-12-19T04:52:26.555-1000][34273.405s][info][gc,start      ] GC(34) Pause Young (Normal) (G1 Evacuation Pause)
[2023-12-19T04:52:26.555-1000][34273.405s][info][gc,task       ] GC(34) Using 8 workers of 8 for evacuation
[2023-12-19T04:52:26.568-1000][34273.417s][info][gc,phases     ] GC(34)   Pre Evacuate Collection Set: 0.0ms
[2023-12-19T04:52:26.568-1000][34273.417s][info][gc,phases     ] GC(34)   Evacuate Collection Set: 11.4ms
[2023-12-19T04:52:26.568-1000][34273.417s][info][gc,phases     ] GC(34)   Post Evacuate Collection Set: 0.8ms
[2023-12-19T04:52:26.568-1000][34273.417s][info][gc,phases     ] GC(34)   Other: 0.5ms
[2023-12-19T04:52:26.568-1000][34273.417s][info][gc,heap       ] GC(34) Eden regions: 295->0(298)
[2023-12-19T04:52:26.568-1000][34273.417s][info][gc,heap       ] GC(34) Survivor regions: 12->9(39)
[2023-12-19T04:52:26.568-1000][34273.417s][info][gc,heap       ] GC(34) Old regions: 99->102
[2023-12-19T04:52:26.568-1000][34273.417s][info][gc,heap       ] GC(34) Humongous regions: 23->23
[2023-12-19T04:52:26.568-1000][34273.417s][info][gc,metaspace  ] GC(34) Metaspace: 133379K->133379K(1169408K)
[2023-12-19T04:52:26.568-1000][34273.417s][info][gc            ] GC(34) Pause Young (Normal) (G1 Evacuation Pause) 428M->133M(512M) 12.778ms
[2023-12-19T04:52:26.568-1000][34273.417s][info][gc,cpu        ] GC(34) User=0.09s Sys=0.00s Real=0.01s
[2023-12-19T05:41:11.128-1000][37198.002s][info][gc,start      ] GC(35) Pause Young (Normal) (G1 Evacuation Pause)
[2023-12-19T05:41:11.128-1000][37198.002s][info][gc,task       ] GC(35) Using 8 workers of 8 for evacuation
[2023-12-19T05:41:11.140-1000][37198.014s][info][gc,phases     ] GC(35)   Pre Evacuate Collection Set: 0.0ms
[2023-12-19T05:41:11.140-1000][37198.014s][info][gc,phases     ] GC(35)   Evacuate Collection Set: 10.7ms
[2023-12-19T05:41:11.140-1000][37198.014s][info][gc,phases     ] GC(35)   Post Evacuate Collection Set: 0.7ms
[2023-12-19T05:41:11.140-1000][37198.014s][info][gc,phases     ] GC(35)   Other: 0.5ms
[2023-12-19T05:41:11.140-1000][37198.014s][info][gc,heap       ] GC(35) Eden regions: 298->0(301)
[2023-12-19T05:41:11.140-1000][37198.014s][info][gc,heap       ] GC(35) Survivor regions: 9->6(39)
[2023-12-19T05:41:11.140-1000][37198.014s][info][gc,heap       ] GC(35) Old regions: 102->105
[2023-12-19T05:41:11.140-1000][37198.014s][info][gc,heap       ] GC(35) Humongous regions: 23->23
[2023-12-19T05:41:11.140-1000][37198.014s][info][gc,metaspace  ] GC(35) Metaspace: 133380K->133380K(1169408K)
[2023-12-19T05:41:11.140-1000][37198.014s][info][gc            ] GC(35) Pause Young (Normal) (G1 Evacuation Pause) 431M->133M(512M) 12.024ms
[2023-12-19T05:41:11.140-1000][37198.014s][info][gc,cpu        ] GC(35) User=0.08s Sys=0.00s Real=0.02s
[2023-12-19T06:30:23.720-1000][40150.450s][info][gc,start      ] GC(36) Pause Young (Normal) (G1 Evacuation Pause)
[2023-12-19T06:30:23.720-1000][40150.450s][info][gc,task       ] GC(36) Using 8 workers of 8 for evacuation
[2023-12-19T06:30:23.729-1000][40150.459s][info][gc,phases     ] GC(36)   Pre Evacuate Collection Set: 0.0ms
[2023-12-19T06:30:23.729-1000][40150.459s][info][gc,phases     ] GC(36)   Evacuate Collection Set: 8.3ms
[2023-12-19T06:30:23.729-1000][40150.459s][info][gc,phases     ] GC(36)   Post Evacuate Collection Set: 0.7ms
[2023-12-19T06:30:23.729-1000][40150.459s][info][gc,phases     ] GC(36)   Other: 0.5ms
[2023-12-19T06:30:23.729-1000][40150.459s][info][gc,heap       ] GC(36) Eden regions: 301->0(304)
[2023-12-19T06:30:23.729-1000][40150.459s][info][gc,heap       ] GC(36) Survivor regions: 6->3(39)
[2023-12-19T06:30:23.729-1000][40150.459s][info][gc,heap       ] GC(36) Old regions: 105->108
[2023-12-19T06:30:23.729-1000][40150.459s][info][gc,heap       ] GC(36) Humongous regions: 23->23
[2023-12-19T06:30:23.729-1000][40150.459s][info][gc,metaspace  ] GC(36) Metaspace: 133389K->133389K(1169408K)
[2023-12-19T06:30:23.729-1000][40150.459s][info][gc            ] GC(36) Pause Young (Normal) (G1 Evacuation Pause) 434M->133M(512M) 9.697ms
[2023-12-19T06:30:23.729-1000][40150.459s][info][gc,cpu        ] GC(36) User=0.06s Sys=0.00s Real=0.00s
[2023-12-19T07:20:08.817-1000][43135.498s][info][gc,start      ] GC(37) Pause Young (Normal) (G1 Evacuation Pause)
[2023-12-19T07:20:08.817-1000][43135.498s][info][gc,task       ] GC(37) Using 8 workers of 8 for evacuation
[2023-12-19T07:20:08.823-1000][43135.504s][info][gc,phases     ] GC(37)   Pre Evacuate Collection Set: 0.0ms
[2023-12-19T07:20:08.823-1000][43135.504s][info][gc,phases     ] GC(37)   Evacuate Collection Set: 4.8ms
[2023-12-19T07:20:08.823-1000][43135.504s][info][gc,phases     ] GC(37)   Post Evacuate Collection Set: 0.6ms
[2023-12-19T07:20:08.823-1000][43135.504s][info][gc,phases     ] GC(37)   Other: 0.4ms
[2023-12-19T07:20:08.823-1000][43135.504s][info][gc,heap       ] GC(37) Eden regions: 304->0(304)
[2023-12-19T07:20:08.823-1000][43135.504s][info][gc,heap       ] GC(37) Survivor regions: 3->3(39)
[2023-12-19T07:20:08.823-1000][43135.504s][info][gc,heap       ] GC(37) Old regions: 108->109
[2023-12-19T07:20:08.823-1000][43135.504s][info][gc,heap       ] GC(37) Humongous regions: 23->23
[2023-12-19T07:20:08.823-1000][43135.504s][info][gc,metaspace  ] GC(37) Metaspace: 133389K->133389K(1169408K)
[2023-12-19T07:20:08.823-1000][43135.504s][info][gc            ] GC(37) Pause Young (Normal) (G1 Evacuation Pause) 437M->133M(512M) 6.054ms
[2023-12-19T07:20:08.823-1000][43135.504s][info][gc,cpu        ] GC(37) User=0.04s Sys=0.00s Real=0.01s
[2023-12-19T08:09:58.043-1000][46124.669s][info][gc,start      ] GC(38) Pause Young (Normal) (G1 Evacuation Pause)
[2023-12-19T08:09:58.043-1000][46124.669s][info][gc,task       ] GC(38) Using 8 workers of 8 for evacuation
[2023-12-19T08:09:58.048-1000][46124.674s][info][gc,phases     ] GC(38)   Pre Evacuate Collection Set: 0.0ms
[2023-12-19T08:09:58.048-1000][46124.674s][info][gc,phases     ] GC(38)   Evacuate Collection Set: 3.8ms
[2023-12-19T08:09:58.048-1000][46124.674s][info][gc,phases     ] GC(38)   Post Evacuate Collection Set: 0.7ms
[2023-12-19T08:09:58.048-1000][46124.674s][info][gc,phases     ] GC(38)   Other: 0.5ms
[2023-12-19T08:09:58.048-1000][46124.674s][info][gc,heap       ] GC(38) Eden regions: 304->0(305)
[2023-12-19T08:09:58.048-1000][46124.674s][info][gc,heap       ] GC(38) Survivor regions: 3->2(39)
[2023-12-19T08:09:58.048-1000][46124.674s][info][gc,heap       ] GC(38) Old regions: 109->109
[2023-12-19T08:09:58.048-1000][46124.674s][info][gc,heap       ] GC(38) Humongous regions: 23->23
[2023-12-19T08:09:58.048-1000][46124.674s][info][gc,metaspace  ] GC(38) Metaspace: 133397K->133397K(1169408K)
[2023-12-19T08:09:58.048-1000][46124.674s][info][gc            ] GC(38) Pause Young (Normal) (G1 Evacuation Pause) 437M->133M(512M) 5.103ms
[2023-12-19T08:09:58.048-1000][46124.674s][info][gc,cpu        ] GC(38) User=0.03s Sys=0.00s Real=0.00s
[2023-12-19T08:59:51.072-1000][49117.685s][info][gc,start      ] GC(39) Pause Young (Normal) (G1 Evacuation Pause)
[2023-12-19T08:59:51.072-1000][49117.685s][info][gc,task       ] GC(39) Using 8 workers of 8 for evacuation
[2023-12-19T08:59:51.076-1000][49117.690s][info][gc,phases     ] GC(39)   Pre Evacuate Collection Set: 0.0ms
[2023-12-19T08:59:51.076-1000][49117.690s][info][gc,phases     ] GC(39)   Evacuate Collection Set: 3.4ms
[2023-12-19T08:59:51.076-1000][49117.690s][info][gc,phases     ] GC(39)   Post Evacuate Collection Set: 0.7ms
[2023-12-19T08:59:51.076-1000][49117.690s][info][gc,phases     ] GC(39)   Other: 0.5ms
[2023-12-19T08:59:51.076-1000][49117.690s][info][gc,heap       ] GC(39) Eden regions: 305->0(305)
[2023-12-19T08:59:51.076-1000][49117.690s][info][gc,heap       ] GC(39) Survivor regions: 2->2(39)
[2023-12-19T08:59:51.076-1000][49117.690s][info][gc,heap       ] GC(39) Old regions: 109->109
[2023-12-19T08:59:51.076-1000][49117.690s][info][gc,heap       ] GC(39) Humongous regions: 23->23
[2023-12-19T08:59:51.076-1000][49117.690s][info][gc,metaspace  ] GC(39) Metaspace: 133403K->133403K(1169408K)
[2023-12-19T08:59:51.076-1000][49117.690s][info][gc            ] GC(39) Pause Young (Normal) (G1 Evacuation Pause) 438M->133M(512M) 4.884ms
[2023-12-19T08:59:51.076-1000][49117.690s][info][gc,cpu        ] GC(39) User=0.03s Sys=0.00s Real=0.00s
[2023-12-19T10:29:58.169-1000][49511.742s][info][gc,start      ] GC(40) Pause Young (Normal) (G1 Evacuation Pause)
[2023-12-19T10:29:58.170-1000][49511.743s][info][gc,task       ] GC(40) Using 8 workers of 8 for evacuation
[2023-12-19T10:29:58.190-1000][49511.764s][info][gc,phases     ] GC(40)   Pre Evacuate Collection Set: 0.2ms
[2023-12-19T10:29:58.190-1000][49511.764s][info][gc,phases     ] GC(40)   Evacuate Collection Set: 17.5ms
[2023-12-19T10:29:58.190-1000][49511.764s][info][gc,phases     ] GC(40)   Post Evacuate Collection Set: 2.6ms
[2023-12-19T10:29:58.190-1000][49511.764s][info][gc,phases     ] GC(40)   Other: 1.1ms
[2023-12-19T10:29:58.190-1000][49511.764s][info][gc,heap       ] GC(40) Eden regions: 305->0(302)
[2023-12-19T10:29:58.190-1000][49511.764s][info][gc,heap       ] GC(40) Survivor regions: 2->5(39)
[2023-12-19T10:29:58.190-1000][49511.764s][info][gc,heap       ] GC(40) Old regions: 109->109
[2023-12-19T10:29:58.190-1000][49511.764s][info][gc,heap       ] GC(40) Humongous regions: 25->25
[2023-12-19T10:29:58.190-1000][49511.764s][info][gc,metaspace  ] GC(40) Metaspace: 133605K->133605K(1169408K)
[2023-12-19T10:29:58.190-1000][49511.764s][info][gc            ] GC(40) Pause Young (Normal) (G1 Evacuation Pause) 440M->137M(512M) 21.458ms
[2023-12-19T10:29:58.191-1000][49511.764s][info][gc,cpu        ] GC(40) User=0.08s Sys=0.06s Real=0.03s
[2023-12-19T10:29:58.540-1000][49512.113s][info][gc,start      ] GC(41) Pause Young (Normal) (G1 Evacuation Pause)
[2023-12-19T10:29:58.540-1000][49512.113s][info][gc,task       ] GC(41) Using 8 workers of 8 for evacuation
[2023-12-19T10:29:58.543-1000][49512.117s][info][gc,phases     ] GC(41)   Pre Evacuate Collection Set: 0.0ms
[2023-12-19T10:29:58.543-1000][49512.117s][info][gc,phases     ] GC(41)   Evacuate Collection Set: 2.7ms
[2023-12-19T10:29:58.543-1000][49512.117s][info][gc,phases     ] GC(41)   Post Evacuate Collection Set: 0.6ms
[2023-12-19T10:29:58.543-1000][49512.117s][info][gc,phases     ] GC(41)   Other: 0.3ms
[2023-12-19T10:29:58.543-1000][49512.117s][info][gc,heap       ] GC(41) Eden regions: 302->0(301)
[2023-12-19T10:29:58.543-1000][49512.117s][info][gc,heap       ] GC(41) Survivor regions: 5->6(39)
[2023-12-19T10:29:58.543-1000][49512.117s][info][gc,heap       ] GC(41) Old regions: 109->109
[2023-12-19T10:29:58.543-1000][49512.117s][info][gc,heap       ] GC(41) Humongous regions: 25->25
[2023-12-19T10:29:58.543-1000][49512.117s][info][gc,metaspace  ] GC(41) Metaspace: 133646K->133646K(1169408K)
[2023-12-19T10:29:58.543-1000][49512.117s][info][gc            ] GC(41) Pause Young (Normal) (G1 Evacuation Pause) 439M->139M(512M) 3.664ms
[2023-12-19T10:29:58.543-1000][49512.117s][info][gc,cpu        ] GC(41) User=0.03s Sys=0.00s Real=0.00s
[2023-12-19T10:29:58.870-1000][49512.443s][info][gc,start      ] GC(42) Pause Young (Normal) (G1 Evacuation Pause)
[2023-12-19T10:29:58.870-1000][49512.444s][info][gc,task       ] GC(42) Using 8 workers of 8 for evacuation
[2023-12-19T10:29:58.875-1000][49512.449s][info][gc,phases     ] GC(42)   Pre Evacuate Collection Set: 0.0ms
[2023-12-19T10:29:58.875-1000][49512.449s][info][gc,phases     ] GC(42)   Evacuate Collection Set: 4.3ms
[2023-12-19T10:29:58.875-1000][49512.449s][info][gc,phases     ] GC(42)   Post Evacuate Collection Set: 0.5ms
[2023-12-19T10:29:58.875-1000][49512.449s][info][gc,phases     ] GC(42)   Other: 0.3ms
[2023-12-19T10:29:58.875-1000][49512.449s][info][gc,heap       ] GC(42) Eden regions: 301->0(300)
[2023-12-19T10:29:58.875-1000][49512.449s][info][gc,heap       ] GC(42) Survivor regions: 6->7(39)
[2023-12-19T10:29:58.876-1000][49512.449s][info][gc,heap       ] GC(42) Old regions: 109->109
[2023-12-19T10:29:58.876-1000][49512.449s][info][gc,heap       ] GC(42) Humongous regions: 25->25
[2023-12-19T10:29:58.876-1000][49512.449s][info][gc,metaspace  ] GC(42) Metaspace: 133719K->133719K(1169408K)
[2023-12-19T10:29:58.876-1000][49512.449s][info][gc            ] GC(42) Pause Young (Normal) (G1 Evacuation Pause) 440M->140M(512M) 5.579ms
[2023-12-19T10:29:58.876-1000][49512.449s][info][gc,cpu        ] GC(42) User=0.03s Sys=0.01s Real=0.00s
[2023-12-19T10:52:44.012-1000][50877.564s][info][gc,start      ] GC(43) Pause Young (Normal) (G1 Evacuation Pause)
[2023-12-19T10:52:44.012-1000][50877.564s][info][gc,task       ] GC(43) Using 8 workers of 8 for evacuation
[2023-12-19T10:52:44.021-1000][50877.573s][info][gc,phases     ] GC(43)   Pre Evacuate Collection Set: 0.1ms
[2023-12-19T10:52:44.021-1000][50877.573s][info][gc,phases     ] GC(43)   Evacuate Collection Set: 7.9ms
[2023-12-19T10:52:44.021-1000][50877.573s][info][gc,phases     ] GC(43)   Post Evacuate Collection Set: 0.6ms
[2023-12-19T10:52:44.021-1000][50877.573s][info][gc,phases     ] GC(43)   Other: 0.5ms
[2023-12-19T10:52:44.021-1000][50877.573s][info][gc,heap       ] GC(43) Eden regions: 300->0(301)
[2023-12-19T10:52:44.021-1000][50877.573s][info][gc,heap       ] GC(43) Survivor regions: 7->6(39)
[2023-12-19T10:52:44.021-1000][50877.573s][info][gc,heap       ] GC(43) Old regions: 109->111
[2023-12-19T10:52:44.021-1000][50877.573s][info][gc,heap       ] GC(43) Humongous regions: 29->29
[2023-12-19T10:52:44.021-1000][50877.573s][info][gc,metaspace  ] GC(43) Metaspace: 134081K->134081K(1169408K)
[2023-12-19T10:52:44.021-1000][50877.573s][info][gc            ] GC(43) Pause Young (Normal) (G1 Evacuation Pause) 444M->144M(512M) 9.251ms
[2023-12-19T10:52:44.021-1000][50877.573s][info][gc,cpu        ] GC(43) User=0.05s Sys=0.00s Real=0.01s
[2023-12-19T11:39:44.985-1000][53698.491s][info][gc,start      ] GC(44) Pause Young (Normal) (G1 Evacuation Pause)
[2023-12-19T11:39:44.985-1000][53698.491s][info][gc,task       ] GC(44) Using 8 workers of 8 for evacuation
[2023-12-19T11:39:44.992-1000][53698.498s][info][gc,phases     ] GC(44)   Pre Evacuate Collection Set: 0.0ms
[2023-12-19T11:39:44.992-1000][53698.498s][info][gc,phases     ] GC(44)   Evacuate Collection Set: 5.7ms
[2023-12-19T11:39:44.992-1000][53698.498s][info][gc,phases     ] GC(44)   Post Evacuate Collection Set: 1.1ms
[2023-12-19T11:39:44.992-1000][53698.498s][info][gc,phases     ] GC(44)   Other: 0.5ms
[2023-12-19T11:39:44.992-1000][53698.498s][info][gc,heap       ] GC(44) Eden regions: 301->0(301)
[2023-12-19T11:39:44.992-1000][53698.498s][info][gc,heap       ] GC(44) Survivor regions: 6->6(39)
[2023-12-19T11:39:44.992-1000][53698.498s][info][gc,heap       ] GC(44) Old regions: 111->111
[2023-12-19T11:39:44.992-1000][53698.498s][info][gc,heap       ] GC(44) Humongous regions: 29->29
[2023-12-19T11:39:44.992-1000][53698.498s][info][gc,metaspace  ] GC(44) Metaspace: 134136K->134136K(1169408K)
[2023-12-19T11:39:44.993-1000][53698.498s][info][gc            ] GC(44) Pause Young (Normal) (G1 Evacuation Pause) 445M->145M(512M) 7.581ms
[2023-12-19T11:39:44.993-1000][53698.498s][info][gc,cpu        ] GC(44) User=0.04s Sys=0.00s Real=0.01s
[2023-12-19T12:23:58.564-1000][56351.958s][info][gc,start      ] GC(45) Pause Young (Normal) (G1 Evacuation Pause)
[2023-12-19T12:23:58.564-1000][56351.959s][info][gc,task       ] GC(45) Using 8 workers of 8 for evacuation
[2023-12-19T12:23:58.580-1000][56351.975s][info][gc,phases     ] GC(45)   Pre Evacuate Collection Set: 0.0ms
[2023-12-19T12:23:58.580-1000][56351.975s][info][gc,phases     ] GC(45)   Evacuate Collection Set: 15.2ms
[2023-12-19T12:23:58.580-1000][56351.975s][info][gc,phases     ] GC(45)   Post Evacuate Collection Set: 0.6ms
[2023-12-19T12:23:58.580-1000][56351.975s][info][gc,phases     ] GC(45)   Other: 0.5ms
[2023-12-19T12:23:58.580-1000][56351.975s][info][gc,heap       ] GC(45) Eden regions: 301->0(297)
[2023-12-19T12:23:58.580-1000][56351.975s][info][gc,heap       ] GC(45) Survivor regions: 6->10(39)
[2023-12-19T12:23:58.580-1000][56351.975s][info][gc,heap       ] GC(45) Old regions: 111->111
[2023-12-19T12:23:58.580-1000][56351.975s][info][gc,heap       ] GC(45) Humongous regions: 29->29
[2023-12-19T12:23:58.580-1000][56351.975s][info][gc,metaspace  ] GC(45) Metaspace: 138514K->138514K(1173504K)
[2023-12-19T12:23:58.580-1000][56351.975s][info][gc            ] GC(45) Pause Young (Normal) (G1 Evacuation Pause) 446M->148M(512M) 16.428ms
[2023-12-19T12:23:58.580-1000][56351.975s][info][gc,cpu        ] GC(45) User=0.05s Sys=0.03s Real=0.02s
[2023-12-19T13:12:29.357-1000][59262.671s][info][gc,start      ] GC(46) Pause Young (Normal) (G1 Evacuation Pause)
[2023-12-19T13:12:29.358-1000][59262.671s][info][gc,task       ] GC(46) Using 8 workers of 8 for evacuation
[2023-12-19T13:12:29.366-1000][59262.679s][info][gc,phases     ] GC(46)   Pre Evacuate Collection Set: 0.0ms
[2023-12-19T13:12:29.366-1000][59262.679s][info][gc,phases     ] GC(46)   Evacuate Collection Set: 7.2ms
[2023-12-19T13:12:29.366-1000][59262.679s][info][gc,phases     ] GC(46)   Post Evacuate Collection Set: 0.8ms
[2023-12-19T13:12:29.366-1000][59262.679s][info][gc,phases     ] GC(46)   Other: 0.5ms
[2023-12-19T13:12:29.366-1000][59262.679s][info][gc,heap       ] GC(46) Eden regions: 297->0(297)
[2023-12-19T13:12:29.366-1000][59262.679s][info][gc,heap       ] GC(46) Survivor regions: 10->10(39)
[2023-12-19T13:12:29.366-1000][59262.679s][info][gc,heap       ] GC(46) Old regions: 111->111
[2023-12-19T13:12:29.366-1000][59262.679s][info][gc,heap       ] GC(46) Humongous regions: 29->29
[2023-12-19T13:12:29.366-1000][59262.679s][info][gc,metaspace  ] GC(46) Metaspace: 138514K->138514K(1173504K)
[2023-12-19T13:12:29.366-1000][59262.679s][info][gc            ] GC(46) Pause Young (Normal) (G1 Evacuation Pause) 445M->148M(512M) 8.658ms
[2023-12-19T13:12:29.366-1000][59262.679s][info][gc,cpu        ] GC(46) User=0.06s Sys=0.00s Real=0.01s
[2023-12-19T13:56:27.933-1000][61901.246s][info][gc,start      ] GC(47) Pause Young (Normal) (G1 Evacuation Pause)
[2023-12-19T13:56:27.933-1000][61901.246s][info][gc,task       ] GC(47) Using 8 workers of 8 for evacuation
[2023-12-19T13:56:27.938-1000][61901.251s][info][gc,phases     ] GC(47)   Pre Evacuate Collection Set: 0.0ms
[2023-12-19T13:56:27.938-1000][61901.251s][info][gc,phases     ] GC(47)   Evacuate Collection Set: 3.8ms
[2023-12-19T13:56:27.938-1000][61901.251s][info][gc,phases     ] GC(47)   Post Evacuate Collection Set: 0.9ms
[2023-12-19T13:56:27.938-1000][61901.251s][info][gc,phases     ] GC(47)   Other: 0.3ms
[2023-12-19T13:56:27.938-1000][61901.251s][info][gc,heap       ] GC(47) Eden regions: 297->0(297)
[2023-12-19T13:56:27.938-1000][61901.251s][info][gc,heap       ] GC(47) Survivor regions: 10->10(39)
[2023-12-19T13:56:27.938-1000][61901.251s][info][gc,heap       ] GC(47) Old regions: 111->111
[2023-12-19T13:56:27.938-1000][61901.251s][info][gc,heap       ] GC(47) Humongous regions: 29->29
[2023-12-19T13:56:27.938-1000][61901.251s][info][gc,metaspace  ] GC(47) Metaspace: 138518K->138518K(1173504K)
[2023-12-19T13:56:27.938-1000][61901.251s][info][gc            ] GC(47) Pause Young (Normal) (G1 Evacuation Pause) 445M->149M(512M) 5.109ms
[2023-12-19T13:56:27.938-1000][61901.251s][info][gc,cpu        ] GC(47) User=0.03s Sys=0.01s Real=0.00s
[2023-12-19T13:56:28.321-1000][61901.635s][info][gc,start      ] GC(48) Pause Young (Normal) (G1 Evacuation Pause)
[2023-12-19T13:56:28.321-1000][61901.635s][info][gc,task       ] GC(48) Using 8 workers of 8 for evacuation
[2023-12-19T13:56:28.330-1000][61901.644s][info][gc,phases     ] GC(48)   Pre Evacuate Collection Set: 0.0ms
[2023-12-19T13:56:28.330-1000][61901.644s][info][gc,phases     ] GC(48)   Evacuate Collection Set: 8.0ms
[2023-12-19T13:56:28.330-1000][61901.644s][info][gc,phases     ] GC(48)   Post Evacuate Collection Set: 0.8ms
[2023-12-19T13:56:28.330-1000][61901.644s][info][gc,phases     ] GC(48)   Other: 0.3ms
[2023-12-19T13:56:28.330-1000][61901.644s][info][gc,heap       ] GC(48) Eden regions: 297->0(295)
[2023-12-19T13:56:28.330-1000][61901.644s][info][gc,heap       ] GC(48) Survivor regions: 10->12(39)
[2023-12-19T13:56:28.330-1000][61901.644s][info][gc,heap       ] GC(48) Old regions: 111->111
[2023-12-19T13:56:28.330-1000][61901.644s][info][gc,heap       ] GC(48) Humongous regions: 29->29
[2023-12-19T13:56:28.330-1000][61901.644s][info][gc,metaspace  ] GC(48) Metaspace: 138553K->138553K(1173504K)
[2023-12-19T13:56:28.330-1000][61901.644s][info][gc            ] GC(48) Pause Young (Normal) (G1 Evacuation Pause) 446M->150M(512M) 9.120ms
[2023-12-19T13:56:28.330-1000][61901.644s][info][gc,cpu        ] GC(48) User=0.04s Sys=0.01s Real=0.01s
[2023-12-19T13:56:28.609-1000][61901.923s][info][gc,start      ] GC(49) Pause Young (Normal) (G1 Evacuation Pause)
[2023-12-19T13:56:28.609-1000][61901.923s][info][gc,task       ] GC(49) Using 8 workers of 8 for evacuation
[2023-12-19T13:56:28.616-1000][61901.930s][info][gc,phases     ] GC(49)   Pre Evacuate Collection Set: 0.0ms
[2023-12-19T13:56:28.616-1000][61901.930s][info][gc,phases     ] GC(49)   Evacuate Collection Set: 5.9ms
[2023-12-19T13:56:28.616-1000][61901.930s][info][gc,phases     ] GC(49)   Post Evacuate Collection Set: 0.6ms
[2023-12-19T13:56:28.616-1000][61901.930s][info][gc,phases     ] GC(49)   Other: 0.3ms
[2023-12-19T13:56:28.616-1000][61901.930s][info][gc,heap       ] GC(49) Eden regions: 295->0(294)
[2023-12-19T13:56:28.616-1000][61901.930s][info][gc,heap       ] GC(49) Survivor regions: 12->13(39)
[2023-12-19T13:56:28.616-1000][61901.930s][info][gc,heap       ] GC(49) Old regions: 111->111
[2023-12-19T13:56:28.616-1000][61901.930s][info][gc,heap       ] GC(49) Humongous regions: 29->29
[2023-12-19T13:56:28.616-1000][61901.930s][info][gc,metaspace  ] GC(49) Metaspace: 138554K->138554K(1173504K)
[2023-12-19T13:56:28.616-1000][61901.930s][info][gc            ] GC(49) Pause Young (Normal) (G1 Evacuation Pause) 445M->152M(512M) 6.893ms
[2023-12-19T13:56:28.616-1000][61901.930s][info][gc,cpu        ] GC(49) User=0.04s Sys=0.01s Real=0.01s
[2023-12-19T13:56:28.920-1000][61902.234s][info][gc,start      ] GC(50) Pause Young (Normal) (G1 Evacuation Pause)
[2023-12-19T13:56:28.920-1000][61902.234s][info][gc,task       ] GC(50) Using 8 workers of 8 for evacuation
[2023-12-19T13:56:28.930-1000][61902.244s][info][gc,phases     ] GC(50)   Pre Evacuate Collection Set: 0.1ms
[2023-12-19T13:56:28.951-1000][61902.264s][info][gc,phases     ] GC(50)   Evacuate Collection Set: 8.7ms
[2023-12-19T13:56:28.951-1000][61902.265s][info][gc,phases     ] GC(50)   Post Evacuate Collection Set: 0.6ms
[2023-12-19T13:56:28.951-1000][61902.265s][info][gc,phases     ] GC(50)   Other: 0.3ms
[2023-12-19T13:56:28.957-1000][61902.271s][info][gc,heap       ] GC(50) Eden regions: 294->0(292)
[2023-12-19T13:56:28.957-1000][61902.271s][info][gc,heap       ] GC(50) Survivor regions: 13->14(39)
[2023-12-19T13:56:28.958-1000][61902.271s][info][gc,heap       ] GC(50) Old regions: 111->111
[2023-12-19T13:56:28.958-1000][61902.271s][info][gc,heap       ] GC(50) Humongous regions: 29->29
[2023-12-19T13:56:28.958-1000][61902.271s][info][gc,metaspace  ] GC(50) Metaspace: 138641K->138641K(1173504K)
[2023-12-19T13:56:28.958-1000][61902.271s][info][gc            ] GC(50) Pause Young (Normal) (G1 Evacuation Pause) 446M->153M(512M) 37.382ms
[2023-12-19T13:56:28.958-1000][61902.271s][info][gc,cpu        ] GC(50) User=0.04s Sys=0.01s Real=0.03s
[2023-12-19T14:41:11.274-1000][64584.565s][info][gc,start      ] GC(51) Pause Young (Normal) (G1 Evacuation Pause)
[2023-12-19T14:41:11.275-1000][64584.565s][info][gc,task       ] GC(51) Using 8 workers of 8 for evacuation
[2023-12-19T14:41:11.285-1000][64584.576s][info][gc,phases     ] GC(51)   Pre Evacuate Collection Set: 0.0ms
[2023-12-19T14:41:11.285-1000][64584.576s][info][gc,phases     ] GC(51)   Evacuate Collection Set: 9.7ms
[2023-12-19T14:41:11.285-1000][64584.576s][info][gc,phases     ] GC(51)   Post Evacuate Collection Set: 0.6ms
[2023-12-19T14:41:11.285-1000][64584.576s][info][gc,phases     ] GC(51)   Other: 0.5ms
[2023-12-19T14:41:11.285-1000][64584.576s][info][gc,heap       ] GC(51) Eden regions: 292->0(292)
[2023-12-19T14:41:11.285-1000][64584.576s][info][gc,heap       ] GC(51) Survivor regions: 14->14(39)
[2023-12-19T14:41:11.285-1000][64584.576s][info][gc,heap       ] GC(51) Old regions: 111->111
[2023-12-19T14:41:11.285-1000][64584.576s][info][gc,heap       ] GC(51) Humongous regions: 29->29
[2023-12-19T14:41:11.285-1000][64584.576s][info][gc,metaspace  ] GC(51) Metaspace: 138661K->138661K(1173504K)
[2023-12-19T14:41:11.285-1000][64584.576s][info][gc            ] GC(51) Pause Young (Normal) (G1 Evacuation Pause) 445M->153M(512M) 10.934ms
[2023-12-19T14:41:11.285-1000][64584.576s][info][gc,cpu        ] GC(51) User=0.08s Sys=0.00s Real=0.01s
[2023-12-19T15:28:59.212-1000][67452.482s][info][gc,start      ] GC(52) Pause Young (Normal) (G1 Evacuation Pause)
[2023-12-19T15:28:59.212-1000][67452.482s][info][gc,task       ] GC(52) Using 8 workers of 8 for evacuation
[2023-12-19T15:28:59.223-1000][67452.493s][info][gc,phases     ] GC(52)   Pre Evacuate Collection Set: 0.1ms
[2023-12-19T15:28:59.223-1000][67452.493s][info][gc,phases     ] GC(52)   Evacuate Collection Set: 9.9ms
[2023-12-19T15:28:59.223-1000][67452.493s][info][gc,phases     ] GC(52)   Post Evacuate Collection Set: 0.6ms
[2023-12-19T15:28:59.223-1000][67452.493s][info][gc,phases     ] GC(52)   Other: 0.6ms
[2023-12-19T15:28:59.223-1000][67452.493s][info][gc,heap       ] GC(52) Eden regions: 292->0(292)
[2023-12-19T15:28:59.223-1000][67452.493s][info][gc,heap       ] GC(52) Survivor regions: 14->14(39)
[2023-12-19T15:28:59.223-1000][67452.493s][info][gc,heap       ] GC(52) Old regions: 111->111
[2023-12-19T15:28:59.223-1000][67452.493s][info][gc,heap       ] GC(52) Humongous regions: 29->29
[2023-12-19T15:28:59.223-1000][67452.493s][info][gc,metaspace  ] GC(52) Metaspace: 138661K->138661K(1173504K)
[2023-12-19T15:28:59.223-1000][67452.493s][info][gc            ] GC(52) Pause Young (Normal) (G1 Evacuation Pause) 445M->153M(512M) 11.221ms
[2023-12-19T15:28:59.223-1000][67452.493s][info][gc,cpu        ] GC(52) User=0.08s Sys=0.00s Real=0.01s
[2023-12-20T16:17:11.964-1000][70105.959s][info][gc,start      ] GC(53) Pause Young (Normal) (G1 Evacuation Pause)
[2023-12-20T16:17:11.964-1000][70105.960s][info][gc,task       ] GC(53) Using 8 workers of 8 for evacuation
[2023-12-20T16:17:12.050-1000][70106.045s][info][gc,phases     ] GC(53)   Pre Evacuate Collection Set: 0.4ms
[2023-12-20T16:17:12.050-1000][70106.045s][info][gc,phases     ] GC(53)   Evacuate Collection Set: 64.3ms
[2023-12-20T16:17:12.050-1000][70106.045s][info][gc,phases     ] GC(53)   Post Evacuate Collection Set: 17.5ms
[2023-12-20T16:17:12.050-1000][70106.045s][info][gc,phases     ] GC(53)   Other: 3.8ms
[2023-12-20T16:17:12.050-1000][70106.045s][info][gc,heap       ] GC(53) Eden regions: 292->0(292)
[2023-12-20T16:17:12.050-1000][70106.045s][info][gc,heap       ] GC(53) Survivor regions: 14->14(39)
[2023-12-20T16:17:12.050-1000][70106.045s][info][gc,heap       ] GC(53) Old regions: 111->111
[2023-12-20T16:17:12.050-1000][70106.045s][info][gc,heap       ] GC(53) Humongous regions: 29->29
[2023-12-20T16:17:12.050-1000][70106.045s][info][gc,metaspace  ] GC(53) Metaspace: 138716K->138716K(1173504K)
[2023-12-20T16:17:12.050-1000][70106.045s][info][gc            ] GC(53) Pause Young (Normal) (G1 Evacuation Pause) 445M->153M(512M) 86.246ms
[2023-12-20T16:17:12.050-1000][70106.045s][info][gc,cpu        ] GC(53) User=0.07s Sys=0.21s Real=0.09s
[2023-12-20T16:17:20.238-1000][70114.230s][info][gc,start      ] GC(54) Pause Young (Normal) (G1 Evacuation Pause)
[2023-12-20T16:17:20.238-1000][70114.230s][info][gc,task       ] GC(54) Using 8 workers of 8 for evacuation
[2023-12-20T16:17:20.254-1000][70114.246s][info][gc,phases     ] GC(54)   Pre Evacuate Collection Set: 0.1ms
[2023-12-20T16:17:20.254-1000][70114.246s][info][gc,phases     ] GC(54)   Evacuate Collection Set: 13.6ms
[2023-12-20T16:17:20.254-1000][70114.246s][info][gc,phases     ] GC(54)   Post Evacuate Collection Set: 2.0ms
[2023-12-20T16:17:20.254-1000][70114.246s][info][gc,phases     ] GC(54)   Other: 0.3ms
[2023-12-20T16:17:20.254-1000][70114.246s][info][gc,heap       ] GC(54) Eden regions: 292->0(283)
[2023-12-20T16:17:20.254-1000][70114.246s][info][gc,heap       ] GC(54) Survivor regions: 14->16(39)
[2023-12-20T16:17:20.254-1000][70114.246s][info][gc,heap       ] GC(54) Old regions: 111->111
[2023-12-20T16:17:20.254-1000][70114.246s][info][gc,heap       ] GC(54) Humongous regions: 34->34
[2023-12-20T16:17:20.254-1000][70114.246s][info][gc,metaspace  ] GC(54) Metaspace: 138902K->138902K(1175552K)
[2023-12-20T16:17:20.254-1000][70114.246s][info][gc            ] GC(54) Pause Young (Normal) (G1 Evacuation Pause) 450M->160M(512M) 16.095ms
[2023-12-20T16:17:20.254-1000][70114.246s][info][gc,cpu        ] GC(54) User=0.05s Sys=0.02s Real=0.02s
[2023-12-20T16:17:20.636-1000][70114.628s][info][gc,start      ] GC(55) Pause Young (Normal) (G1 Evacuation Pause)
[2023-12-20T16:17:20.636-1000][70114.628s][info][gc,task       ] GC(55) Using 8 workers of 8 for evacuation
[2023-12-20T16:17:20.648-1000][70114.640s][info][gc,phases     ] GC(55)   Pre Evacuate Collection Set: 0.0ms
[2023-12-20T16:17:20.648-1000][70114.640s][info][gc,phases     ] GC(55)   Evacuate Collection Set: 9.0ms
[2023-12-20T16:17:20.648-1000][70114.640s][info][gc,phases     ] GC(55)   Post Evacuate Collection Set: 2.8ms
[2023-12-20T16:17:20.648-1000][70114.640s][info][gc,phases     ] GC(55)   Other: 0.2ms
[2023-12-20T16:17:20.648-1000][70114.640s][info][gc,heap       ] GC(55) Eden regions: 283->0(281)
[2023-12-20T16:17:20.648-1000][70114.640s][info][gc,heap       ] GC(55) Survivor regions: 16->16(38)
[2023-12-20T16:17:20.648-1000][70114.640s][info][gc,heap       ] GC(55) Old regions: 111->113
[2023-12-20T16:17:20.648-1000][70114.640s][info][gc,heap       ] GC(55) Humongous regions: 34->34
[2023-12-20T16:17:20.648-1000][70114.640s][info][gc,metaspace  ] GC(55) Metaspace: 138914K->138914K(1175552K)
[2023-12-20T16:17:20.648-1000][70114.640s][info][gc            ] GC(55) Pause Young (Normal) (G1 Evacuation Pause) 443M->161M(512M) 12.161ms
[2023-12-20T16:17:20.648-1000][70114.640s][info][gc,cpu        ] GC(55) User=0.06s Sys=0.00s Real=0.01s
[2023-12-20T16:17:20.999-1000][70114.990s][info][gc,start      ] GC(56) Pause Young (Normal) (G1 Evacuation Pause)
[2023-12-20T16:17:20.999-1000][70114.990s][info][gc,task       ] GC(56) Using 8 workers of 8 for evacuation
[2023-12-20T16:17:21.009-1000][70115.001s][info][gc,phases     ] GC(56)   Pre Evacuate Collection Set: 0.0ms
[2023-12-20T16:17:21.009-1000][70115.001s][info][gc,phases     ] GC(56)   Evacuate Collection Set: 8.6ms
[2023-12-20T16:17:21.009-1000][70115.001s][info][gc,phases     ] GC(56)   Post Evacuate Collection Set: 1.9ms
[2023-12-20T16:17:21.009-1000][70115.001s][info][gc,phases     ] GC(56)   Other: 0.2ms
[2023-12-20T16:17:21.009-1000][70115.001s][info][gc,heap       ] GC(56) Eden regions: 281->0(282)
[2023-12-20T16:17:21.009-1000][70115.001s][info][gc,heap       ] GC(56) Survivor regions: 16->15(38)
[2023-12-20T16:17:21.009-1000][70115.001s][info][gc,heap       ] GC(56) Old regions: 113->114
[2023-12-20T16:17:21.009-1000][70115.001s][info][gc,heap       ] GC(56) Humongous regions: 34->34
[2023-12-20T16:17:21.009-1000][70115.001s][info][gc,metaspace  ] GC(56) Metaspace: 138987K->138987K(1175552K)
[2023-12-20T16:17:21.010-1000][70115.002s][info][gc            ] GC(56) Pause Young (Normal) (G1 Evacuation Pause) 442M->162M(512M) 11.700ms
[2023-12-20T16:17:21.010-1000][70115.002s][info][gc,cpu        ] GC(56) User=0.05s Sys=0.01s Real=0.02s
[2023-12-20T16:53:12.577-1000][71971.458s][info][gc,start      ] GC(57) Pause Young (Normal) (G1 Evacuation Pause)
[2023-12-20T16:53:12.579-1000][71971.461s][info][gc,task       ] GC(57) Using 8 workers of 8 for evacuation
[2023-12-20T16:53:12.637-1000][71971.519s][info][gc,phases     ] GC(57)   Pre Evacuate Collection Set: 0.2ms
[2023-12-20T16:53:12.637-1000][71971.519s][info][gc,phases     ] GC(57)   Evacuate Collection Set: 43.4ms
[2023-12-20T16:53:12.638-1000][71971.519s][info][gc,phases     ] GC(57)   Post Evacuate Collection Set: 13.3ms
[2023-12-20T16:53:12.638-1000][71971.520s][info][gc,phases     ] GC(57)   Other: 3.8ms
[2023-12-20T16:53:12.638-1000][71971.520s][info][gc,heap       ] GC(57) Eden regions: 282->0(289)
[2023-12-20T16:53:12.638-1000][71971.520s][info][gc,heap       ] GC(57) Survivor regions: 15->11(38)
[2023-12-20T16:53:12.638-1000][71971.520s][info][gc,heap       ] GC(57) Old regions: 114->115
[2023-12-20T16:53:12.638-1000][71971.520s][info][gc,heap       ] GC(57) Humongous regions: 34->34
[2023-12-20T16:53:12.638-1000][71971.520s][info][gc,metaspace  ] GC(57) Metaspace: 139894K->139894K(1175552K)
[2023-12-20T16:53:12.638-1000][71971.520s][info][gc            ] GC(57) Pause Young (Normal) (G1 Evacuation Pause) 444M->159M(512M) 61.737ms
[2023-12-20T16:53:12.638-1000][71971.520s][info][gc,cpu        ] GC(57) User=0.38s Sys=0.03s Real=0.06s
[2023-12-20T18:04:33.643-1000][74801.718s][info][gc,start      ] GC(58) Pause Young (Normal) (G1 Evacuation Pause)
[2023-12-20T18:04:33.646-1000][74801.721s][info][gc,task       ] GC(58) Using 8 workers of 8 for evacuation
[2023-12-20T18:04:33.656-1000][74801.731s][info][gc,phases     ] GC(58)   Pre Evacuate Collection Set: 0.0ms
[2023-12-20T18:04:33.656-1000][74801.731s][info][gc,phases     ] GC(58)   Evacuate Collection Set: 8.9ms
[2023-12-20T18:04:33.656-1000][74801.731s][info][gc,phases     ] GC(58)   Post Evacuate Collection Set: 0.7ms
[2023-12-20T18:04:33.656-1000][74801.731s][info][gc,phases     ] GC(58)   Other: 2.9ms
[2023-12-20T18:04:33.656-1000][74801.731s][info][gc,heap       ] GC(58) Eden regions: 289->0(290)
[2023-12-20T18:04:33.656-1000][74801.731s][info][gc,heap       ] GC(58) Survivor regions: 11->10(38)
[2023-12-20T18:04:33.656-1000][74801.731s][info][gc,heap       ] GC(58) Old regions: 115->116
[2023-12-20T18:04:33.656-1000][74801.731s][info][gc,heap       ] GC(58) Humongous regions: 34->34
[2023-12-20T18:04:33.656-1000][74801.731s][info][gc,metaspace  ] GC(58) Metaspace: 139913K->139913K(1175552K)
[2023-12-20T18:04:33.656-1000][74801.731s][info][gc            ] GC(58) Pause Young (Normal) (G1 Evacuation Pause) 448M->159M(512M) 12.662ms
[2023-12-20T18:04:33.656-1000][74801.731s][info][gc,cpu        ] GC(58) User=0.07s Sys=0.00s Real=0.01s
[2023-12-20T18:51:58.724-1000][77646.829s][info][gc,start      ] GC(59) Pause Young (Normal) (G1 Evacuation Pause)
[2023-12-20T18:51:58.726-1000][77646.831s][info][gc,task       ] GC(59) Using 8 workers of 8 for evacuation
[2023-12-20T18:51:58.737-1000][77646.841s][info][gc,phases     ] GC(59)   Pre Evacuate Collection Set: 0.0ms
[2023-12-20T18:51:58.737-1000][77646.841s][info][gc,phases     ] GC(59)   Evacuate Collection Set: 8.3ms
[2023-12-20T18:51:58.737-1000][77646.841s][info][gc,phases     ] GC(59)   Post Evacuate Collection Set: 1.9ms
[2023-12-20T18:51:58.737-1000][77646.841s][info][gc,phases     ] GC(59)   Other: 2.1ms
[2023-12-20T18:51:58.737-1000][77646.841s][info][gc,heap       ] GC(59) Eden regions: 290->0(290)
[2023-12-20T18:51:58.737-1000][77646.841s][info][gc,heap       ] GC(59) Survivor regions: 10->10(38)
[2023-12-20T18:51:58.737-1000][77646.841s][info][gc,heap       ] GC(59) Old regions: 116->116
[2023-12-20T18:51:58.737-1000][77646.841s][info][gc,heap       ] GC(59) Humongous regions: 34->34
[2023-12-20T18:51:58.737-1000][77646.841s][info][gc,metaspace  ] GC(59) Metaspace: 139917K->139917K(1175552K)
[2023-12-20T18:51:58.737-1000][77646.841s][info][gc            ] GC(59) Pause Young (Normal) (G1 Evacuation Pause) 449M->159M(512M) 12.493ms
[2023-12-20T18:51:58.737-1000][77646.841s][info][gc,cpu        ] GC(59) User=0.07s Sys=0.01s Real=0.01s
[2023-12-20T19:39:20.872-1000][80489.007s][info][gc,start      ] GC(60) Pause Young (Normal) (G1 Evacuation Pause)
[2023-12-20T19:39:20.875-1000][80489.009s][info][gc,task       ] GC(60) Using 8 workers of 8 for evacuation
[2023-12-20T19:39:20.884-1000][80489.018s][info][gc,phases     ] GC(60)   Pre Evacuate Collection Set: 0.0ms
[2023-12-20T19:39:20.884-1000][80489.018s][info][gc,phases     ] GC(60)   Evacuate Collection Set: 8.2ms
[2023-12-20T19:39:20.884-1000][80489.018s][info][gc,phases     ] GC(60)   Post Evacuate Collection Set: 0.6ms
[2023-12-20T19:39:20.884-1000][80489.018s][info][gc,phases     ] GC(60)   Other: 2.7ms
[2023-12-20T19:39:20.884-1000][80489.018s][info][gc,heap       ] GC(60) Eden regions: 290->0(292)
[2023-12-20T19:39:20.884-1000][80489.018s][info][gc,heap       ] GC(60) Survivor regions: 10->7(38)
[2023-12-20T19:39:20.884-1000][80489.018s][info][gc,heap       ] GC(60) Old regions: 116->120
[2023-12-20T19:39:20.884-1000][80489.018s][info][gc,heap       ] GC(60) Humongous regions: 34->34
[2023-12-20T19:39:20.884-1000][80489.018s][info][gc,metaspace  ] GC(60) Metaspace: 139918K->139918K(1175552K)
[2023-12-20T19:39:20.884-1000][80489.018s][info][gc            ] GC(60) Pause Young (Normal) (G1 Evacuation Pause) 449M->159M(512M) 11.823ms
[2023-12-20T19:39:20.884-1000][80489.018s][info][gc,cpu        ] GC(60) User=0.06s Sys=0.00s Real=0.01s
[2023-12-20T20:27:06.945-1000][83355.109s][info][gc,start      ] GC(61) Pause Young (Normal) (G1 Evacuation Pause)
[2023-12-20T20:27:06.957-1000][83355.121s][info][gc,task       ] GC(61) Using 8 workers of 8 for evacuation
[2023-12-20T20:27:06.964-1000][83355.128s][info][gc,phases     ] GC(61)   Pre Evacuate Collection Set: 0.0ms
[2023-12-20T20:27:06.965-1000][83355.128s][info][gc,phases     ] GC(61)   Evacuate Collection Set: 6.3ms
[2023-12-20T20:27:06.965-1000][83355.128s][info][gc,phases     ] GC(61)   Post Evacuate Collection Set: 0.7ms
[2023-12-20T20:27:06.965-1000][83355.128s][info][gc,phases     ] GC(61)   Other: 12.6ms
[2023-12-20T20:27:06.965-1000][83355.128s][info][gc,heap       ] GC(61) Eden regions: 292->0(292)
[2023-12-20T20:27:06.965-1000][83355.128s][info][gc,heap       ] GC(61) Survivor regions: 7->7(38)
[2023-12-20T20:27:06.965-1000][83355.128s][info][gc,heap       ] GC(61) Old regions: 120->120
[2023-12-20T20:27:06.965-1000][83355.128s][info][gc,heap       ] GC(61) Humongous regions: 34->34
[2023-12-20T20:27:06.965-1000][83355.129s][info][gc,metaspace  ] GC(61) Metaspace: 139928K->139928K(1175552K)
[2023-12-20T20:27:06.965-1000][83355.129s][info][gc            ] GC(61) Pause Young (Normal) (G1 Evacuation Pause) 451M->159M(512M) 19.768ms
[2023-12-20T20:27:06.965-1000][83355.129s][info][gc,cpu        ] GC(61) User=0.05s Sys=0.00s Real=0.02s
[2023-12-20T21:14:50.116-1000][86218.310s][info][gc,start      ] GC(62) Pause Young (Normal) (G1 Evacuation Pause)
[2023-12-20T21:14:50.118-1000][86218.312s][info][gc,task       ] GC(62) Using 8 workers of 8 for evacuation
[2023-12-20T21:14:50.125-1000][86218.318s][info][gc,phases     ] GC(62)   Pre Evacuate Collection Set: 0.0ms
[2023-12-20T21:14:50.125-1000][86218.319s][info][gc,phases     ] GC(62)   Evacuate Collection Set: 5.7ms
[2023-12-20T21:14:50.125-1000][86218.319s][info][gc,phases     ] GC(62)   Post Evacuate Collection Set: 0.6ms
[2023-12-20T21:14:50.125-1000][86218.319s][info][gc,phases     ] GC(62)   Other: 2.5ms
[2023-12-20T21:14:50.125-1000][86218.319s][info][gc,heap       ] GC(62) Eden regions: 292->0(294)
[2023-12-20T21:14:50.125-1000][86218.319s][info][gc,heap       ] GC(62) Survivor regions: 7->6(38)
[2023-12-20T21:14:50.125-1000][86218.319s][info][gc,heap       ] GC(62) Old regions: 120->120
[2023-12-20T21:14:50.125-1000][86218.319s][info][gc,heap       ] GC(62) Humongous regions: 34->34
[2023-12-20T21:14:50.125-1000][86218.319s][info][gc,metaspace  ] GC(62) Metaspace: 139928K->139928K(1175552K)
[2023-12-20T21:14:50.125-1000][86218.319s][info][gc            ] GC(62) Pause Young (Normal) (G1 Evacuation Pause) 451M->159M(512M) 9.007ms
[2023-12-20T21:14:50.125-1000][86218.319s][info][gc,cpu        ] GC(62) User=0.05s Sys=0.01s Real=0.01s
[2023-12-20T22:02:45.173-1000][89093.396s][info][gc,start      ] GC(63) Pause Young (Normal) (G1 Evacuation Pause)
[2023-12-20T22:02:45.175-1000][89093.398s][info][gc,task       ] GC(63) Using 8 workers of 8 for evacuation
[2023-12-20T22:02:45.182-1000][89093.406s][info][gc,phases     ] GC(63)   Pre Evacuate Collection Set: 0.0ms
[2023-12-20T22:02:45.183-1000][89093.406s][info][gc,phases     ] GC(63)   Evacuate Collection Set: 6.5ms
[2023-12-20T22:02:45.183-1000][89093.406s][info][gc,phases     ] GC(63)   Post Evacuate Collection Set: 0.7ms
[2023-12-20T22:02:45.183-1000][89093.406s][info][gc,phases     ] GC(63)   Other: 2.5ms
[2023-12-20T22:02:45.183-1000][89093.406s][info][gc,heap       ] GC(63) Eden regions: 294->0(294)
[2023-12-20T22:02:45.183-1000][89093.406s][info][gc,heap       ] GC(63) Survivor regions: 6->5(38)
[2023-12-20T22:02:45.183-1000][89093.406s][info][gc,heap       ] GC(63) Old regions: 120->122
[2023-12-20T22:02:45.183-1000][89093.406s][info][gc,heap       ] GC(63) Humongous regions: 34->34
[2023-12-20T22:02:45.183-1000][89093.406s][info][gc,metaspace  ] GC(63) Metaspace: 139952K->139952K(1175552K)
[2023-12-20T22:02:45.183-1000][89093.406s][info][gc            ] GC(63) Pause Young (Normal) (G1 Evacuation Pause) 453M->159M(512M) 9.956ms
[2023-12-20T22:02:45.183-1000][89093.406s][info][gc,cpu        ] GC(63) User=0.05s Sys=0.00s Real=0.01s
[2023-12-20T22:50:40.244-1000][91968.497s][info][gc,start      ] GC(64) Pause Young (Normal) (G1 Evacuation Pause)
[2023-12-20T22:50:40.245-1000][91968.498s][info][gc,task       ] GC(64) Using 8 workers of 8 for evacuation
[2023-12-20T22:50:40.249-1000][91968.502s][info][gc,phases     ] GC(64)   Pre Evacuate Collection Set: 0.0ms
[2023-12-20T22:50:40.249-1000][91968.502s][info][gc,phases     ] GC(64)   Evacuate Collection Set: 3.0ms
[2023-12-20T22:50:40.249-1000][91968.502s][info][gc,phases     ] GC(64)   Post Evacuate Collection Set: 0.5ms
[2023-12-20T22:50:40.249-1000][91968.502s][info][gc,phases     ] GC(64)   Other: 1.6ms
[2023-12-20T22:50:40.249-1000][91968.502s][info][gc,heap       ] GC(64) Eden regions: 294->0(295)
[2023-12-20T22:50:40.249-1000][91968.502s][info][gc,heap       ] GC(64) Survivor regions: 5->4(38)
[2023-12-20T22:50:40.249-1000][91968.502s][info][gc,heap       ] GC(64) Old regions: 122->123
[2023-12-20T22:50:40.249-1000][91968.502s][info][gc,heap       ] GC(64) Humongous regions: 34->34
[2023-12-20T22:50:40.249-1000][91968.502s][info][gc,metaspace  ] GC(64) Metaspace: 139952K->139952K(1175552K)
[2023-12-20T22:50:40.249-1000][91968.502s][info][gc            ] GC(64) Pause Young (Normal) (G1 Evacuation Pause) 453M->159M(512M) 5.243ms
[2023-12-20T22:50:40.249-1000][91968.502s][info][gc,cpu        ] GC(64) User=0.02s Sys=0.00s Real=0.00s
[2023-12-20T23:38:57.989-1000][94866.273s][info][gc,start      ] GC(65) Pause Young (Normal) (G1 Evacuation Pause)
[2023-12-20T23:38:57.991-1000][94866.275s][info][gc,task       ] GC(65) Using 8 workers of 8 for evacuation
[2023-12-20T23:38:57.997-1000][94866.281s][info][gc,phases     ] GC(65)   Pre Evacuate Collection Set: 0.0ms
[2023-12-20T23:38:57.997-1000][94866.281s][info][gc,phases     ] GC(65)   Evacuate Collection Set: 4.8ms
[2023-12-20T23:38:57.997-1000][94866.281s][info][gc,phases     ] GC(65)   Post Evacuate Collection Set: 0.7ms
[2023-12-20T23:38:57.997-1000][94866.281s][info][gc,phases     ] GC(65)   Other: 2.5ms
[2023-12-20T23:38:57.998-1000][94866.281s][info][gc,heap       ] GC(65) Eden regions: 295->0(296)
[2023-12-20T23:38:57.998-1000][94866.281s][info][gc,heap       ] GC(65) Survivor regions: 4->2(38)
[2023-12-20T23:38:57.998-1000][94866.281s][info][gc,heap       ] GC(65) Old regions: 123->124
[2023-12-20T23:38:57.998-1000][94866.281s][info][gc,heap       ] GC(65) Humongous regions: 34->34
[2023-12-20T23:38:57.998-1000][94866.281s][info][gc,metaspace  ] GC(65) Metaspace: 139952K->139952K(1175552K)
[2023-12-20T23:38:57.998-1000][94866.281s][info][gc            ] GC(65) Pause Young (Normal) (G1 Evacuation Pause) 454M->159M(512M) 8.319ms
[2023-12-20T23:38:57.998-1000][94866.281s][info][gc,cpu        ] GC(65) User=0.04s Sys=0.01s Real=0.01s
[2023-12-21T00:27:21.749-1000][97769.727s][info][gc,start      ] GC(66) Pause Young (Normal) (G1 Evacuation Pause)
[2023-12-21T00:27:21.751-1000][97769.729s][info][gc,task       ] GC(66) Using 8 workers of 8 for evacuation
[2023-12-21T00:27:21.755-1000][97769.733s][info][gc,phases     ] GC(66)   Pre Evacuate Collection Set: 0.0ms
[2023-12-21T00:27:21.755-1000][97769.733s][info][gc,phases     ] GC(66)   Evacuate Collection Set: 3.1ms
[2023-12-21T00:27:21.755-1000][97769.733s][info][gc,phases     ] GC(66)   Post Evacuate Collection Set: 0.8ms
[2023-12-21T00:27:21.755-1000][97769.733s][info][gc,phases     ] GC(66)   Other: 2.0ms
[2023-12-21T00:27:21.755-1000][97769.733s][info][gc,heap       ] GC(66) Eden regions: 296->0(295)
[2023-12-21T00:27:21.755-1000][97769.733s][info][gc,heap       ] GC(66) Survivor regions: 2->2(38)
[2023-12-21T00:27:21.755-1000][97769.733s][info][gc,heap       ] GC(66) Old regions: 124->125
[2023-12-21T00:27:21.755-1000][97769.733s][info][gc,heap       ] GC(66) Humongous regions: 34->34
[2023-12-21T00:27:21.755-1000][97769.733s][info][gc,metaspace  ] GC(66) Metaspace: 139952K->139952K(1175552K)
[2023-12-21T00:27:21.755-1000][97769.733s][info][gc            ] GC(66) Pause Young (Normal) (G1 Evacuation Pause) 455M->159M(512M) 6.239ms
[2023-12-21T00:27:21.755-1000][97769.733s][info][gc,cpu        ] GC(66) User=0.02s Sys=0.01s Real=0.01s
[2023-12-21T01:15:37.912-1000][100665.911s][info][gc,start      ] GC(67) Pause Young (Normal) (G1 Evacuation Pause)
[2023-12-21T01:15:37.914-1000][100665.913s][info][gc,task       ] GC(67) Using 8 workers of 8 for evacuation
[2023-12-21T01:15:37.918-1000][100665.916s][info][gc,phases     ] GC(67)   Pre Evacuate Collection Set: 0.0ms
[2023-12-21T01:15:37.918-1000][100665.916s][info][gc,phases     ] GC(67)   Evacuate Collection Set: 2.4ms
[2023-12-21T01:15:37.918-1000][100665.916s][info][gc,phases     ] GC(67)   Post Evacuate Collection Set: 0.7ms
[2023-12-21T01:15:37.918-1000][100665.916s][info][gc,phases     ] GC(67)   Other: 2.3ms
[2023-12-21T01:15:37.918-1000][100665.916s][info][gc,heap       ] GC(67) Eden regions: 295->0(296)
[2023-12-21T01:15:37.918-1000][100665.916s][info][gc,heap       ] GC(67) Survivor regions: 2->2(38)
[2023-12-21T01:15:37.918-1000][100665.916s][info][gc,heap       ] GC(67) Old regions: 125->125
[2023-12-21T01:15:37.918-1000][100665.916s][info][gc,heap       ] GC(67) Humongous regions: 34->34
[2023-12-21T01:15:37.918-1000][100665.916s][info][gc,metaspace  ] GC(67) Metaspace: 139952K->139952K(1175552K)
[2023-12-21T01:15:37.918-1000][100665.917s][info][gc            ] GC(67) Pause Young (Normal) (G1 Evacuation Pause) 454M->159M(512M) 5.713ms
[2023-12-21T01:15:37.918-1000][100665.917s][info][gc,cpu        ] GC(67) User=0.02s Sys=0.00s Real=0.00s
[2023-12-21T02:03:59.968-1000][103567.987s][info][gc,start      ] GC(68) Pause Young (Normal) (G1 Evacuation Pause)
[2023-12-21T02:03:59.970-1000][103567.990s][info][gc,task       ] GC(68) Using 8 workers of 8 for evacuation
[2023-12-21T02:03:59.974-1000][103567.993s][info][gc,phases     ] GC(68)   Pre Evacuate Collection Set: 0.0ms
[2023-12-21T02:03:59.974-1000][103567.993s][info][gc,phases     ] GC(68)   Evacuate Collection Set: 2.4ms
[2023-12-21T02:03:59.974-1000][103567.993s][info][gc,phases     ] GC(68)   Post Evacuate Collection Set: 0.8ms
[2023-12-21T02:03:59.974-1000][103567.993s][info][gc,phases     ] GC(68)   Other: 2.7ms
[2023-12-21T02:03:59.974-1000][103567.993s][info][gc,heap       ] GC(68) Eden regions: 296->0(296)
[2023-12-21T02:03:59.974-1000][103567.993s][info][gc,heap       ] GC(68) Survivor regions: 2->2(38)
[2023-12-21T02:03:59.974-1000][103567.993s][info][gc,heap       ] GC(68) Old regions: 125->125
[2023-12-21T02:03:59.974-1000][103567.993s][info][gc,heap       ] GC(68) Humongous regions: 34->34
[2023-12-21T02:03:59.974-1000][103567.993s][info][gc,metaspace  ] GC(68) Metaspace: 139952K->139952K(1175552K)
[2023-12-21T02:03:59.974-1000][103567.993s][info][gc            ] GC(68) Pause Young (Normal) (G1 Evacuation Pause) 455M->159M(512M) 6.204ms
[2023-12-21T02:03:59.974-1000][103567.994s][info][gc,cpu        ] GC(68) User=0.02s Sys=0.00s Real=0.01s
[2023-12-21T02:52:25.063-1000][106473.103s][info][gc,start      ] GC(69) Pause Young (Normal) (G1 Evacuation Pause)
[2023-12-21T02:52:25.065-1000][106473.105s][info][gc,task       ] GC(69) Using 8 workers of 8 for evacuation
[2023-12-21T02:52:25.069-1000][106473.109s][info][gc,phases     ] GC(69)   Pre Evacuate Collection Set: 0.0ms
[2023-12-21T02:52:25.069-1000][106473.109s][info][gc,phases     ] GC(69)   Evacuate Collection Set: 2.5ms
[2023-12-21T02:52:25.069-1000][106473.109s][info][gc,phases     ] GC(69)   Post Evacuate Collection Set: 0.9ms
[2023-12-21T02:52:25.069-1000][106473.109s][info][gc,phases     ] GC(69)   Other: 2.3ms
[2023-12-21T02:52:25.069-1000][106473.109s][info][gc,heap       ] GC(69) Eden regions: 296->0(297)
[2023-12-21T02:52:25.069-1000][106473.109s][info][gc,heap       ] GC(69) Survivor regions: 2->1(38)
[2023-12-21T02:52:25.069-1000][106473.109s][info][gc,heap       ] GC(69) Old regions: 125->125
[2023-12-21T02:52:25.069-1000][106473.109s][info][gc,heap       ] GC(69) Humongous regions: 34->34
[2023-12-21T02:52:25.069-1000][106473.109s][info][gc,metaspace  ] GC(69) Metaspace: 139952K->139952K(1175552K)
[2023-12-21T02:52:25.069-1000][106473.109s][info][gc            ] GC(69) Pause Young (Normal) (G1 Evacuation Pause) 455M->159M(512M) 6.006ms
[2023-12-21T02:52:25.069-1000][106473.109s][info][gc,cpu        ] GC(69) User=0.02s Sys=0.00s Real=0.00s
[2023-12-21T03:40:57.262-1000][109385.323s][info][gc,start      ] GC(70) Pause Young (Normal) (G1 Evacuation Pause)
[2023-12-21T03:40:57.264-1000][109385.325s][info][gc,task       ] GC(70) Using 8 workers of 8 for evacuation
[2023-12-21T03:40:57.268-1000][109385.328s][info][gc,phases     ] GC(70)   Pre Evacuate Collection Set: 0.0ms
[2023-12-21T03:40:57.268-1000][109385.329s][info][gc,phases     ] GC(70)   Evacuate Collection Set: 2.5ms
[2023-12-21T03:40:57.268-1000][109385.329s][info][gc,phases     ] GC(70)   Post Evacuate Collection Set: 0.7ms
[2023-12-21T03:40:57.268-1000][109385.329s][info][gc,phases     ] GC(70)   Other: 2.7ms
[2023-12-21T03:40:57.268-1000][109385.329s][info][gc,heap       ] GC(70) Eden regions: 297->0(297)
[2023-12-21T03:40:57.268-1000][109385.329s][info][gc,heap       ] GC(70) Survivor regions: 1->1(38)
[2023-12-21T03:40:57.268-1000][109385.329s][info][gc,heap       ] GC(70) Old regions: 125->125
[2023-12-21T03:40:57.268-1000][109385.329s][info][gc,heap       ] GC(70) Humongous regions: 34->34
[2023-12-21T03:40:57.268-1000][109385.329s][info][gc,metaspace  ] GC(70) Metaspace: 139952K->139952K(1175552K)
[2023-12-21T03:40:57.268-1000][109385.329s][info][gc            ] GC(70) Pause Young (Normal) (G1 Evacuation Pause) 456M->159M(512M) 6.218ms
[2023-12-21T03:40:57.268-1000][109385.329s][info][gc,cpu        ] GC(70) User=0.02s Sys=0.00s Real=0.00s
[2023-12-21T04:28:36.277-1000][112244.358s][info][gc,start      ] GC(71) Pause Young (Normal) (G1 Evacuation Pause)
[2023-12-21T04:28:36.278-1000][112244.359s][info][gc,task       ] GC(71) Using 8 workers of 8 for evacuation
[2023-12-21T04:28:36.283-1000][112244.364s][info][gc,phases     ] GC(71)   Pre Evacuate Collection Set: 0.0ms
[2023-12-21T04:28:36.283-1000][112244.364s][info][gc,phases     ] GC(71)   Evacuate Collection Set: 3.6ms
[2023-12-21T04:28:36.283-1000][112244.364s][info][gc,phases     ] GC(71)   Post Evacuate Collection Set: 0.8ms
[2023-12-21T04:28:36.283-1000][112244.364s][info][gc,phases     ] GC(71)   Other: 1.7ms
[2023-12-21T04:28:36.283-1000][112244.364s][info][gc,heap       ] GC(71) Eden regions: 297->0(297)
[2023-12-21T04:28:36.283-1000][112244.364s][info][gc,heap       ] GC(71) Survivor regions: 1->1(38)
[2023-12-21T04:28:36.283-1000][112244.364s][info][gc,heap       ] GC(71) Old regions: 125->125
[2023-12-21T04:28:36.283-1000][112244.364s][info][gc,heap       ] GC(71) Humongous regions: 34->34
[2023-12-21T04:28:36.283-1000][112244.364s][info][gc,metaspace  ] GC(71) Metaspace: 140019K->140019K(1175552K)
[2023-12-21T04:28:36.283-1000][112244.364s][info][gc            ] GC(71) Pause Young (Normal) (G1 Evacuation Pause) 456M->159M(512M) 6.403ms
[2023-12-21T04:28:36.283-1000][112244.364s][info][gc,cpu        ] GC(71) User=0.03s Sys=0.00s Real=0.01s
[2023-12-21T05:17:10.408-1000][115158.510s][info][gc,start      ] GC(72) Pause Young (Normal) (G1 Evacuation Pause)
[2023-12-21T05:17:10.410-1000][115158.512s][info][gc,task       ] GC(72) Using 8 workers of 8 for evacuation
[2023-12-21T05:17:10.414-1000][115158.516s][info][gc,phases     ] GC(72)   Pre Evacuate Collection Set: 0.0ms
[2023-12-21T05:17:10.414-1000][115158.516s][info][gc,phases     ] GC(72)   Evacuate Collection Set: 2.9ms
[2023-12-21T05:17:10.414-1000][115158.516s][info][gc,phases     ] GC(72)   Post Evacuate Collection Set: 0.8ms
[2023-12-21T05:17:10.414-1000][115158.516s][info][gc,phases     ] GC(72)   Other: 2.6ms
[2023-12-21T05:17:10.414-1000][115158.516s][info][gc,heap       ] GC(72) Eden regions: 297->0(296)
[2023-12-21T05:17:10.414-1000][115158.516s][info][gc,heap       ] GC(72) Survivor regions: 1->1(38)
[2023-12-21T05:17:10.414-1000][115158.516s][info][gc,heap       ] GC(72) Old regions: 125->126
[2023-12-21T05:17:10.414-1000][115158.516s][info][gc,heap       ] GC(72) Humongous regions: 34->34
[2023-12-21T05:17:10.414-1000][115158.516s][info][gc,metaspace  ] GC(72) Metaspace: 140019K->140019K(1175552K)
[2023-12-21T05:17:10.414-1000][115158.516s][info][gc            ] GC(72) Pause Young (Normal) (G1 Evacuation Pause) 456M->159M(512M) 6.515ms
[2023-12-21T05:17:10.414-1000][115158.517s][info][gc,cpu        ] GC(72) User=0.02s Sys=0.01s Real=0.01s
[2023-12-21T06:05:32.676-1000][118060.799s][info][gc,start      ] GC(73) Pause Young (Normal) (G1 Evacuation Pause)
[2023-12-21T06:05:32.678-1000][118060.801s][info][gc,task       ] GC(73) Using 8 workers of 8 for evacuation
[2023-12-21T06:05:32.681-1000][118060.804s][info][gc,phases     ] GC(73)   Pre Evacuate Collection Set: 0.0ms
[2023-12-21T06:05:32.681-1000][118060.804s][info][gc,phases     ] GC(73)   Evacuate Collection Set: 1.6ms
[2023-12-21T06:05:32.681-1000][118060.804s][info][gc,phases     ] GC(73)   Post Evacuate Collection Set: 0.7ms
[2023-12-21T06:05:32.681-1000][118060.804s][info][gc,phases     ] GC(73)   Other: 2.8ms
[2023-12-21T06:05:32.681-1000][118060.804s][info][gc,heap       ] GC(73) Eden regions: 296->0(296)
[2023-12-21T06:05:32.681-1000][118060.804s][info][gc,heap       ] GC(73) Survivor regions: 1->1(38)
[2023-12-21T06:05:32.681-1000][118060.804s][info][gc,heap       ] GC(73) Old regions: 126->126
[2023-12-21T06:05:32.681-1000][118060.804s][info][gc,heap       ] GC(73) Humongous regions: 34->34
[2023-12-21T06:05:32.681-1000][118060.804s][info][gc,metaspace  ] GC(73) Metaspace: 140019K->140019K(1175552K)
[2023-12-21T06:05:32.681-1000][118060.804s][info][gc            ] GC(73) Pause Young (Normal) (G1 Evacuation Pause) 455M->159M(512M) 5.434ms
[2023-12-21T06:05:32.681-1000][118060.804s][info][gc,cpu        ] GC(73) User=0.01s Sys=0.01s Real=0.01s
[2023-12-21T06:53:57.711-1000][120965.854s][info][gc,start      ] GC(74) Pause Young (Normal) (G1 Evacuation Pause)
[2023-12-21T06:53:57.712-1000][120965.856s][info][gc,task       ] GC(74) Using 8 workers of 8 for evacuation
[2023-12-21T06:53:57.714-1000][120965.857s][info][gc,phases     ] GC(74)   Pre Evacuate Collection Set: 0.0ms
[2023-12-21T06:53:57.714-1000][120965.858s][info][gc,phases     ] GC(74)   Evacuate Collection Set: 1.1ms
[2023-12-21T06:53:57.714-1000][120965.858s][info][gc,phases     ] GC(74)   Post Evacuate Collection Set: 0.6ms
[2023-12-21T06:53:57.714-1000][120965.858s][info][gc,phases     ] GC(74)   Other: 1.8ms
[2023-12-21T06:53:57.714-1000][120965.858s][info][gc,heap       ] GC(74) Eden regions: 296->0(297)
[2023-12-21T06:53:57.714-1000][120965.858s][info][gc,heap       ] GC(74) Survivor regions: 1->1(38)
[2023-12-21T06:53:57.714-1000][120965.858s][info][gc,heap       ] GC(74) Old regions: 126->126
[2023-12-21T06:53:57.714-1000][120965.858s][info][gc,heap       ] GC(74) Humongous regions: 34->34
[2023-12-21T06:53:57.714-1000][120965.858s][info][gc,metaspace  ] GC(74) Metaspace: 140019K->140019K(1175552K)
[2023-12-21T06:53:57.714-1000][120965.858s][info][gc            ] GC(74) Pause Young (Normal) (G1 Evacuation Pause) 455M->159M(512M) 3.720ms
[2023-12-21T06:53:57.714-1000][120965.858s][info][gc,cpu        ] GC(74) User=0.01s Sys=0.00s Real=0.00s
[2023-12-21T07:42:32.078-1000][123880.242s][info][gc,start      ] GC(75) Pause Young (Normal) (G1 Evacuation Pause)
[2023-12-21T07:42:32.079-1000][123880.244s][info][gc,task       ] GC(75) Using 8 workers of 8 for evacuation
[2023-12-21T07:42:32.082-1000][123880.246s][info][gc,phases     ] GC(75)   Pre Evacuate Collection Set: 0.0ms
[2023-12-21T07:42:32.082-1000][123880.246s][info][gc,phases     ] GC(75)   Evacuate Collection Set: 1.2ms
[2023-12-21T07:42:32.082-1000][123880.246s][info][gc,phases     ] GC(75)   Post Evacuate Collection Set: 0.7ms
[2023-12-21T07:42:32.082-1000][123880.246s][info][gc,phases     ] GC(75)   Other: 1.9ms
[2023-12-21T07:42:32.082-1000][123880.246s][info][gc,heap       ] GC(75) Eden regions: 297->0(297)
[2023-12-21T07:42:32.082-1000][123880.246s][info][gc,heap       ] GC(75) Survivor regions: 1->1(38)
[2023-12-21T07:42:32.082-1000][123880.246s][info][gc,heap       ] GC(75) Old regions: 126->126
[2023-12-21T07:42:32.082-1000][123880.246s][info][gc,heap       ] GC(75) Humongous regions: 34->34
[2023-12-21T07:42:32.082-1000][123880.246s][info][gc,metaspace  ] GC(75) Metaspace: 140019K->140019K(1175552K)
[2023-12-21T07:42:32.082-1000][123880.246s][info][gc            ] GC(75) Pause Young (Normal) (G1 Evacuation Pause) 456M->159M(512M) 4.247ms
[2023-12-21T07:42:32.082-1000][123880.247s][info][gc,cpu        ] GC(75) User=0.01s Sys=0.00s Real=0.01s
[2023-12-21T08:31:06.239-1000][126794.424s][info][gc,start      ] GC(76) Pause Young (Normal) (G1 Evacuation Pause)
[2023-12-21T08:31:06.241-1000][126794.426s][info][gc,task       ] GC(76) Using 8 workers of 8 for evacuation
[2023-12-21T08:31:06.244-1000][126794.429s][info][gc,phases     ] GC(76)   Pre Evacuate Collection Set: 0.0ms
[2023-12-21T08:31:06.244-1000][126794.429s][info][gc,phases     ] GC(76)   Evacuate Collection Set: 1.4ms
[2023-12-21T08:31:06.244-1000][126794.429s][info][gc,phases     ] GC(76)   Post Evacuate Collection Set: 0.7ms
[2023-12-21T08:31:06.244-1000][126794.429s][info][gc,phases     ] GC(76)   Other: 2.7ms
[2023-12-21T08:31:06.244-1000][126794.429s][info][gc,heap       ] GC(76) Eden regions: 297->0(297)
[2023-12-21T08:31:06.244-1000][126794.429s][info][gc,heap       ] GC(76) Survivor regions: 1->1(38)
[2023-12-21T08:31:06.244-1000][126794.429s][info][gc,heap       ] GC(76) Old regions: 126->126
[2023-12-21T08:31:06.244-1000][126794.429s][info][gc,heap       ] GC(76) Humongous regions: 34->34
[2023-12-21T08:31:06.244-1000][126794.429s][info][gc,metaspace  ] GC(76) Metaspace: 140019K->140019K(1175552K)
[2023-12-21T08:31:06.244-1000][126794.429s][info][gc            ] GC(76) Pause Young (Normal) (G1 Evacuation Pause) 456M->159M(512M) 5.129ms
[2023-12-21T08:31:06.244-1000][126794.429s][info][gc,cpu        ] GC(76) User=0.02s Sys=0.00s Real=0.01s
[2023-12-21T09:19:33.333-1000][129701.539s][info][gc,start      ] GC(77) Pause Young (Normal) (G1 Evacuation Pause)
[2023-12-21T09:19:33.336-1000][129701.542s][info][gc,task       ] GC(77) Using 8 workers of 8 for evacuation
[2023-12-21T09:19:33.338-1000][129701.544s][info][gc,phases     ] GC(77)   Pre Evacuate Collection Set: 0.0ms
[2023-12-21T09:19:33.338-1000][129701.544s][info][gc,phases     ] GC(77)   Evacuate Collection Set: 1.4ms
[2023-12-21T09:19:33.338-1000][129701.544s][info][gc,phases     ] GC(77)   Post Evacuate Collection Set: 0.7ms
[2023-12-21T09:19:33.338-1000][129701.544s][info][gc,phases     ] GC(77)   Other: 2.9ms
[2023-12-21T09:19:33.339-1000][129701.544s][info][gc,heap       ] GC(77) Eden regions: 297->0(297)
[2023-12-21T09:19:33.339-1000][129701.544s][info][gc,heap       ] GC(77) Survivor regions: 1->1(38)
[2023-12-21T09:19:33.339-1000][129701.544s][info][gc,heap       ] GC(77) Old regions: 126->126
[2023-12-21T09:19:33.339-1000][129701.544s][info][gc,heap       ] GC(77) Humongous regions: 34->34
[2023-12-21T09:19:33.339-1000][129701.544s][info][gc,metaspace  ] GC(77) Metaspace: 140019K->140019K(1175552K)
[2023-12-21T09:19:33.339-1000][129701.545s][info][gc            ] GC(77) Pause Young (Normal) (G1 Evacuation Pause) 456M->159M(512M) 5.357ms
[2023-12-21T09:19:33.339-1000][129701.545s][info][gc,cpu        ] GC(77) User=0.01s Sys=0.00s Real=0.00s
[2023-12-21T10:08:01.791-1000][132610.018s][info][gc,start      ] GC(78) Pause Young (Normal) (G1 Evacuation Pause)
[2023-12-21T10:08:01.792-1000][132610.019s][info][gc,task       ] GC(78) Using 8 workers of 8 for evacuation
[2023-12-21T10:08:01.798-1000][132610.024s][info][gc,phases     ] GC(78)   Pre Evacuate Collection Set: 0.0ms
[2023-12-21T10:08:01.798-1000][132610.024s][info][gc,phases     ] GC(78)   Evacuate Collection Set: 3.5ms
[2023-12-21T10:08:01.798-1000][132610.024s][info][gc,phases     ] GC(78)   Post Evacuate Collection Set: 1.4ms
[2023-12-21T10:08:01.798-1000][132610.024s][info][gc,phases     ] GC(78)   Other: 1.6ms
[2023-12-21T10:08:01.798-1000][132610.024s][info][gc,heap       ] GC(78) Eden regions: 297->0(297)
[2023-12-21T10:08:01.798-1000][132610.024s][info][gc,heap       ] GC(78) Survivor regions: 1->1(38)
[2023-12-21T10:08:01.798-1000][132610.024s][info][gc,heap       ] GC(78) Old regions: 126->126
[2023-12-21T10:08:01.798-1000][132610.024s][info][gc,heap       ] GC(78) Humongous regions: 34->34
[2023-12-21T10:08:01.798-1000][132610.024s][info][gc,metaspace  ] GC(78) Metaspace: 140019K->140019K(1175552K)
[2023-12-21T10:08:01.798-1000][132610.024s][info][gc            ] GC(78) Pause Young (Normal) (G1 Evacuation Pause) 456M->159M(512M) 6.737ms
[2023-12-21T10:08:01.798-1000][132610.024s][info][gc,cpu        ] GC(78) User=0.03s Sys=0.00s Real=0.00s
[2023-12-21T10:56:30.521-1000][135518.768s][info][gc,start      ] GC(79) Pause Young (Normal) (G1 Evacuation Pause)
[2023-12-21T10:56:30.522-1000][135518.770s][info][gc,task       ] GC(79) Using 8 workers of 8 for evacuation
[2023-12-21T10:56:30.525-1000][135518.772s][info][gc,phases     ] GC(79)   Pre Evacuate Collection Set: 0.0ms
[2023-12-21T10:56:30.525-1000][135518.772s][info][gc,phases     ] GC(79)   Evacuate Collection Set: 1.3ms
[2023-12-21T10:56:30.525-1000][135518.772s][info][gc,phases     ] GC(79)   Post Evacuate Collection Set: 0.7ms
[2023-12-21T10:56:30.525-1000][135518.772s][info][gc,phases     ] GC(79)   Other: 2.0ms
[2023-12-21T10:56:30.525-1000][135518.772s][info][gc,heap       ] GC(79) Eden regions: 297->0(297)
[2023-12-21T10:56:30.525-1000][135518.772s][info][gc,heap       ] GC(79) Survivor regions: 1->1(38)
[2023-12-21T10:56:30.525-1000][135518.772s][info][gc,heap       ] GC(79) Old regions: 126->126
[2023-12-21T10:56:30.525-1000][135518.772s][info][gc,heap       ] GC(79) Humongous regions: 34->34
[2023-12-21T10:56:30.525-1000][135518.772s][info][gc,metaspace  ] GC(79) Metaspace: 140019K->140019K(1175552K)
[2023-12-21T10:56:30.525-1000][135518.772s][info][gc            ] GC(79) Pause Young (Normal) (G1 Evacuation Pause) 456M->159M(512M) 4.466ms
[2023-12-21T10:56:30.525-1000][135518.773s][info][gc,cpu        ] GC(79) User=0.01s Sys=0.00s Real=0.00s
[2023-12-26T12:23:46.286-1000][138058.326s][info][gc,start      ] GC(80) Pause Young (Normal) (G1 Evacuation Pause)
[2023-12-26T12:23:46.289-1000][138058.328s][info][gc,task       ] GC(80) Using 8 workers of 8 for evacuation
[2023-12-26T12:23:46.306-1000][138058.345s][info][gc,phases     ] GC(80)   Pre Evacuate Collection Set: 1.7ms
[2023-12-26T12:23:46.306-1000][138058.345s][info][gc,phases     ] GC(80)   Evacuate Collection Set: 13.0ms
[2023-12-26T12:23:46.306-1000][138058.345s][info][gc,phases     ] GC(80)   Post Evacuate Collection Set: 1.5ms
[2023-12-26T12:23:46.306-1000][138058.345s][info][gc,phases     ] GC(80)   Other: 3.7ms
[2023-12-26T12:23:46.306-1000][138058.345s][info][gc,heap       ] GC(80) Eden regions: 297->0(297)
[2023-12-26T12:23:46.306-1000][138058.345s][info][gc,heap       ] GC(80) Survivor regions: 1->1(38)
[2023-12-26T12:23:46.306-1000][138058.345s][info][gc,heap       ] GC(80) Old regions: 126->126
[2023-12-26T12:23:46.306-1000][138058.345s][info][gc,heap       ] GC(80) Humongous regions: 34->34
[2023-12-26T12:23:46.306-1000][138058.345s][info][gc,metaspace  ] GC(80) Metaspace: 140159K->140159K(1175552K)
[2023-12-26T12:23:46.306-1000][138058.345s][info][gc            ] GC(80) Pause Young (Normal) (G1 Evacuation Pause) 456M->159M(512M) 19.943ms
[2023-12-26T12:23:46.306-1000][138058.345s][info][gc,cpu        ] GC(80) User=0.05s Sys=0.05s Real=0.02s
[2023-12-26T13:12:15.131-1000][140966.954s][info][gc,start      ] GC(81) Pause Young (Normal) (G1 Evacuation Pause)
[2023-12-26T13:12:15.134-1000][140966.957s][info][gc,task       ] GC(81) Using 8 workers of 8 for evacuation
[2023-12-26T13:12:15.137-1000][140966.960s][info][gc,phases     ] GC(81)   Pre Evacuate Collection Set: 0.1ms
[2023-12-26T13:12:15.137-1000][140966.960s][info][gc,phases     ] GC(81)   Evacuate Collection Set: 2.1ms
[2023-12-26T13:12:15.137-1000][140966.960s][info][gc,phases     ] GC(81)   Post Evacuate Collection Set: 0.8ms
[2023-12-26T13:12:15.137-1000][140966.960s][info][gc,phases     ] GC(81)   Other: 3.0ms
[2023-12-26T13:12:15.137-1000][140966.960s][info][gc,heap       ] GC(81) Eden regions: 297->0(297)
[2023-12-26T13:12:15.137-1000][140966.960s][info][gc,heap       ] GC(81) Survivor regions: 1->1(38)
[2023-12-26T13:12:15.138-1000][140966.960s][info][gc,heap       ] GC(81) Old regions: 126->126
[2023-12-26T13:12:15.138-1000][140966.960s][info][gc,heap       ] GC(81) Humongous regions: 34->34
[2023-12-26T13:12:15.138-1000][140966.960s][info][gc,metaspace  ] GC(81) Metaspace: 140159K->140159K(1175552K)
[2023-12-26T13:12:15.138-1000][140966.960s][info][gc            ] GC(81) Pause Young (Normal) (G1 Evacuation Pause) 456M->159M(512M) 6.113ms
[2023-12-26T13:12:15.138-1000][140966.960s][info][gc,cpu        ] GC(81) User=0.01s Sys=0.00s Real=0.00s
[2023-12-26T14:00:46.261-1000][143877.991s][info][gc,start      ] GC(82) Pause Young (Normal) (G1 Evacuation Pause)
[2023-12-26T14:00:46.263-1000][143877.993s][info][gc,task       ] GC(82) Using 8 workers of 8 for evacuation
[2023-12-26T14:00:46.265-1000][143877.996s][info][gc,phases     ] GC(82)   Pre Evacuate Collection Set: 0.1ms
[2023-12-26T14:00:46.265-1000][143877.996s][info][gc,phases     ] GC(82)   Evacuate Collection Set: 1.4ms
[2023-12-26T14:00:46.265-1000][143877.996s][info][gc,phases     ] GC(82)   Post Evacuate Collection Set: 0.8ms
[2023-12-26T14:00:46.266-1000][143877.996s][info][gc,phases     ] GC(82)   Other: 2.4ms
[2023-12-26T14:00:46.266-1000][143877.996s][info][gc,heap       ] GC(82) Eden regions: 297->0(297)
[2023-12-26T14:00:46.266-1000][143877.996s][info][gc,heap       ] GC(82) Survivor regions: 1->1(38)
[2023-12-26T14:00:46.266-1000][143877.996s][info][gc,heap       ] GC(82) Old regions: 126->126
[2023-12-26T14:00:46.266-1000][143877.996s][info][gc,heap       ] GC(82) Humongous regions: 34->34
[2023-12-26T14:00:46.266-1000][143877.996s][info][gc,metaspace  ] GC(82) Metaspace: 140159K->140159K(1175552K)
[2023-12-26T14:00:46.266-1000][143877.996s][info][gc            ] GC(82) Pause Young (Normal) (G1 Evacuation Pause) 456M->159M(512M) 5.047ms
[2023-12-26T14:00:46.266-1000][143877.996s][info][gc,cpu        ] GC(82) User=0.01s Sys=0.00s Real=0.00s
[2023-12-26T14:49:21.495-1000][146793.202s][info][gc,start      ] GC(83) Pause Young (Normal) (G1 Evacuation Pause)
[2023-12-26T14:49:21.497-1000][146793.204s][info][gc,task       ] GC(83) Using 8 workers of 8 for evacuation
[2023-12-26T14:49:21.500-1000][146793.207s][info][gc,phases     ] GC(83)   Pre Evacuate Collection Set: 0.0ms
[2023-12-26T14:49:21.500-1000][146793.207s][info][gc,phases     ] GC(83)   Evacuate Collection Set: 1.6ms
[2023-12-26T14:49:21.500-1000][146793.207s][info][gc,phases     ] GC(83)   Post Evacuate Collection Set: 0.7ms
[2023-12-26T14:49:21.500-1000][146793.207s][info][gc,phases     ] GC(83)   Other: 2.3ms
[2023-12-26T14:49:21.500-1000][146793.207s][info][gc,heap       ] GC(83) Eden regions: 297->0(297)
[2023-12-26T14:49:21.500-1000][146793.207s][info][gc,heap       ] GC(83) Survivor regions: 1->1(38)
[2023-12-26T14:49:21.500-1000][146793.207s][info][gc,heap       ] GC(83) Old regions: 126->126
[2023-12-26T14:49:21.500-1000][146793.207s][info][gc,heap       ] GC(83) Humongous regions: 34->34
[2023-12-26T14:49:21.500-1000][146793.207s][info][gc,metaspace  ] GC(83) Metaspace: 140162K->140162K(1175552K)
[2023-12-26T14:49:21.500-1000][146793.207s][info][gc            ] GC(83) Pause Young (Normal) (G1 Evacuation Pause) 456M->159M(512M) 4.961ms
[2023-12-26T14:49:21.500-1000][146793.207s][info][gc,cpu        ] GC(83) User=0.01s Sys=0.01s Real=0.01s
[2023-12-26T15:37:51.907-1000][149703.576s][info][gc,start      ] GC(84) Pause Young (Normal) (G1 Evacuation Pause)
[2023-12-26T15:37:51.909-1000][149703.577s][info][gc,task       ] GC(84) Using 8 workers of 8 for evacuation
[2023-12-26T15:37:51.912-1000][149703.580s][info][gc,phases     ] GC(84)   Pre Evacuate Collection Set: 0.0ms
[2023-12-26T15:37:51.912-1000][149703.580s][info][gc,phases     ] GC(84)   Evacuate Collection Set: 1.6ms
[2023-12-26T15:37:51.912-1000][149703.580s][info][gc,phases     ] GC(84)   Post Evacuate Collection Set: 0.9ms
[2023-12-26T15:37:51.912-1000][149703.581s][info][gc,phases     ] GC(84)   Other: 2.0ms
[2023-12-26T15:37:51.912-1000][149703.581s][info][gc,heap       ] GC(84) Eden regions: 297->0(297)
[2023-12-26T15:37:51.912-1000][149703.581s][info][gc,heap       ] GC(84) Survivor regions: 1->1(38)
[2023-12-26T15:37:51.912-1000][149703.581s][info][gc,heap       ] GC(84) Old regions: 126->126
[2023-12-26T15:37:51.912-1000][149703.581s][info][gc,heap       ] GC(84) Humongous regions: 34->34
[2023-12-26T15:37:51.912-1000][149703.581s][info][gc,metaspace  ] GC(84) Metaspace: 140162K->140162K(1175552K)
[2023-12-26T15:37:51.912-1000][149703.581s][info][gc            ] GC(84) Pause Young (Normal) (G1 Evacuation Pause) 456M->159M(512M) 4.743ms
[2023-12-26T15:37:51.912-1000][149703.581s][info][gc,cpu        ] GC(84) User=0.02s Sys=0.00s Real=0.01s
[2023-12-26T16:26:29.712-1000][152621.342s][info][gc,start      ] GC(85) Pause Young (Normal) (G1 Evacuation Pause)
[2023-12-26T16:26:29.713-1000][152621.343s][info][gc,task       ] GC(85) Using 8 workers of 8 for evacuation
[2023-12-26T16:26:29.715-1000][152621.345s][info][gc,phases     ] GC(85)   Pre Evacuate Collection Set: 0.0ms
[2023-12-26T16:26:29.715-1000][152621.345s][info][gc,phases     ] GC(85)   Evacuate Collection Set: 1.0ms
[2023-12-26T16:26:29.715-1000][152621.345s][info][gc,phases     ] GC(85)   Post Evacuate Collection Set: 0.5ms
[2023-12-26T16:26:29.715-1000][152621.345s][info][gc,phases     ] GC(85)   Other: 1.9ms
[2023-12-26T16:26:29.715-1000][152621.345s][info][gc,heap       ] GC(85) Eden regions: 297->0(298)
[2023-12-26T16:26:29.715-1000][152621.345s][info][gc,heap       ] GC(85) Survivor regions: 1->1(38)
[2023-12-26T16:26:29.715-1000][152621.345s][info][gc,heap       ] GC(85) Old regions: 126->126
[2023-12-26T16:26:29.715-1000][152621.345s][info][gc,heap       ] GC(85) Humongous regions: 34->34
[2023-12-26T16:26:29.715-1000][152621.345s][info][gc,metaspace  ] GC(85) Metaspace: 140162K->140162K(1175552K)
[2023-12-26T16:26:29.715-1000][152621.345s][info][gc            ] GC(85) Pause Young (Normal) (G1 Evacuation Pause) 456M->159M(512M) 3.672ms
[2023-12-26T16:26:29.715-1000][152621.345s][info][gc,cpu        ] GC(85) User=0.01s Sys=0.00s Real=0.00s
[2023-12-26T17:15:12.961-1000][155544.581s][info][gc,start      ] GC(86) Pause Young (Normal) (G1 Evacuation Pause)
[2023-12-26T17:15:12.963-1000][155544.583s][info][gc,task       ] GC(86) Using 8 workers of 8 for evacuation
[2023-12-26T17:15:12.966-1000][155544.586s][info][gc,phases     ] GC(86)   Pre Evacuate Collection Set: 0.0ms
[2023-12-26T17:15:12.966-1000][155544.586s][info][gc,phases     ] GC(86)   Evacuate Collection Set: 2.3ms
[2023-12-26T17:15:12.966-1000][155544.586s][info][gc,phases     ] GC(86)   Post Evacuate Collection Set: 0.7ms
[2023-12-26T17:15:12.966-1000][155544.586s][info][gc,phases     ] GC(86)   Other: 2.2ms
[2023-12-26T17:15:12.966-1000][155544.586s][info][gc,heap       ] GC(86) Eden regions: 298->0(298)
[2023-12-26T17:15:12.966-1000][155544.586s][info][gc,heap       ] GC(86) Survivor regions: 1->1(38)
[2023-12-26T17:15:12.966-1000][155544.586s][info][gc,heap       ] GC(86) Old regions: 126->126
[2023-12-26T17:15:12.966-1000][155544.586s][info][gc,heap       ] GC(86) Humongous regions: 34->34
[2023-12-26T17:15:12.966-1000][155544.586s][info][gc,metaspace  ] GC(86) Metaspace: 140162K->140162K(1175552K)
[2023-12-26T17:15:12.966-1000][155544.586s][info][gc            ] GC(86) Pause Young (Normal) (G1 Evacuation Pause) 457M->159M(512M) 5.473ms
[2023-12-26T17:15:12.966-1000][155544.586s][info][gc,cpu        ] GC(86) User=0.01s Sys=0.01s Real=0.00s
[2023-12-27T11:31:05.286-1000][158404.796s][info][gc,start      ] GC(87) Pause Young (Normal) (G1 Evacuation Pause)
[2023-12-27T11:31:05.288-1000][158404.798s][info][gc,task       ] GC(87) Using 8 workers of 8 for evacuation
[2023-12-27T11:31:05.308-1000][158404.818s][info][gc,phases     ] GC(87)   Pre Evacuate Collection Set: 0.9ms
[2023-12-27T11:31:05.308-1000][158404.818s][info][gc,phases     ] GC(87)   Evacuate Collection Set: 16.6ms
[2023-12-27T11:31:05.308-1000][158404.818s][info][gc,phases     ] GC(87)   Post Evacuate Collection Set: 1.5ms
[2023-12-27T11:31:05.308-1000][158404.818s][info][gc,phases     ] GC(87)   Other: 3.2ms
[2023-12-27T11:31:05.308-1000][158404.818s][info][gc,heap       ] GC(87) Eden regions: 298->0(298)
[2023-12-27T11:31:05.308-1000][158404.818s][info][gc,heap       ] GC(87) Survivor regions: 1->1(38)
[2023-12-27T11:31:05.308-1000][158404.818s][info][gc,heap       ] GC(87) Old regions: 126->126
[2023-12-27T11:31:05.308-1000][158404.818s][info][gc,heap       ] GC(87) Humongous regions: 34->34
[2023-12-27T11:31:05.308-1000][158404.818s][info][gc,metaspace  ] GC(87) Metaspace: 140165K->140165K(1175552K)
[2023-12-27T11:31:05.308-1000][158404.818s][info][gc            ] GC(87) Pause Young (Normal) (G1 Evacuation Pause) 457M->159M(512M) 22.263ms
[2023-12-27T11:31:05.308-1000][158404.818s][info][gc,cpu        ] GC(87) User=0.06s Sys=0.06s Real=0.02s
[2023-12-27T12:19:48.636-1000][161327.636s][info][gc,start      ] GC(88) Pause Young (Normal) (G1 Evacuation Pause)
[2023-12-27T12:19:48.637-1000][161327.637s][info][gc,task       ] GC(88) Using 8 workers of 8 for evacuation
[2023-12-27T12:19:48.641-1000][161327.640s][info][gc,phases     ] GC(88)   Pre Evacuate Collection Set: 0.0ms
[2023-12-27T12:19:48.641-1000][161327.640s][info][gc,phases     ] GC(88)   Evacuate Collection Set: 1.6ms
[2023-12-27T12:19:48.641-1000][161327.640s][info][gc,phases     ] GC(88)   Post Evacuate Collection Set: 1.1ms
[2023-12-27T12:19:48.641-1000][161327.640s][info][gc,phases     ] GC(88)   Other: 1.8ms
[2023-12-27T12:19:48.641-1000][161327.640s][info][gc,heap       ] GC(88) Eden regions: 298->0(298)
[2023-12-27T12:19:48.641-1000][161327.640s][info][gc,heap       ] GC(88) Survivor regions: 1->1(38)
[2023-12-27T12:19:48.641-1000][161327.640s][info][gc,heap       ] GC(88) Old regions: 126->126
[2023-12-27T12:19:48.641-1000][161327.640s][info][gc,heap       ] GC(88) Humongous regions: 34->34
[2023-12-27T12:19:48.641-1000][161327.640s][info][gc,metaspace  ] GC(88) Metaspace: 140165K->140165K(1175552K)
[2023-12-27T12:19:48.641-1000][161327.640s][info][gc            ] GC(88) Pause Young (Normal) (G1 Evacuation Pause) 457M->159M(512M) 4.694ms
[2023-12-27T12:19:48.641-1000][161327.640s][info][gc,cpu        ] GC(88) User=0.01s Sys=0.01s Real=0.01s
[2023-12-27T13:08:28.741-1000][164247.688s][info][gc,start      ] GC(89) Pause Young (Normal) (G1 Evacuation Pause)
[2023-12-27T13:08:28.744-1000][164247.690s][info][gc,task       ] GC(89) Using 8 workers of 8 for evacuation
[2023-12-27T13:08:28.746-1000][164247.693s][info][gc,phases     ] GC(89)   Pre Evacuate Collection Set: 0.0ms
[2023-12-27T13:08:28.746-1000][164247.693s][info][gc,phases     ] GC(89)   Evacuate Collection Set: 1.6ms
[2023-12-27T13:08:28.746-1000][164247.693s][info][gc,phases     ] GC(89)   Post Evacuate Collection Set: 0.8ms
[2023-12-27T13:08:28.747-1000][164247.693s][info][gc,phases     ] GC(89)   Other: 2.5ms
[2023-12-27T13:08:28.747-1000][164247.693s][info][gc,heap       ] GC(89) Eden regions: 298->0(298)
[2023-12-27T13:08:28.747-1000][164247.693s][info][gc,heap       ] GC(89) Survivor regions: 1->1(38)
[2023-12-27T13:08:28.747-1000][164247.693s][info][gc,heap       ] GC(89) Old regions: 126->126
[2023-12-27T13:08:28.747-1000][164247.693s][info][gc,heap       ] GC(89) Humongous regions: 34->34
[2023-12-27T13:08:28.747-1000][164247.693s][info][gc,metaspace  ] GC(89) Metaspace: 140165K->140165K(1175552K)
[2023-12-27T13:08:28.747-1000][164247.693s][info][gc            ] GC(89) Pause Young (Normal) (G1 Evacuation Pause) 457M->159M(512M) 5.303ms
[2023-12-27T13:08:28.747-1000][164247.693s][info][gc,cpu        ] GC(89) User=0.01s Sys=0.01s Real=0.00s
[2023-12-27T13:57:11.973-1000][167170.864s][info][gc,start      ] GC(90) Pause Young (Normal) (G1 Evacuation Pause)
[2023-12-27T13:57:11.977-1000][167170.867s][info][gc,task       ] GC(90) Using 8 workers of 8 for evacuation
[2023-12-27T13:57:11.979-1000][167170.870s][info][gc,phases     ] GC(90)   Pre Evacuate Collection Set: 0.0ms
[2023-12-27T13:57:11.979-1000][167170.870s][info][gc,phases     ] GC(90)   Evacuate Collection Set: 1.5ms
[2023-12-27T13:57:11.980-1000][167170.870s][info][gc,phases     ] GC(90)   Post Evacuate Collection Set: 0.8ms
[2023-12-27T13:57:11.980-1000][167170.870s][info][gc,phases     ] GC(90)   Other: 3.6ms
[2023-12-27T13:57:11.980-1000][167170.870s][info][gc,heap       ] GC(90) Eden regions: 298->0(298)
[2023-12-27T13:57:11.980-1000][167170.870s][info][gc,heap       ] GC(90) Survivor regions: 1->1(38)
[2023-12-27T13:57:11.980-1000][167170.870s][info][gc,heap       ] GC(90) Old regions: 126->126
[2023-12-27T13:57:11.980-1000][167170.870s][info][gc,heap       ] GC(90) Humongous regions: 34->34
[2023-12-27T13:57:11.980-1000][167170.870s][info][gc,metaspace  ] GC(90) Metaspace: 140165K->140165K(1175552K)
[2023-12-27T13:57:11.980-1000][167170.871s][info][gc            ] GC(90) Pause Young (Normal) (G1 Evacuation Pause) 457M->159M(512M) 6.364ms
[2023-12-27T13:57:11.980-1000][167170.871s][info][gc,cpu        ] GC(90) User=0.01s Sys=0.01s Real=0.01s
[2023-12-27T14:45:46.070-1000][170084.999s][info][gc,start      ] GC(91) Pause Young (Normal) (G1 Evacuation Pause)
[2023-12-27T14:45:46.072-1000][170085.000s][info][gc,task       ] GC(91) Using 8 workers of 8 for evacuation
[2023-12-27T14:45:46.075-1000][170085.003s][info][gc,phases     ] GC(91)   Pre Evacuate Collection Set: 0.0ms
[2023-12-27T14:45:46.075-1000][170085.003s][info][gc,phases     ] GC(91)   Evacuate Collection Set: 1.5ms
[2023-12-27T14:45:46.075-1000][170085.003s][info][gc,phases     ] GC(91)   Post Evacuate Collection Set: 0.8ms
[2023-12-27T14:45:46.075-1000][170085.003s][info][gc,phases     ] GC(91)   Other: 1.8ms
[2023-12-27T14:45:46.075-1000][170085.003s][info][gc,heap       ] GC(91) Eden regions: 298->0(298)
[2023-12-27T14:45:46.075-1000][170085.003s][info][gc,heap       ] GC(91) Survivor regions: 1->1(38)
[2023-12-27T14:45:46.075-1000][170085.003s][info][gc,heap       ] GC(91) Old regions: 126->126
[2023-12-27T14:45:46.075-1000][170085.003s][info][gc,heap       ] GC(91) Humongous regions: 34->34
[2023-12-27T14:45:46.075-1000][170085.003s][info][gc,metaspace  ] GC(91) Metaspace: 140165K->140165K(1175552K)
[2023-12-27T14:45:46.075-1000][170085.004s][info][gc            ] GC(91) Pause Young (Normal) (G1 Evacuation Pause) 457M->159M(512M) 4.532ms
[2023-12-27T14:45:46.075-1000][170085.004s][info][gc,cpu        ] GC(91) User=0.02s Sys=0.00s Real=0.00s
[2023-12-27T15:34:23.417-1000][173002.212s][info][gc,start      ] GC(92) Pause Young (Normal) (G1 Evacuation Pause)
[2023-12-27T15:34:23.419-1000][173002.214s][info][gc,task       ] GC(92) Using 8 workers of 8 for evacuation
[2023-12-27T15:34:23.422-1000][173002.217s][info][gc,phases     ] GC(92)   Pre Evacuate Collection Set: 0.0ms
[2023-12-27T15:34:23.422-1000][173002.217s][info][gc,phases     ] GC(92)   Evacuate Collection Set: 1.6ms
[2023-12-27T15:34:23.422-1000][173002.217s][info][gc,phases     ] GC(92)   Post Evacuate Collection Set: 1.0ms
[2023-12-27T15:34:23.422-1000][173002.217s][info][gc,phases     ] GC(92)   Other: 2.8ms
[2023-12-27T15:34:23.422-1000][173002.217s][info][gc,heap       ] GC(92) Eden regions: 298->0(298)
[2023-12-27T15:34:23.422-1000][173002.217s][info][gc,heap       ] GC(92) Survivor regions: 1->1(38)
[2023-12-27T15:34:23.422-1000][173002.217s][info][gc,heap       ] GC(92) Old regions: 126->126
[2023-12-27T15:34:23.422-1000][173002.217s][info][gc,heap       ] GC(92) Humongous regions: 34->34
[2023-12-27T15:34:23.422-1000][173002.217s][info][gc,metaspace  ] GC(92) Metaspace: 140167K->140167K(1175552K)
[2023-12-27T15:34:23.422-1000][173002.217s][info][gc            ] GC(92) Pause Young (Normal) (G1 Evacuation Pause) 457M->159M(512M) 5.672ms
[2023-12-27T15:34:23.422-1000][173002.218s][info][gc,cpu        ] GC(92) User=0.01s Sys=0.00s Real=0.01s
[2023-12-27T16:23:06.519-1000][175925.228s][info][gc,start      ] GC(93) Pause Young (Normal) (G1 Evacuation Pause)
[2023-12-27T16:23:06.522-1000][175925.231s][info][gc,task       ] GC(93) Using 8 workers of 8 for evacuation
[2023-12-27T16:23:06.525-1000][175925.233s][info][gc,phases     ] GC(93)   Pre Evacuate Collection Set: 0.0ms
[2023-12-27T16:23:06.525-1000][175925.233s][info][gc,phases     ] GC(93)   Evacuate Collection Set: 1.5ms
[2023-12-27T16:23:06.525-1000][175925.233s][info][gc,phases     ] GC(93)   Post Evacuate Collection Set: 0.9ms
[2023-12-27T16:23:06.525-1000][175925.233s][info][gc,phases     ] GC(93)   Other: 3.0ms
[2023-12-27T16:23:06.525-1000][175925.233s][info][gc,heap       ] GC(93) Eden regions: 298->0(298)
[2023-12-27T16:23:06.525-1000][175925.234s][info][gc,heap       ] GC(93) Survivor regions: 1->1(38)
[2023-12-27T16:23:06.525-1000][175925.234s][info][gc,heap       ] GC(93) Old regions: 126->126
[2023-12-27T16:23:06.525-1000][175925.234s][info][gc,heap       ] GC(93) Humongous regions: 34->34
[2023-12-27T16:23:06.525-1000][175925.234s][info][gc,metaspace  ] GC(93) Metaspace: 140167K->140167K(1175552K)
[2023-12-27T16:23:06.525-1000][175925.234s][info][gc            ] GC(93) Pause Young (Normal) (G1 Evacuation Pause) 457M->159M(512M) 5.726ms
[2023-12-27T16:23:06.525-1000][175925.234s][info][gc,cpu        ] GC(93) User=0.01s Sys=0.00s Real=0.01s
[2023-12-27T17:11:49.501-1000][178848.213s][info][gc,start      ] GC(94) Pause Young (Normal) (G1 Evacuation Pause)
[2023-12-27T17:11:49.503-1000][178848.215s][info][gc,task       ] GC(94) Using 8 workers of 8 for evacuation
[2023-12-27T17:11:49.506-1000][178848.218s][info][gc,phases     ] GC(94)   Pre Evacuate Collection Set: 0.0ms
[2023-12-27T17:11:49.506-1000][178848.218s][info][gc,phases     ] GC(94)   Evacuate Collection Set: 1.6ms
[2023-12-27T17:11:49.506-1000][178848.218s][info][gc,phases     ] GC(94)   Post Evacuate Collection Set: 1.0ms
[2023-12-27T17:11:49.506-1000][178848.218s][info][gc,phases     ] GC(94)   Other: 2.7ms
[2023-12-27T17:11:49.506-1000][178848.218s][info][gc,heap       ] GC(94) Eden regions: 298->0(298)
[2023-12-27T17:11:49.506-1000][178848.218s][info][gc,heap       ] GC(94) Survivor regions: 1->1(38)
[2023-12-27T17:11:49.506-1000][178848.218s][info][gc,heap       ] GC(94) Old regions: 126->126
[2023-12-27T17:11:49.506-1000][178848.218s][info][gc,heap       ] GC(94) Humongous regions: 34->34
[2023-12-27T17:11:49.506-1000][178848.219s][info][gc,metaspace  ] GC(94) Metaspace: 140167K->140167K(1175552K)
[2023-12-27T17:11:49.506-1000][178848.219s][info][gc            ] GC(94) Pause Young (Normal) (G1 Evacuation Pause) 457M->159M(512M) 5.627ms
[2023-12-27T17:11:49.506-1000][178848.219s][info][gc,cpu        ] GC(94) User=0.02s Sys=0.00s Real=0.00s
[2023-12-27T17:59:35.775-1000][181714.450s][info][gc,start      ] GC(95) Pause Young (Normal) (G1 Evacuation Pause)
[2023-12-27T17:59:35.776-1000][181714.452s][info][gc,task       ] GC(95) Using 8 workers of 8 for evacuation
[2023-12-27T17:59:35.779-1000][181714.455s][info][gc,phases     ] GC(95)   Pre Evacuate Collection Set: 0.0ms
[2023-12-27T17:59:35.779-1000][181714.455s][info][gc,phases     ] GC(95)   Evacuate Collection Set: 1.7ms
[2023-12-27T17:59:35.779-1000][181714.455s][info][gc,phases     ] GC(95)   Post Evacuate Collection Set: 0.8ms
[2023-12-27T17:59:35.779-1000][181714.455s][info][gc,phases     ] GC(95)   Other: 2.2ms
[2023-12-27T17:59:35.779-1000][181714.455s][info][gc,heap       ] GC(95) Eden regions: 298->0(298)
[2023-12-27T17:59:35.779-1000][181714.455s][info][gc,heap       ] GC(95) Survivor regions: 1->1(38)
[2023-12-27T17:59:35.779-1000][181714.455s][info][gc,heap       ] GC(95) Old regions: 126->126
[2023-12-27T17:59:35.779-1000][181714.455s][info][gc,heap       ] GC(95) Humongous regions: 34->34
[2023-12-27T17:59:35.780-1000][181714.455s][info][gc,metaspace  ] GC(95) Metaspace: 140170K->140170K(1175552K)
[2023-12-27T17:59:35.780-1000][181714.455s][info][gc            ] GC(95) Pause Young (Normal) (G1 Evacuation Pause) 457M->159M(512M) 5.041ms
[2023-12-27T17:59:35.780-1000][181714.455s][info][gc,cpu        ] GC(95) User=0.02s Sys=0.00s Real=0.01s
[2023-12-27T18:48:19.105-1000][184637.784s][info][gc,start      ] GC(96) Pause Young (Normal) (G1 Evacuation Pause)
[2023-12-27T18:48:19.107-1000][184637.786s][info][gc,task       ] GC(96) Using 8 workers of 8 for evacuation
[2023-12-27T18:48:19.110-1000][184637.789s][info][gc,phases     ] GC(96)   Pre Evacuate Collection Set: 0.0ms
[2023-12-27T18:48:19.110-1000][184637.789s][info][gc,phases     ] GC(96)   Evacuate Collection Set: 1.4ms
[2023-12-27T18:48:19.110-1000][184637.789s][info][gc,phases     ] GC(96)   Post Evacuate Collection Set: 0.9ms
[2023-12-27T18:48:19.110-1000][184637.789s][info][gc,phases     ] GC(96)   Other: 2.5ms
[2023-12-27T18:48:19.110-1000][184637.789s][info][gc,heap       ] GC(96) Eden regions: 298->0(298)
[2023-12-27T18:48:19.110-1000][184637.789s][info][gc,heap       ] GC(96) Survivor regions: 1->1(38)
[2023-12-27T18:48:19.110-1000][184637.789s][info][gc,heap       ] GC(96) Old regions: 126->126
[2023-12-27T18:48:19.110-1000][184637.789s][info][gc,heap       ] GC(96) Humongous regions: 34->34
[2023-12-27T18:48:19.110-1000][184637.789s][info][gc,metaspace  ] GC(96) Metaspace: 140170K->140170K(1175552K)
[2023-12-27T18:48:19.110-1000][184637.789s][info][gc            ] GC(96) Pause Young (Normal) (G1 Evacuation Pause) 457M->159M(512M) 5.081ms
[2023-12-27T18:48:19.110-1000][184637.789s][info][gc,cpu        ] GC(96) User=0.01s Sys=0.01s Real=0.01s
[2023-12-27T19:36:59.425-1000][187557.969s][info][gc,start      ] GC(97) Pause Young (Normal) (G1 Evacuation Pause)
[2023-12-27T19:36:59.427-1000][187557.972s][info][gc,task       ] GC(97) Using 8 workers of 8 for evacuation
[2023-12-27T19:36:59.430-1000][187557.974s][info][gc,phases     ] GC(97)   Pre Evacuate Collection Set: 0.0ms
[2023-12-27T19:36:59.430-1000][187557.974s][info][gc,phases     ] GC(97)   Evacuate Collection Set: 1.4ms
[2023-12-27T19:36:59.430-1000][187557.974s][info][gc,phases     ] GC(97)   Post Evacuate Collection Set: 0.7ms
[2023-12-27T19:36:59.430-1000][187557.974s][info][gc,phases     ] GC(97)   Other: 2.7ms
[2023-12-27T19:36:59.430-1000][187557.974s][info][gc,heap       ] GC(97) Eden regions: 298->0(298)
[2023-12-27T19:36:59.430-1000][187557.975s][info][gc,heap       ] GC(97) Survivor regions: 1->1(38)
[2023-12-27T19:36:59.430-1000][187557.975s][info][gc,heap       ] GC(97) Old regions: 126->126
[2023-12-27T19:36:59.430-1000][187557.975s][info][gc,heap       ] GC(97) Humongous regions: 34->34
[2023-12-27T19:36:59.430-1000][187557.975s][info][gc,metaspace  ] GC(97) Metaspace: 140170K->140170K(1175552K)
[2023-12-27T19:36:59.430-1000][187557.975s][info][gc            ] GC(97) Pause Young (Normal) (G1 Evacuation Pause) 457M->159M(512M) 5.190ms
[2023-12-27T19:36:59.430-1000][187557.975s][info][gc,cpu        ] GC(97) User=0.01s Sys=0.01s Real=0.01s
[2023-12-27T20:25:42.592-1000][190481.073s][info][gc,start      ] GC(98) Pause Young (Normal) (G1 Evacuation Pause)
[2023-12-27T20:25:42.594-1000][190481.074s][info][gc,task       ] GC(98) Using 8 workers of 8 for evacuation
[2023-12-27T20:25:42.596-1000][190481.076s][info][gc,phases     ] GC(98)   Pre Evacuate Collection Set: 0.0ms
[2023-12-27T20:25:42.596-1000][190481.076s][info][gc,phases     ] GC(98)   Evacuate Collection Set: 1.0ms
[2023-12-27T20:25:42.596-1000][190481.076s][info][gc,phases     ] GC(98)   Post Evacuate Collection Set: 0.6ms
[2023-12-27T20:25:42.596-1000][190481.076s][info][gc,phases     ] GC(98)   Other: 1.6ms
[2023-12-27T20:25:42.596-1000][190481.076s][info][gc,heap       ] GC(98) Eden regions: 298->0(298)
[2023-12-27T20:25:42.596-1000][190481.076s][info][gc,heap       ] GC(98) Survivor regions: 1->1(38)
[2023-12-27T20:25:42.596-1000][190481.076s][info][gc,heap       ] GC(98) Old regions: 126->126
[2023-12-27T20:25:42.596-1000][190481.076s][info][gc,heap       ] GC(98) Humongous regions: 34->34
[2023-12-27T20:25:42.596-1000][190481.076s][info][gc,metaspace  ] GC(98) Metaspace: 140170K->140170K(1175552K)
[2023-12-27T20:25:42.596-1000][190481.077s][info][gc            ] GC(98) Pause Young (Normal) (G1 Evacuation Pause) 457M->159M(512M) 3.414ms
[2023-12-27T20:25:42.596-1000][190481.077s][info][gc,cpu        ] GC(98) User=0.00s Sys=0.00s Real=0.00s
[2023-12-27T21:14:24.835-1000][193403.259s][info][gc,start      ] GC(99) Pause Young (Normal) (G1 Evacuation Pause)
[2023-12-27T21:14:24.838-1000][193403.262s][info][gc,task       ] GC(99) Using 8 workers of 8 for evacuation
[2023-12-27T21:14:24.840-1000][193403.264s][info][gc,phases     ] GC(99)   Pre Evacuate Collection Set: 0.0ms
[2023-12-27T21:14:24.840-1000][193403.264s][info][gc,phases     ] GC(99)   Evacuate Collection Set: 1.3ms
[2023-12-27T21:14:24.840-1000][193403.264s][info][gc,phases     ] GC(99)   Post Evacuate Collection Set: 0.8ms
[2023-12-27T21:14:24.840-1000][193403.265s][info][gc,phases     ] GC(99)   Other: 3.5ms
[2023-12-27T21:14:24.840-1000][193403.265s][info][gc,heap       ] GC(99) Eden regions: 298->0(298)
[2023-12-27T21:14:24.840-1000][193403.265s][info][gc,heap       ] GC(99) Survivor regions: 1->1(38)
[2023-12-27T21:14:24.840-1000][193403.265s][info][gc,heap       ] GC(99) Old regions: 126->126
[2023-12-27T21:14:24.841-1000][193403.265s][info][gc,heap       ] GC(99) Humongous regions: 34->34
[2023-12-27T21:14:24.841-1000][193403.265s][info][gc,metaspace  ] GC(99) Metaspace: 140170K->140170K(1175552K)
[2023-12-27T21:14:24.841-1000][193403.265s][info][gc            ] GC(99) Pause Young (Normal) (G1 Evacuation Pause) 457M->159M(512M) 5.958ms
[2023-12-27T21:14:24.841-1000][193403.265s][info][gc,cpu        ] GC(99) User=0.01s Sys=0.00s Real=0.01s
[2023-12-27T22:02:59.924-1000][196318.447s][info][gc,start      ] GC(100) Pause Young (Normal) (G1 Evacuation Pause)
[2023-12-27T22:02:59.927-1000][196318.449s][info][gc,task       ] GC(100) Using 8 workers of 8 for evacuation
[2023-12-27T22:02:59.929-1000][196318.452s][info][gc,phases     ] GC(100)   Pre Evacuate Collection Set: 0.0ms
[2023-12-27T22:02:59.929-1000][196318.452s][info][gc,phases     ] GC(100)   Evacuate Collection Set: 1.4ms
[2023-12-27T22:02:59.930-1000][196318.452s][info][gc,phases     ] GC(100)   Post Evacuate Collection Set: 0.8ms
[2023-12-27T22:02:59.930-1000][196318.452s][info][gc,phases     ] GC(100)   Other: 2.8ms
[2023-12-27T22:02:59.930-1000][196318.452s][info][gc,heap       ] GC(100) Eden regions: 298->0(298)
[2023-12-27T22:02:59.930-1000][196318.452s][info][gc,heap       ] GC(100) Survivor regions: 1->1(38)
[2023-12-27T22:02:59.930-1000][196318.452s][info][gc,heap       ] GC(100) Old regions: 126->126
[2023-12-27T22:02:59.930-1000][196318.452s][info][gc,heap       ] GC(100) Humongous regions: 34->34
[2023-12-27T22:02:59.930-1000][196318.452s][info][gc,metaspace  ] GC(100) Metaspace: 140170K->140170K(1175552K)
[2023-12-27T22:02:59.930-1000][196318.452s][info][gc            ] GC(100) Pause Young (Normal) (G1 Evacuation Pause) 457M->159M(512M) 5.408ms
[2023-12-27T22:02:59.930-1000][196318.452s][info][gc,cpu        ] GC(100) User=0.01s Sys=0.00s Real=0.01s
[2023-12-28T00:41:06.139-1000][199191.518s][info][gc,start      ] GC(101) Pause Young (Normal) (G1 Evacuation Pause)
[2023-12-28T00:41:06.141-1000][199191.520s][info][gc,task       ] GC(101) Using 8 workers of 8 for evacuation
[2023-12-28T00:41:06.159-1000][199191.538s][info][gc,phases     ] GC(101)   Pre Evacuate Collection Set: 0.9ms
[2023-12-28T00:41:06.159-1000][199191.538s][info][gc,phases     ] GC(101)   Evacuate Collection Set: 14.1ms
[2023-12-28T00:41:06.159-1000][199191.538s][info][gc,phases     ] GC(101)   Post Evacuate Collection Set: 1.7ms
[2023-12-28T00:41:06.159-1000][199191.538s][info][gc,phases     ] GC(101)   Other: 3.2ms
[2023-12-28T00:41:06.159-1000][199191.538s][info][gc,heap       ] GC(101) Eden regions: 298->0(298)
[2023-12-28T00:41:06.159-1000][199191.538s][info][gc,heap       ] GC(101) Survivor regions: 1->1(38)
[2023-12-28T00:41:06.159-1000][199191.538s][info][gc,heap       ] GC(101) Old regions: 126->126
[2023-12-28T00:41:06.159-1000][199191.538s][info][gc,heap       ] GC(101) Humongous regions: 34->34
[2023-12-28T00:41:06.159-1000][199191.538s][info][gc,metaspace  ] GC(101) Metaspace: 140204K->140204K(1175552K)
[2023-12-28T00:41:06.159-1000][199191.538s][info][gc            ] GC(101) Pause Young (Normal) (G1 Evacuation Pause) 457M->159M(512M) 20.053ms
[2023-12-28T00:41:06.159-1000][199191.538s][info][gc,cpu        ] GC(101) User=0.04s Sys=0.05s Real=0.02s
[2023-12-28T01:29:49.273-1000][202114.393s][info][gc,start      ] GC(102) Pause Young (Normal) (G1 Evacuation Pause)
[2023-12-28T01:29:49.274-1000][202114.394s][info][gc,task       ] GC(102) Using 8 workers of 8 for evacuation
[2023-12-28T01:29:49.278-1000][202114.398s][info][gc,phases     ] GC(102)   Pre Evacuate Collection Set: 0.0ms
[2023-12-28T01:29:49.278-1000][202114.398s][info][gc,phases     ] GC(102)   Evacuate Collection Set: 2.3ms
[2023-12-28T01:29:49.278-1000][202114.398s][info][gc,phases     ] GC(102)   Post Evacuate Collection Set: 0.8ms
[2023-12-28T01:29:49.278-1000][202114.398s][info][gc,phases     ] GC(102)   Other: 1.5ms
[2023-12-28T01:29:49.278-1000][202114.398s][info][gc,heap       ] GC(102) Eden regions: 298->0(298)
[2023-12-28T01:29:49.278-1000][202114.398s][info][gc,heap       ] GC(102) Survivor regions: 1->1(38)
[2023-12-28T01:29:49.278-1000][202114.398s][info][gc,heap       ] GC(102) Old regions: 126->126
[2023-12-28T01:29:49.278-1000][202114.398s][info][gc,heap       ] GC(102) Humongous regions: 34->34
[2023-12-28T01:29:49.278-1000][202114.398s][info][gc,metaspace  ] GC(102) Metaspace: 140204K->140204K(1175552K)
[2023-12-28T01:29:49.278-1000][202114.398s][info][gc            ] GC(102) Pause Young (Normal) (G1 Evacuation Pause) 457M->159M(512M) 4.919ms
[2023-12-28T01:29:49.278-1000][202114.398s][info][gc,cpu        ] GC(102) User=0.02s Sys=0.00s Real=0.00s
[2023-12-28T02:18:30.113-1000][205035.235s][info][gc,start      ] GC(103) Pause Young (Normal) (G1 Evacuation Pause)
[2023-12-28T02:18:30.114-1000][205035.236s][info][gc,task       ] GC(103) Using 8 workers of 8 for evacuation
[2023-12-28T02:18:30.118-1000][205035.240s][info][gc,phases     ] GC(103)   Pre Evacuate Collection Set: 0.0ms
[2023-12-28T02:18:30.118-1000][205035.240s][info][gc,phases     ] GC(103)   Evacuate Collection Set: 1.8ms
[2023-12-28T02:18:30.118-1000][205035.240s][info][gc,phases     ] GC(103)   Post Evacuate Collection Set: 1.6ms
[2023-12-28T02:18:30.118-1000][205035.240s][info][gc,phases     ] GC(103)   Other: 1.8ms
[2023-12-28T02:18:30.118-1000][205035.240s][info][gc,heap       ] GC(103) Eden regions: 298->0(298)
[2023-12-28T02:18:30.118-1000][205035.240s][info][gc,heap       ] GC(103) Survivor regions: 1->1(38)
[2023-12-28T02:18:30.118-1000][205035.240s][info][gc,heap       ] GC(103) Old regions: 126->126
[2023-12-28T02:18:30.118-1000][205035.240s][info][gc,heap       ] GC(103) Humongous regions: 34->34
[2023-12-28T02:18:30.118-1000][205035.240s][info][gc,metaspace  ] GC(103) Metaspace: 140204K->140204K(1175552K)
[2023-12-28T02:18:30.118-1000][205035.240s][info][gc            ] GC(103) Pause Young (Normal) (G1 Evacuation Pause) 457M->159M(512M) 5.428ms
[2023-12-28T02:18:30.118-1000][205035.240s][info][gc,cpu        ] GC(103) User=0.02s Sys=0.01s Real=0.00s
[2023-12-28T03:07:18.461-1000][207963.554s][info][gc,start      ] GC(104) Pause Young (Normal) (G1 Evacuation Pause)
[2023-12-28T03:07:18.463-1000][207963.556s][info][gc,task       ] GC(104) Using 8 workers of 8 for evacuation
[2023-12-28T03:07:18.467-1000][207963.560s][info][gc,phases     ] GC(104)   Pre Evacuate Collection Set: 0.0ms
[2023-12-28T03:07:18.467-1000][207963.560s][info][gc,phases     ] GC(104)   Evacuate Collection Set: 1.7ms
[2023-12-28T03:07:18.467-1000][207963.560s][info][gc,phases     ] GC(104)   Post Evacuate Collection Set: 1.3ms
[2023-12-28T03:07:18.467-1000][207963.560s][info][gc,phases     ] GC(104)   Other: 2.4ms
[2023-12-28T03:07:18.467-1000][207963.560s][info][gc,heap       ] GC(104) Eden regions: 298->0(298)
[2023-12-28T03:07:18.467-1000][207963.560s][info][gc,heap       ] GC(104) Survivor regions: 1->1(38)
[2023-12-28T03:07:18.467-1000][207963.560s][info][gc,heap       ] GC(104) Old regions: 126->126
[2023-12-28T03:07:18.467-1000][207963.560s][info][gc,heap       ] GC(104) Humongous regions: 34->34
[2023-12-28T03:07:18.467-1000][207963.560s][info][gc,metaspace  ] GC(104) Metaspace: 140204K->140204K(1175552K)
[2023-12-28T03:07:18.467-1000][207963.560s][info][gc            ] GC(104) Pause Young (Normal) (G1 Evacuation Pause) 457M->159M(512M) 5.785ms
[2023-12-28T03:07:18.467-1000][207963.560s][info][gc,cpu        ] GC(104) User=0.02s Sys=0.01s Real=0.00s
[2023-12-28T03:55:58.938-1000][210883.965s][info][gc,start      ] GC(105) Pause Young (Normal) (G1 Evacuation Pause)
[2023-12-28T03:55:58.940-1000][210883.967s][info][gc,task       ] GC(105) Using 8 workers of 8 for evacuation
[2023-12-28T03:55:58.944-1000][210883.971s][info][gc,phases     ] GC(105)   Pre Evacuate Collection Set: 0.0ms
[2023-12-28T03:55:58.944-1000][210883.971s][info][gc,phases     ] GC(105)   Evacuate Collection Set: 1.7ms
[2023-12-28T03:55:58.944-1000][210883.971s][info][gc,phases     ] GC(105)   Post Evacuate Collection Set: 1.5ms
[2023-12-28T03:55:58.944-1000][210883.971s][info][gc,phases     ] GC(105)   Other: 2.7ms
[2023-12-28T03:55:58.944-1000][210883.971s][info][gc,heap       ] GC(105) Eden regions: 298->0(298)
[2023-12-28T03:55:58.944-1000][210883.971s][info][gc,heap       ] GC(105) Survivor regions: 1->1(38)
[2023-12-28T03:55:58.944-1000][210883.971s][info][gc,heap       ] GC(105) Old regions: 126->126
[2023-12-28T03:55:58.944-1000][210883.971s][info][gc,heap       ] GC(105) Humongous regions: 34->34
[2023-12-28T03:55:58.944-1000][210883.971s][info][gc,metaspace  ] GC(105) Metaspace: 140204K->140204K(1175552K)
[2023-12-28T03:55:58.944-1000][210883.971s][info][gc            ] GC(105) Pause Young (Normal) (G1 Evacuation Pause) 457M->159M(512M) 6.127ms
[2023-12-28T03:55:58.944-1000][210883.971s][info][gc,cpu        ] GC(105) User=0.02s Sys=0.00s Real=0.01s
[2023-12-28T04:44:47.005-1000][213811.981s][info][gc,start      ] GC(106) Pause Young (Normal) (G1 Evacuation Pause)
[2023-12-28T04:44:47.007-1000][213811.982s][info][gc,task       ] GC(106) Using 8 workers of 8 for evacuation
[2023-12-28T04:44:47.010-1000][213811.985s][info][gc,phases     ] GC(106)   Pre Evacuate Collection Set: 0.0ms
[2023-12-28T04:44:47.010-1000][213811.985s][info][gc,phases     ] GC(106)   Evacuate Collection Set: 1.6ms
[2023-12-28T04:44:47.010-1000][213811.985s][info][gc,phases     ] GC(106)   Post Evacuate Collection Set: 1.0ms
[2023-12-28T04:44:47.010-1000][213811.985s][info][gc,phases     ] GC(106)   Other: 1.8ms
[2023-12-28T04:44:47.010-1000][213811.985s][info][gc,heap       ] GC(106) Eden regions: 298->0(298)
[2023-12-28T04:44:47.010-1000][213811.985s][info][gc,heap       ] GC(106) Survivor regions: 1->1(38)
[2023-12-28T04:44:47.010-1000][213811.985s][info][gc,heap       ] GC(106) Old regions: 126->126
[2023-12-28T04:44:47.010-1000][213811.986s][info][gc,heap       ] GC(106) Humongous regions: 34->34
[2023-12-28T04:44:47.010-1000][213811.986s][info][gc,metaspace  ] GC(106) Metaspace: 140204K->140204K(1175552K)
[2023-12-28T04:44:47.010-1000][213811.986s][info][gc            ] GC(106) Pause Young (Normal) (G1 Evacuation Pause) 457M->159M(512M) 4.797ms
[2023-12-28T04:44:47.010-1000][213811.986s][info][gc,cpu        ] GC(106) User=0.01s Sys=0.00s Real=0.01s
[2023-12-28T05:33:00.303-1000][216705.185s][info][gc,start      ] GC(107) Pause Young (Normal) (G1 Evacuation Pause)
[2023-12-28T05:33:00.303-1000][216705.185s][info][gc,task       ] GC(107) Using 8 workers of 8 for evacuation
[2023-12-28T05:33:00.307-1000][216705.189s][info][gc,phases     ] GC(107)   Pre Evacuate Collection Set: 0.0ms
[2023-12-28T05:33:00.307-1000][216705.189s][info][gc,phases     ] GC(107)   Evacuate Collection Set: 1.6ms
[2023-12-28T05:33:00.307-1000][216705.189s][info][gc,phases     ] GC(107)   Post Evacuate Collection Set: 1.7ms
[2023-12-28T05:33:00.307-1000][216705.189s][info][gc,phases     ] GC(107)   Other: 0.9ms
[2023-12-28T05:33:00.307-1000][216705.189s][info][gc,heap       ] GC(107) Eden regions: 298->0(298)
[2023-12-28T05:33:00.307-1000][216705.189s][info][gc,heap       ] GC(107) Survivor regions: 1->1(38)
[2023-12-28T05:33:00.307-1000][216705.189s][info][gc,heap       ] GC(107) Old regions: 126->126
[2023-12-28T05:33:00.307-1000][216705.189s][info][gc,heap       ] GC(107) Humongous regions: 34->34
[2023-12-28T05:33:00.307-1000][216705.189s][info][gc,metaspace  ] GC(107) Metaspace: 140204K->140204K(1175552K)
[2023-12-28T05:33:00.307-1000][216705.189s][info][gc            ] GC(107) Pause Young (Normal) (G1 Evacuation Pause) 457M->159M(512M) 4.318ms
[2023-12-28T05:33:00.307-1000][216705.189s][info][gc,cpu        ] GC(107) User=0.02s Sys=0.01s Real=0.00s
[2023-12-28T06:21:14.281-1000][219599.091s][info][gc,start      ] GC(108) Pause Young (Normal) (G1 Evacuation Pause)
[2023-12-28T06:21:14.282-1000][219599.093s][info][gc,task       ] GC(108) Using 8 workers of 8 for evacuation
[2023-12-28T06:21:14.287-1000][219599.097s][info][gc,phases     ] GC(108)   Pre Evacuate Collection Set: 0.0ms
[2023-12-28T06:21:14.287-1000][219599.097s][info][gc,phases     ] GC(108)   Evacuate Collection Set: 1.7ms
[2023-12-28T06:21:14.287-1000][219599.097s][info][gc,phases     ] GC(108)   Post Evacuate Collection Set: 2.2ms
[2023-12-28T06:21:14.287-1000][219599.097s][info][gc,phases     ] GC(108)   Other: 1.8ms
[2023-12-28T06:21:14.287-1000][219599.097s][info][gc,heap       ] GC(108) Eden regions: 298->0(298)
[2023-12-28T06:21:14.287-1000][219599.097s][info][gc,heap       ] GC(108) Survivor regions: 1->1(38)
[2023-12-28T06:21:14.287-1000][219599.097s][info][gc,heap       ] GC(108) Old regions: 126->126
[2023-12-28T06:21:14.287-1000][219599.097s][info][gc,heap       ] GC(108) Humongous regions: 34->34
[2023-12-28T06:21:14.287-1000][219599.097s][info][gc,metaspace  ] GC(108) Metaspace: 140204K->140204K(1175552K)
[2023-12-28T06:21:14.287-1000][219599.097s][info][gc            ] GC(108) Pause Young (Normal) (G1 Evacuation Pause) 457M->159M(512M) 6.031ms
[2023-12-28T06:21:14.287-1000][219599.097s][info][gc,cpu        ] GC(108) User=0.02s Sys=0.00s Real=0.00s
[2023-12-28T07:09:55.018-1000][222519.893s][info][gc,start      ] GC(109) Pause Young (Normal) (G1 Evacuation Pause)
[2023-12-28T07:09:55.020-1000][222519.895s][info][gc,task       ] GC(109) Using 8 workers of 8 for evacuation
[2023-12-28T07:09:55.023-1000][222519.898s][info][gc,phases     ] GC(109)   Pre Evacuate Collection Set: 0.0ms
[2023-12-28T07:09:55.023-1000][222519.898s][info][gc,phases     ] GC(109)   Evacuate Collection Set: 1.6ms
[2023-12-28T07:09:55.023-1000][222519.898s][info][gc,phases     ] GC(109)   Post Evacuate Collection Set: 1.6ms
[2023-12-28T07:09:55.023-1000][222519.898s][info][gc,phases     ] GC(109)   Other: 1.8ms
[2023-12-28T07:09:55.023-1000][222519.898s][info][gc,heap       ] GC(109) Eden regions: 298->0(298)
[2023-12-28T07:09:55.023-1000][222519.898s][info][gc,heap       ] GC(109) Survivor regions: 1->1(38)
[2023-12-28T07:09:55.023-1000][222519.898s][info][gc,heap       ] GC(109) Old regions: 126->126
[2023-12-28T07:09:55.023-1000][222519.898s][info][gc,heap       ] GC(109) Humongous regions: 34->34
[2023-12-28T07:09:55.023-1000][222519.898s][info][gc,metaspace  ] GC(109) Metaspace: 140205K->140205K(1175552K)
[2023-12-28T07:09:55.023-1000][222519.898s][info][gc            ] GC(109) Pause Young (Normal) (G1 Evacuation Pause) 457M->159M(512M) 5.298ms
[2023-12-28T07:09:55.023-1000][222519.898s][info][gc,cpu        ] GC(109) User=0.02s Sys=0.00s Real=0.01s
[2023-12-28T07:58:36.765-1000][225441.621s][info][gc,start      ] GC(110) Pause Young (Normal) (G1 Evacuation Pause)
[2023-12-28T07:58:36.768-1000][225441.624s][info][gc,task       ] GC(110) Using 8 workers of 8 for evacuation
[2023-12-28T07:58:36.771-1000][225441.627s][info][gc,phases     ] GC(110)   Pre Evacuate Collection Set: 0.0ms
[2023-12-28T07:58:36.771-1000][225441.627s][info][gc,phases     ] GC(110)   Evacuate Collection Set: 1.8ms
[2023-12-28T07:58:36.771-1000][225441.627s][info][gc,phases     ] GC(110)   Post Evacuate Collection Set: 0.9ms
[2023-12-28T07:58:36.771-1000][225441.627s][info][gc,phases     ] GC(110)   Other: 2.9ms
[2023-12-28T07:58:36.771-1000][225441.627s][info][gc,heap       ] GC(110) Eden regions: 298->0(298)
[2023-12-28T07:58:36.771-1000][225441.627s][info][gc,heap       ] GC(110) Survivor regions: 1->1(38)
[2023-12-28T07:58:36.771-1000][225441.627s][info][gc,heap       ] GC(110) Old regions: 126->126
[2023-12-28T07:58:36.771-1000][225441.627s][info][gc,heap       ] GC(110) Humongous regions: 34->34
[2023-12-28T07:58:36.771-1000][225441.627s][info][gc,metaspace  ] GC(110) Metaspace: 140205K->140205K(1175552K)
[2023-12-28T07:58:36.772-1000][225441.627s][info][gc            ] GC(110) Pause Young (Normal) (G1 Evacuation Pause) 457M->159M(512M) 6.045ms
[2023-12-28T07:58:36.772-1000][225441.627s][info][gc,cpu        ] GC(110) User=0.01s Sys=0.01s Real=0.01s
[2023-12-28T12:42:39.893-1000][226934.122s][info][gc,start      ] GC(111) Pause Young (Normal) (G1 Evacuation Pause)
[2023-12-28T12:42:39.893-1000][226934.123s][info][gc,task       ] GC(111) Using 8 workers of 8 for evacuation
[2023-12-28T12:42:39.904-1000][226934.134s][info][gc,phases     ] GC(111)   Pre Evacuate Collection Set: 0.2ms
[2023-12-28T12:42:39.904-1000][226934.134s][info][gc,phases     ] GC(111)   Evacuate Collection Set: 8.1ms
[2023-12-28T12:42:39.904-1000][226934.134s][info][gc,phases     ] GC(111)   Post Evacuate Collection Set: 2.5ms
[2023-12-28T12:42:39.904-1000][226934.134s][info][gc,phases     ] GC(111)   Other: 0.9ms
[2023-12-28T12:42:39.904-1000][226934.134s][info][gc,heap       ] GC(111) Eden regions: 298->0(294)
[2023-12-28T12:42:39.904-1000][226934.134s][info][gc,heap       ] GC(111) Survivor regions: 1->2(38)
[2023-12-28T12:42:39.904-1000][226934.134s][info][gc,heap       ] GC(111) Old regions: 126->126
[2023-12-28T12:42:39.904-1000][226934.134s][info][gc,heap       ] GC(111) Humongous regions: 36->36
[2023-12-28T12:42:39.904-1000][226934.134s][info][gc,metaspace  ] GC(111) Metaspace: 140371K->140371K(1175552K)
[2023-12-28T12:42:39.904-1000][226934.134s][info][gc            ] GC(111) Pause Young (Normal) (G1 Evacuation Pause) 459M->163M(512M) 11.820ms
[2023-12-28T12:42:39.904-1000][226934.134s][info][gc,cpu        ] GC(111) User=0.02s Sys=0.03s Real=0.01s
[2023-12-28T12:42:40.286-1000][226934.516s][info][gc,start      ] GC(112) Pause Young (Normal) (GCLocker Initiated GC)
[2023-12-28T12:42:40.286-1000][226934.516s][info][gc,task       ] GC(112) Using 8 workers of 8 for evacuation
[2023-12-28T12:42:40.290-1000][226934.519s][info][gc,phases     ] GC(112)   Pre Evacuate Collection Set: 0.0ms
[2023-12-28T12:42:40.290-1000][226934.519s][info][gc,phases     ] GC(112)   Evacuate Collection Set: 2.1ms
[2023-12-28T12:42:40.290-1000][226934.519s][info][gc,phases     ] GC(112)   Post Evacuate Collection Set: 1.2ms
[2023-12-28T12:42:40.290-1000][226934.519s][info][gc,phases     ] GC(112)   Other: 0.3ms
[2023-12-28T12:42:40.290-1000][226934.519s][info][gc,heap       ] GC(112) Eden regions: 294->0(290)
[2023-12-28T12:42:40.290-1000][226934.519s][info][gc,heap       ] GC(112) Survivor regions: 2->4(37)
[2023-12-28T12:42:40.290-1000][226934.519s][info][gc,heap       ] GC(112) Old regions: 126->126
[2023-12-28T12:42:40.290-1000][226934.519s][info][gc,heap       ] GC(112) Humongous regions: 36->36
[2023-12-28T12:42:40.290-1000][226934.519s][info][gc,metaspace  ] GC(112) Metaspace: 140394K->140394K(1175552K)
[2023-12-28T12:42:40.290-1000][226934.519s][info][gc            ] GC(112) Pause Young (Normal) (GCLocker Initiated GC) 457M->165M(512M) 3.726ms
[2023-12-28T12:42:40.290-1000][226934.519s][info][gc,cpu        ] GC(112) User=0.01s Sys=0.00s Real=0.01s
[2023-12-28T12:42:40.489-1000][226934.719s][info][gc,start      ] GC(113) Pause Young (Normal) (G1 Evacuation Pause)
[2023-12-28T12:42:40.490-1000][226934.719s][info][gc,task       ] GC(113) Using 8 workers of 8 for evacuation
[2023-12-28T12:42:40.493-1000][226934.723s][info][gc,phases     ] GC(113)   Pre Evacuate Collection Set: 0.0ms
[2023-12-28T12:42:40.494-1000][226934.723s][info][gc,phases     ] GC(113)   Evacuate Collection Set: 2.6ms
[2023-12-28T12:42:40.494-1000][226934.723s][info][gc,phases     ] GC(113)   Post Evacuate Collection Set: 1.2ms
[2023-12-28T12:42:40.494-1000][226934.723s][info][gc,phases     ] GC(113)   Other: 0.2ms
[2023-12-28T12:42:40.494-1000][226934.723s][info][gc,heap       ] GC(113) Eden regions: 290->0(286)
[2023-12-28T12:42:40.494-1000][226934.723s][info][gc,heap       ] GC(113) Survivor regions: 4->6(37)
[2023-12-28T12:42:40.494-1000][226934.723s][info][gc,heap       ] GC(113) Old regions: 126->126
[2023-12-28T12:42:40.494-1000][226934.723s][info][gc,heap       ] GC(113) Humongous regions: 36->36
[2023-12-28T12:42:40.494-1000][226934.723s][info][gc,metaspace  ] GC(113) Metaspace: 140423K->140423K(1175552K)
[2023-12-28T12:42:40.494-1000][226934.723s][info][gc            ] GC(113) Pause Young (Normal) (G1 Evacuation Pause) 455M->166M(512M) 4.263ms
[2023-12-28T12:42:40.494-1000][226934.723s][info][gc,cpu        ] GC(113) User=0.02s Sys=0.00s Real=0.01s
[2023-12-28T12:42:40.695-1000][226934.924s][info][gc,start      ] GC(114) Pause Young (Normal) (GCLocker Initiated GC)
[2023-12-28T12:42:40.696-1000][226934.924s][info][gc,task       ] GC(114) Using 8 workers of 8 for evacuation
[2023-12-28T12:42:40.702-1000][226934.931s][info][gc,phases     ] GC(114)   Pre Evacuate Collection Set: 0.0ms
[2023-12-28T12:42:40.702-1000][226934.931s][info][gc,phases     ] GC(114)   Evacuate Collection Set: 4.8ms
[2023-12-28T12:42:40.702-1000][226934.931s][info][gc,phases     ] GC(114)   Post Evacuate Collection Set: 1.3ms
[2023-12-28T12:42:40.702-1000][226934.931s][info][gc,phases     ] GC(114)   Other: 0.4ms
[2023-12-28T12:42:40.702-1000][226934.931s][info][gc,heap       ] GC(114) Eden regions: 286->0(284)
[2023-12-28T12:42:40.702-1000][226934.931s][info][gc,heap       ] GC(114) Survivor regions: 6->7(37)
[2023-12-28T12:42:40.702-1000][226934.931s][info][gc,heap       ] GC(114) Old regions: 126->126
[2023-12-28T12:42:40.702-1000][226934.931s][info][gc,heap       ] GC(114) Humongous regions: 36->36
[2023-12-28T12:42:40.702-1000][226934.931s][info][gc,metaspace  ] GC(114) Metaspace: 140581K->140581K(1175552K)
[2023-12-28T12:42:40.702-1000][226934.931s][info][gc            ] GC(114) Pause Young (Normal) (GCLocker Initiated GC) 452M->168M(512M) 6.668ms
[2023-12-28T12:42:40.702-1000][226934.931s][info][gc,cpu        ] GC(114) User=0.03s Sys=0.00s Real=0.01s
[2023-12-28T12:42:40.845-1000][226935.073s][info][gc,start      ] GC(115) Pause Young (Normal) (G1 Evacuation Pause)
[2023-12-28T12:42:40.857-1000][226935.086s][info][gc,task       ] GC(115) Using 8 workers of 8 for evacuation
[2023-12-28T12:42:40.865-1000][226935.093s][info][gc,phases     ] GC(115)   Pre Evacuate Collection Set: 0.1ms
[2023-12-28T12:42:40.865-1000][226935.093s][info][gc,phases     ] GC(115)   Evacuate Collection Set: 5.6ms
[2023-12-28T12:42:40.865-1000][226935.094s][info][gc,phases     ] GC(115)   Post Evacuate Collection Set: 1.8ms
[2023-12-28T12:42:40.865-1000][226935.094s][info][gc,phases     ] GC(115)   Other: 12.7ms
[2023-12-28T12:42:40.865-1000][226935.094s][info][gc,heap       ] GC(115) Eden regions: 284->0(280)
[2023-12-28T12:42:40.865-1000][226935.094s][info][gc,heap       ] GC(115) Survivor regions: 7->9(37)
[2023-12-28T12:42:40.865-1000][226935.094s][info][gc,heap       ] GC(115) Old regions: 126->126
[2023-12-28T12:42:40.865-1000][226935.094s][info][gc,heap       ] GC(115) Humongous regions: 36->36
[2023-12-28T12:42:40.865-1000][226935.094s][info][gc,metaspace  ] GC(115) Metaspace: 140610K->140610K(1175552K)
[2023-12-28T12:42:40.865-1000][226935.094s][info][gc            ] GC(115) Pause Young (Normal) (G1 Evacuation Pause) 452M->169M(512M) 20.286ms
[2023-12-28T12:42:40.865-1000][226935.094s][info][gc,cpu        ] GC(115) User=0.04s Sys=0.01s Real=0.02s
[2023-12-28T12:42:40.992-1000][226935.221s][info][gc,start      ] GC(116) Pause Young (Normal) (G1 Evacuation Pause)
[2023-12-28T12:42:40.992-1000][226935.221s][info][gc,task       ] GC(116) Using 8 workers of 8 for evacuation
[2023-12-28T12:42:40.999-1000][226935.228s][info][gc,phases     ] GC(116)   Pre Evacuate Collection Set: 0.0ms
[2023-12-28T12:42:40.999-1000][226935.228s][info][gc,phases     ] GC(116)   Evacuate Collection Set: 4.7ms
[2023-12-28T12:42:40.999-1000][226935.228s][info][gc,phases     ] GC(116)   Post Evacuate Collection Set: 1.6ms
[2023-12-28T12:42:40.999-1000][226935.228s][info][gc,phases     ] GC(116)   Other: 0.2ms
[2023-12-28T12:42:40.999-1000][226935.228s][info][gc,heap       ] GC(116) Eden regions: 280->0(278)
[2023-12-28T12:42:40.999-1000][226935.228s][info][gc,heap       ] GC(116) Survivor regions: 9->10(37)
[2023-12-28T12:42:40.999-1000][226935.228s][info][gc,heap       ] GC(116) Old regions: 126->126
[2023-12-28T12:42:40.999-1000][226935.228s][info][gc,heap       ] GC(116) Humongous regions: 36->36
[2023-12-28T12:42:40.999-1000][226935.228s][info][gc,metaspace  ] GC(116) Metaspace: 140611K->140611K(1175552K)
[2023-12-28T12:42:40.999-1000][226935.228s][info][gc            ] GC(116) Pause Young (Normal) (G1 Evacuation Pause) 449M->171M(512M) 6.772ms
[2023-12-28T12:42:40.999-1000][226935.228s][info][gc,cpu        ] GC(116) User=0.03s Sys=0.00s Real=0.00s
[2023-12-28T12:42:41.121-1000][226935.349s][info][gc,start      ] GC(117) Pause Young (Normal) (G1 Evacuation Pause)
[2023-12-28T12:42:41.121-1000][226935.349s][info][gc,task       ] GC(117) Using 8 workers of 8 for evacuation
[2023-12-28T12:42:41.127-1000][226935.355s][info][gc,phases     ] GC(117)   Pre Evacuate Collection Set: 0.0ms
[2023-12-28T12:42:41.127-1000][226935.355s][info][gc,phases     ] GC(117)   Evacuate Collection Set: 4.6ms
[2023-12-28T12:42:41.127-1000][226935.355s][info][gc,phases     ] GC(117)   Post Evacuate Collection Set: 1.2ms
[2023-12-28T12:42:41.127-1000][226935.355s][info][gc,phases     ] GC(117)   Other: 0.2ms
[2023-12-28T12:42:41.127-1000][226935.355s][info][gc,heap       ] GC(117) Eden regions: 278->0(276)
[2023-12-28T12:42:41.127-1000][226935.355s][info][gc,heap       ] GC(117) Survivor regions: 10->11(36)
[2023-12-28T12:42:41.127-1000][226935.355s][info][gc,heap       ] GC(117) Old regions: 126->126
[2023-12-28T12:42:41.127-1000][226935.355s][info][gc,heap       ] GC(117) Humongous regions: 36->36
[2023-12-28T12:42:41.127-1000][226935.355s][info][gc,metaspace  ] GC(117) Metaspace: 140627K->140627K(1175552K)
[2023-12-28T12:42:41.127-1000][226935.355s][info][gc            ] GC(117) Pause Young (Normal) (G1 Evacuation Pause) 449M->172M(512M) 6.110ms
[2023-12-28T12:42:41.127-1000][226935.355s][info][gc,cpu        ] GC(117) User=0.03s Sys=0.00s Real=0.00s
[2023-12-28T12:42:41.300-1000][226935.529s][info][gc,start      ] GC(118) Pause Young (Normal) (GCLocker Initiated GC)
[2023-12-28T12:42:41.308-1000][226935.536s][info][gc,task       ] GC(118) Using 8 workers of 8 for evacuation
[2023-12-28T12:42:41.316-1000][226935.544s][info][gc,phases     ] GC(118)   Pre Evacuate Collection Set: 0.0ms
[2023-12-28T12:42:41.316-1000][226935.544s][info][gc,phases     ] GC(118)   Evacuate Collection Set: 6.9ms
[2023-12-28T12:42:41.316-1000][226935.545s][info][gc,phases     ] GC(118)   Post Evacuate Collection Set: 1.1ms
[2023-12-28T12:42:41.316-1000][226935.545s][info][gc,phases     ] GC(118)   Other: 7.7ms
[2023-12-28T12:42:41.316-1000][226935.545s][info][gc,heap       ] GC(118) Eden regions: 277->0(272)
[2023-12-28T12:42:41.316-1000][226935.545s][info][gc,heap       ] GC(118) Survivor regions: 11->13(36)
[2023-12-28T12:42:41.316-1000][226935.545s][info][gc,heap       ] GC(118) Old regions: 126->126
[2023-12-28T12:42:41.316-1000][226935.545s][info][gc,heap       ] GC(118) Humongous regions: 36->36
[2023-12-28T12:42:41.316-1000][226935.545s][info][gc,metaspace  ] GC(118) Metaspace: 140672K->140672K(1175552K)
[2023-12-28T12:42:41.316-1000][226935.545s][info][gc            ] GC(118) Pause Young (Normal) (GCLocker Initiated GC) 449M->173M(512M) 15.838ms
[2023-12-28T12:42:41.316-1000][226935.545s][info][gc,cpu        ] GC(118) User=0.05s Sys=0.00s Real=0.01s
[2023-12-28T12:42:41.444-1000][226935.672s][info][gc,start      ] GC(119) Pause Young (Normal) (G1 Evacuation Pause)
[2023-12-28T12:42:41.444-1000][226935.672s][info][gc,task       ] GC(119) Using 8 workers of 8 for evacuation
[2023-12-28T12:42:41.451-1000][226935.680s][info][gc,phases     ] GC(119)   Pre Evacuate Collection Set: 0.0ms
[2023-12-28T12:42:41.451-1000][226935.680s][info][gc,phases     ] GC(119)   Evacuate Collection Set: 6.0ms
[2023-12-28T12:42:41.451-1000][226935.680s][info][gc,phases     ] GC(119)   Post Evacuate Collection Set: 1.0ms
[2023-12-28T12:42:41.451-1000][226935.680s][info][gc,phases     ] GC(119)   Other: 0.2ms
[2023-12-28T12:42:41.451-1000][226935.680s][info][gc,heap       ] GC(119) Eden regions: 272->0(270)
[2023-12-28T12:42:41.451-1000][226935.680s][info][gc,heap       ] GC(119) Survivor regions: 13->14(36)
[2023-12-28T12:42:41.451-1000][226935.680s][info][gc,heap       ] GC(119) Old regions: 126->126
[2023-12-28T12:42:41.451-1000][226935.680s][info][gc,heap       ] GC(119) Humongous regions: 36->36
[2023-12-28T12:42:41.451-1000][226935.680s][info][gc,metaspace  ] GC(119) Metaspace: 140698K->140698K(1175552K)
[2023-12-28T12:42:41.451-1000][226935.680s][info][gc            ] GC(119) Pause Young (Normal) (G1 Evacuation Pause) 445M->174M(512M) 7.363ms
[2023-12-28T12:42:41.451-1000][226935.680s][info][gc,cpu        ] GC(119) User=0.04s Sys=0.00s Real=0.01s
[2023-12-28T12:42:41.563-1000][226935.791s][info][gc,start      ] GC(120) Pause Young (Normal) (G1 Evacuation Pause)
[2023-12-28T12:42:41.563-1000][226935.791s][info][gc,task       ] GC(120) Using 8 workers of 8 for evacuation
[2023-12-28T12:42:41.570-1000][226935.798s][info][gc,phases     ] GC(120)   Pre Evacuate Collection Set: 0.0ms
[2023-12-28T12:42:41.570-1000][226935.798s][info][gc,phases     ] GC(120)   Evacuate Collection Set: 5.7ms
[2023-12-28T12:42:41.570-1000][226935.798s][info][gc,phases     ] GC(120)   Post Evacuate Collection Set: 1.1ms
[2023-12-28T12:42:41.570-1000][226935.798s][info][gc,phases     ] GC(120)   Other: 0.2ms
[2023-12-28T12:42:41.570-1000][226935.798s][info][gc,heap       ] GC(120) Eden regions: 270->0(268)
[2023-12-28T12:42:41.570-1000][226935.798s][info][gc,heap       ] GC(120) Survivor regions: 14->15(36)
[2023-12-28T12:42:41.570-1000][226935.798s][info][gc,heap       ] GC(120) Old regions: 126->126
[2023-12-28T12:42:41.570-1000][226935.798s][info][gc,heap       ] GC(120) Humongous regions: 36->36
[2023-12-28T12:42:41.570-1000][226935.798s][info][gc,metaspace  ] GC(120) Metaspace: 140711K->140711K(1175552K)
[2023-12-28T12:42:41.570-1000][226935.798s][info][gc            ] GC(120) Pause Young (Normal) (G1 Evacuation Pause) 444M->175M(512M) 7.122ms
[2023-12-28T12:42:41.570-1000][226935.798s][info][gc,cpu        ] GC(120) User=0.05s Sys=0.00s Real=0.01s
[2023-12-28T12:42:41.732-1000][226935.960s][info][gc,start      ] GC(121) Pause Young (Normal) (G1 Evacuation Pause)
[2023-12-28T12:42:41.732-1000][226935.960s][info][gc,task       ] GC(121) Using 8 workers of 8 for evacuation
[2023-12-28T12:42:41.739-1000][226935.967s][info][gc,phases     ] GC(121)   Pre Evacuate Collection Set: 0.0ms
[2023-12-28T12:42:41.739-1000][226935.967s][info][gc,phases     ] GC(121)   Evacuate Collection Set: 7.0ms
[2023-12-28T12:42:41.739-1000][226935.967s][info][gc,phases     ] GC(121)   Post Evacuate Collection Set: 0.6ms
[2023-12-28T12:42:41.739-1000][226935.967s][info][gc,phases     ] GC(121)   Other: 0.2ms
[2023-12-28T12:42:41.739-1000][226935.967s][info][gc,heap       ] GC(121) Eden regions: 268->0(266)
[2023-12-28T12:42:41.739-1000][226935.967s][info][gc,heap       ] GC(121) Survivor regions: 15->16(36)
[2023-12-28T12:42:41.739-1000][226935.967s][info][gc,heap       ] GC(121) Old regions: 126->126
[2023-12-28T12:42:41.739-1000][226935.967s][info][gc,heap       ] GC(121) Humongous regions: 36->36
[2023-12-28T12:42:41.739-1000][226935.967s][info][gc,metaspace  ] GC(121) Metaspace: 140952K->140952K(1177600K)
[2023-12-28T12:42:41.739-1000][226935.967s][info][gc            ] GC(121) Pause Young (Normal) (G1 Evacuation Pause) 443M->177M(512M) 7.905ms
[2023-12-28T12:42:41.739-1000][226935.967s][info][gc,cpu        ] GC(121) User=0.05s Sys=0.00s Real=0.00s
[2023-12-28T12:42:41.857-1000][226936.085s][info][gc,start      ] GC(122) Pause Young (Normal) (G1 Evacuation Pause)
[2023-12-28T12:42:41.857-1000][226936.085s][info][gc,task       ] GC(122) Using 8 workers of 8 for evacuation
[2023-12-28T12:42:41.865-1000][226936.093s][info][gc,phases     ] GC(122)   Pre Evacuate Collection Set: 0.1ms
[2023-12-28T12:42:41.865-1000][226936.093s][info][gc,phases     ] GC(122)   Evacuate Collection Set: 7.3ms
[2023-12-28T12:42:41.865-1000][226936.093s][info][gc,phases     ] GC(122)   Post Evacuate Collection Set: 1.1ms
[2023-12-28T12:42:41.865-1000][226936.093s][info][gc,phases     ] GC(122)   Other: 0.3ms
[2023-12-28T12:42:41.865-1000][226936.093s][info][gc,heap       ] GC(122) Eden regions: 266->0(264)
[2023-12-28T12:42:41.866-1000][226936.093s][info][gc,heap       ] GC(122) Survivor regions: 16->17(36)
[2023-12-28T12:42:41.866-1000][226936.093s][info][gc,heap       ] GC(122) Old regions: 126->126
[2023-12-28T12:42:41.866-1000][226936.093s][info][gc,heap       ] GC(122) Humongous regions: 36->36
[2023-12-28T12:42:41.866-1000][226936.093s][info][gc,metaspace  ] GC(122) Metaspace: 141098K->141098K(1177600K)
[2023-12-28T12:42:41.866-1000][226936.094s][info][gc            ] GC(122) Pause Young (Normal) (G1 Evacuation Pause) 443M->178M(512M) 8.894ms
[2023-12-28T12:42:41.866-1000][226936.094s][info][gc,cpu        ] GC(122) User=0.05s Sys=0.00s Real=0.01s
[2023-12-28T12:42:41.997-1000][226936.225s][info][gc,start      ] GC(123) Pause Young (Normal) (G1 Evacuation Pause)
[2023-12-28T12:42:41.997-1000][226936.225s][info][gc,task       ] GC(123) Using 8 workers of 8 for evacuation
[2023-12-28T12:42:42.007-1000][226936.234s][info][gc,phases     ] GC(123)   Pre Evacuate Collection Set: 0.0ms
[2023-12-28T12:42:42.007-1000][226936.235s][info][gc,phases     ] GC(123)   Evacuate Collection Set: 8.3ms
[2023-12-28T12:42:42.007-1000][226936.235s][info][gc,phases     ] GC(123)   Post Evacuate Collection Set: 1.2ms
[2023-12-28T12:42:42.007-1000][226936.235s][info][gc,phases     ] GC(123)   Other: 0.3ms
[2023-12-28T12:42:42.007-1000][226936.235s][info][gc,heap       ] GC(123) Eden regions: 264->0(260)
[2023-12-28T12:42:42.007-1000][226936.235s][info][gc,heap       ] GC(123) Survivor regions: 17->19(36)
[2023-12-28T12:42:42.007-1000][226936.235s][info][gc,heap       ] GC(123) Old regions: 126->126
[2023-12-28T12:42:42.007-1000][226936.235s][info][gc,heap       ] GC(123) Humongous regions: 36->36
[2023-12-28T12:42:42.007-1000][226936.235s][info][gc,metaspace  ] GC(123) Metaspace: 141257K->141257K(1177600K)
[2023-12-28T12:42:42.007-1000][226936.235s][info][gc            ] GC(123) Pause Young (Normal) (G1 Evacuation Pause) 442M->180M(512M) 9.890ms
[2023-12-28T12:42:42.007-1000][226936.235s][info][gc,cpu        ] GC(123) User=0.06s Sys=0.00s Real=0.01s
[2023-12-28T12:42:42.107-1000][226936.335s][info][gc,start      ] GC(124) Pause Young (Normal) (G1 Evacuation Pause)
[2023-12-28T12:42:42.107-1000][226936.335s][info][gc,task       ] GC(124) Using 8 workers of 8 for evacuation
[2023-12-28T12:42:42.115-1000][226936.343s][info][gc,phases     ] GC(124)   Pre Evacuate Collection Set: 0.0ms
[2023-12-28T12:42:42.115-1000][226936.343s][info][gc,phases     ] GC(124)   Evacuate Collection Set: 7.2ms
[2023-12-28T12:42:42.115-1000][226936.343s][info][gc,phases     ] GC(124)   Post Evacuate Collection Set: 1.0ms
[2023-12-28T12:42:42.115-1000][226936.343s][info][gc,phases     ] GC(124)   Other: 0.3ms
[2023-12-28T12:42:42.115-1000][226936.343s][info][gc,heap       ] GC(124) Eden regions: 260->0(258)
[2023-12-28T12:42:42.115-1000][226936.343s][info][gc,heap       ] GC(124) Survivor regions: 19->20(35)
[2023-12-28T12:42:42.115-1000][226936.343s][info][gc,heap       ] GC(124) Old regions: 126->126
[2023-12-28T12:42:42.115-1000][226936.343s][info][gc,heap       ] GC(124) Humongous regions: 36->36
[2023-12-28T12:42:42.115-1000][226936.343s][info][gc,metaspace  ] GC(124) Metaspace: 141300K->141300K(1177600K)
[2023-12-28T12:42:42.115-1000][226936.343s][info][gc            ] GC(124) Pause Young (Normal) (G1 Evacuation Pause) 440M->181M(512M) 8.599ms
[2023-12-28T12:42:42.116-1000][226936.343s][info][gc,cpu        ] GC(124) User=0.05s Sys=0.00s Real=0.01s
[2023-12-28T12:42:42.306-1000][226936.534s][info][gc,start      ] GC(125) Pause Young (Normal) (GCLocker Initiated GC)
[2023-12-28T12:42:42.306-1000][226936.534s][info][gc,task       ] GC(125) Using 8 workers of 8 for evacuation
[2023-12-28T12:42:42.316-1000][226936.544s][info][gc,phases     ] GC(125)   Pre Evacuate Collection Set: 0.0ms
[2023-12-28T12:42:42.337-1000][226936.564s][info][gc,phases     ] GC(125)   Evacuate Collection Set: 9.0ms
[2023-12-28T12:42:42.337-1000][226936.564s][info][gc,phases     ] GC(125)   Post Evacuate Collection Set: 1.1ms
[2023-12-28T12:42:42.337-1000][226936.564s][info][gc,phases     ] GC(125)   Other: 0.2ms
[2023-12-28T12:42:42.337-1000][226936.565s][info][gc,heap       ] GC(125) Eden regions: 259->0(257)
[2023-12-28T12:42:42.337-1000][226936.565s][info][gc,heap       ] GC(125) Survivor regions: 20->20(35)
[2023-12-28T12:42:42.338-1000][226936.565s][info][gc,heap       ] GC(125) Old regions: 126->127
[2023-12-28T12:42:42.338-1000][226936.565s][info][gc,heap       ] GC(125) Humongous regions: 36->36
[2023-12-28T12:42:42.338-1000][226936.565s][info][gc,metaspace  ] GC(125) Metaspace: 142490K->142490K(1177600K)
[2023-12-28T12:42:42.338-1000][226936.565s][info][gc            ] GC(125) Pause Young (Normal) (GCLocker Initiated GC) 439M->182M(512M) 31.527ms
[2023-12-28T12:42:42.338-1000][226936.565s][info][gc,cpu        ] GC(125) User=0.06s Sys=0.00s Real=0.03s
[2023-12-28T12:42:42.509-1000][226936.736s][info][gc,start      ] GC(126) Pause Young (Normal) (G1 Evacuation Pause)
[2023-12-28T12:42:42.509-1000][226936.736s][info][gc,task       ] GC(126) Using 8 workers of 8 for evacuation
[2023-12-28T12:42:42.519-1000][226936.746s][info][gc,phases     ] GC(126)   Pre Evacuate Collection Set: 0.0ms
[2023-12-28T12:42:42.519-1000][226936.747s][info][gc,phases     ] GC(126)   Evacuate Collection Set: 8.8ms
[2023-12-28T12:42:42.519-1000][226936.747s][info][gc,phases     ] GC(126)   Post Evacuate Collection Set: 1.2ms
[2023-12-28T12:42:42.519-1000][226936.747s][info][gc,phases     ] GC(126)   Other: 0.2ms
[2023-12-28T12:42:42.519-1000][226936.747s][info][gc,heap       ] GC(126) Eden regions: 257->0(257)
[2023-12-28T12:42:42.519-1000][226936.747s][info][gc,heap       ] GC(126) Survivor regions: 20->19(35)
[2023-12-28T12:42:42.519-1000][226936.747s][info][gc,heap       ] GC(126) Old regions: 127->129
[2023-12-28T12:42:42.519-1000][226936.747s][info][gc,heap       ] GC(126) Humongous regions: 36->36
[2023-12-28T12:42:42.519-1000][226936.747s][info][gc,metaspace  ] GC(126) Metaspace: 144225K->144225K(1179648K)
[2023-12-28T12:42:42.519-1000][226936.747s][info][gc            ] GC(126) Pause Young (Normal) (G1 Evacuation Pause) 439M->183M(512M) 10.314ms
[2023-12-28T12:42:42.519-1000][226936.747s][info][gc,cpu        ] GC(126) User=0.07s Sys=0.00s Real=0.01s
[2023-12-28T12:42:42.868-1000][226937.095s][info][gc,start      ] GC(127) Pause Young (Normal) (G1 Evacuation Pause)
[2023-12-28T12:42:42.868-1000][226937.095s][info][gc,task       ] GC(127) Using 8 workers of 8 for evacuation
[2023-12-28T12:42:42.879-1000][226937.106s][info][gc,phases     ] GC(127)   Pre Evacuate Collection Set: 0.0ms
[2023-12-28T12:42:42.879-1000][226937.106s][info][gc,phases     ] GC(127)   Evacuate Collection Set: 9.4ms
[2023-12-28T12:42:42.879-1000][226937.106s][info][gc,phases     ] GC(127)   Post Evacuate Collection Set: 1.1ms
[2023-12-28T12:42:42.879-1000][226937.106s][info][gc,phases     ] GC(127)   Other: 0.2ms
[2023-12-28T12:42:42.879-1000][226937.106s][info][gc,heap       ] GC(127) Eden regions: 257->0(253)
[2023-12-28T12:42:42.879-1000][226937.106s][info][gc,heap       ] GC(127) Survivor regions: 19->21(35)
[2023-12-28T12:42:42.879-1000][226937.106s][info][gc,heap       ] GC(127) Old regions: 129->129
[2023-12-28T12:42:42.879-1000][226937.106s][info][gc,heap       ] GC(127) Humongous regions: 36->36
[2023-12-28T12:42:42.879-1000][226937.106s][info][gc,metaspace  ] GC(127) Metaspace: 145076K->145076K(1179648K)
[2023-12-28T12:42:42.879-1000][226937.106s][info][gc            ] GC(127) Pause Young (Normal) (G1 Evacuation Pause) 440M->185M(512M) 10.821ms
[2023-12-28T12:42:42.879-1000][226937.106s][info][gc,cpu        ] GC(127) User=0.06s Sys=0.00s Real=0.01s
[2023-12-28T12:51:04.874-1000][227439.079s][info][gc,start      ] GC(128) Pause Young (Normal) (G1 Evacuation Pause)
[2023-12-28T12:51:04.874-1000][227439.079s][info][gc,task       ] GC(128) Using 8 workers of 8 for evacuation
[2023-12-28T12:51:04.885-1000][227439.090s][info][gc,phases     ] GC(128)   Pre Evacuate Collection Set: 0.0ms
[2023-12-28T12:51:04.885-1000][227439.090s][info][gc,phases     ] GC(128)   Evacuate Collection Set: 9.5ms
[2023-12-28T12:51:04.885-1000][227439.090s][info][gc,phases     ] GC(128)   Post Evacuate Collection Set: 1.1ms
[2023-12-28T12:51:04.885-1000][227439.090s][info][gc,phases     ] GC(128)   Other: 0.3ms
[2023-12-28T12:51:04.885-1000][227439.090s][info][gc,heap       ] GC(128) Eden regions: 253->0(269)
[2023-12-28T12:51:04.885-1000][227439.090s][info][gc,heap       ] GC(128) Survivor regions: 21->12(35)
[2023-12-28T12:51:04.885-1000][227439.090s][info][gc,heap       ] GC(128) Old regions: 129->131
[2023-12-28T12:51:04.885-1000][227439.090s][info][gc,heap       ] GC(128) Humongous regions: 36->36
[2023-12-28T12:51:04.885-1000][227439.090s][info][gc,metaspace  ] GC(128) Metaspace: 148428K->148428K(1183744K)
[2023-12-28T12:51:04.885-1000][227439.090s][info][gc            ] GC(128) Pause Young (Normal) (G1 Evacuation Pause) 438M->177M(512M) 11.096ms
[2023-12-28T12:51:04.885-1000][227439.090s][info][gc,cpu        ] GC(128) User=0.06s Sys=0.01s Real=0.01s
[2024-01-02T09:02:09.996-1000][229821.230s][info][gc,start      ] GC(129) Pause Young (Normal) (G1 Evacuation Pause)
[2024-01-02T09:02:09.998-1000][229821.232s][info][gc,task       ] GC(129) Using 8 workers of 8 for evacuation
[2024-01-02T09:02:10.065-1000][229821.299s][info][gc,phases     ] GC(129)   Pre Evacuate Collection Set: 2.1ms
[2024-01-02T09:02:10.066-1000][229821.299s][info][gc,phases     ] GC(129)   Evacuate Collection Set: 60.4ms
[2024-01-02T09:02:10.066-1000][229821.299s][info][gc,phases     ] GC(129)   Post Evacuate Collection Set: 2.9ms
[2024-01-02T09:02:10.066-1000][229821.299s][info][gc,phases     ] GC(129)   Other: 3.8ms
[2024-01-02T09:02:10.066-1000][229821.299s][info][gc,heap       ] GC(129) Eden regions: 269->0(272)
[2024-01-02T09:02:10.066-1000][229821.299s][info][gc,heap       ] GC(129) Survivor regions: 12->10(36)
[2024-01-02T09:02:10.066-1000][229821.299s][info][gc,heap       ] GC(129) Old regions: 131->132
[2024-01-02T09:02:10.066-1000][229821.299s][info][gc,heap       ] GC(129) Humongous regions: 36->36
[2024-01-02T09:02:10.066-1000][229821.299s][info][gc,metaspace  ] GC(129) Metaspace: 148473K->148473K(1183744K)
[2024-01-02T09:02:10.066-1000][229821.299s][info][gc            ] GC(129) Pause Young (Normal) (G1 Evacuation Pause) 446M->177M(512M) 69.271ms
[2024-01-02T09:02:10.066-1000][229821.299s][info][gc,cpu        ] GC(129) User=0.07s Sys=0.22s Real=0.07s
[2024-01-02T14:08:23.433-1000][232479.129s][info][gc,start      ] GC(130) Pause Young (Normal) (G1 Evacuation Pause)
[2024-01-02T14:08:23.435-1000][232479.131s][info][gc,task       ] GC(130) Using 8 workers of 8 for evacuation
[2024-01-02T14:08:23.500-1000][232479.196s][info][gc,phases     ] GC(130)   Pre Evacuate Collection Set: 0.8ms
[2024-01-02T14:08:23.500-1000][232479.196s][info][gc,phases     ] GC(130)   Evacuate Collection Set: 62.3ms
[2024-01-02T14:08:23.500-1000][232479.196s][info][gc,phases     ] GC(130)   Post Evacuate Collection Set: 1.2ms
[2024-01-02T14:08:23.500-1000][232479.196s][info][gc,phases     ] GC(130)   Other: 2.7ms
[2024-01-02T14:08:23.500-1000][232479.196s][info][gc,heap       ] GC(130) Eden regions: 272->0(273)
[2024-01-02T14:08:23.500-1000][232479.196s][info][gc,heap       ] GC(130) Survivor regions: 10->9(36)
[2024-01-02T14:08:23.500-1000][232479.196s][info][gc,heap       ] GC(130) Old regions: 132->133
[2024-01-02T14:08:23.500-1000][232479.196s][info][gc,heap       ] GC(130) Humongous regions: 36->36
[2024-01-02T14:08:23.500-1000][232479.196s][info][gc,metaspace  ] GC(130) Metaspace: 148473K->148473K(1183744K)
[2024-01-02T14:08:23.500-1000][232479.196s][info][gc            ] GC(130) Pause Young (Normal) (G1 Evacuation Pause) 449M->177M(512M) 66.911ms
[2024-01-02T14:08:23.500-1000][232479.196s][info][gc,cpu        ] GC(130) User=0.07s Sys=0.23s Real=0.07s
[2024-01-02T14:57:44.358-1000][235135.414s][info][gc,start      ] GC(131) Pause Young (Normal) (G1 Evacuation Pause)
[2024-01-02T14:57:44.359-1000][235135.416s][info][gc,task       ] GC(131) Using 8 workers of 8 for evacuation
[2024-01-02T14:57:44.366-1000][235135.423s][info][gc,phases     ] GC(131)   Pre Evacuate Collection Set: 0.0ms
[2024-01-02T14:57:44.366-1000][235135.423s][info][gc,phases     ] GC(131)   Evacuate Collection Set: 5.9ms
[2024-01-02T14:57:44.366-1000][235135.423s][info][gc,phases     ] GC(131)   Post Evacuate Collection Set: 0.4ms
[2024-01-02T14:57:44.366-1000][235135.423s][info][gc,phases     ] GC(131)   Other: 1.8ms
[2024-01-02T14:57:44.366-1000][235135.423s][info][gc,heap       ] GC(131) Eden regions: 273->0(274)
[2024-01-02T14:57:44.366-1000][235135.423s][info][gc,heap       ] GC(131) Survivor regions: 9->8(36)
[2024-01-02T14:57:44.366-1000][235135.423s][info][gc,heap       ] GC(131) Old regions: 133->134
[2024-01-02T14:57:44.366-1000][235135.423s][info][gc,heap       ] GC(131) Humongous regions: 36->36
[2024-01-02T14:57:44.366-1000][235135.423s][info][gc,metaspace  ] GC(131) Metaspace: 148499K->148499K(1183744K)
[2024-01-02T14:57:44.366-1000][235135.423s][info][gc            ] GC(131) Pause Young (Normal) (G1 Evacuation Pause) 450M->177M(512M) 8.336ms
[2024-01-02T14:57:44.366-1000][235135.423s][info][gc,cpu        ] GC(131) User=0.04s Sys=0.00s Real=0.01s
[2024-01-03T11:06:51.313-1000][237784.739s][info][gc,start      ] GC(132) Pause Young (Normal) (G1 Evacuation Pause)
[2024-01-03T11:06:51.316-1000][237784.741s][info][gc,task       ] GC(132) Using 8 workers of 8 for evacuation
[2024-01-03T11:06:51.380-1000][237784.806s][info][gc,phases     ] GC(132)   Pre Evacuate Collection Set: 1.3ms
[2024-01-03T11:06:51.380-1000][237784.806s][info][gc,phases     ] GC(132)   Evacuate Collection Set: 59.6ms
[2024-01-03T11:06:51.380-1000][237784.806s][info][gc,phases     ] GC(132)   Post Evacuate Collection Set: 1.5ms
[2024-01-03T11:06:51.380-1000][237784.806s][info][gc,phases     ] GC(132)   Other: 4.9ms
[2024-01-03T11:06:51.380-1000][237784.806s][info][gc,heap       ] GC(132) Eden regions: 274->0(275)
[2024-01-03T11:06:51.380-1000][237784.806s][info][gc,heap       ] GC(132) Survivor regions: 8->7(36)
[2024-01-03T11:06:51.380-1000][237784.806s][info][gc,heap       ] GC(132) Old regions: 134->135
[2024-01-03T11:06:51.380-1000][237784.806s][info][gc,heap       ] GC(132) Humongous regions: 36->36
[2024-01-03T11:06:51.380-1000][237784.806s][info][gc,metaspace  ] GC(132) Metaspace: 148502K->148502K(1183744K)
[2024-01-03T11:06:51.380-1000][237784.806s][info][gc            ] GC(132) Pause Young (Normal) (G1 Evacuation Pause) 451M->177M(512M) 67.391ms
[2024-01-03T11:06:51.380-1000][237784.806s][info][gc,cpu        ] GC(132) User=0.06s Sys=0.26s Real=0.07s
[2024-01-03T12:17:45.806-1000][239630.861s][info][gc,start      ] GC(133) Pause Young (Normal) (G1 Evacuation Pause)
[2024-01-03T12:17:45.808-1000][239630.862s][info][gc,task       ] GC(133) Using 8 workers of 8 for evacuation
[2024-01-03T12:17:45.818-1000][239630.872s][info][gc,phases     ] GC(133)   Pre Evacuate Collection Set: 0.0ms
[2024-01-03T12:17:45.818-1000][239630.872s][info][gc,phases     ] GC(133)   Evacuate Collection Set: 9.2ms
[2024-01-03T12:17:45.818-1000][239630.873s][info][gc,phases     ] GC(133)   Post Evacuate Collection Set: 1.2ms
[2024-01-03T12:17:45.818-1000][239630.873s][info][gc,phases     ] GC(133)   Other: 1.3ms
[2024-01-03T12:17:45.818-1000][239630.873s][info][gc,heap       ] GC(133) Eden regions: 275->0(274)
[2024-01-03T12:17:45.818-1000][239630.873s][info][gc,heap       ] GC(133) Survivor regions: 7->7(36)
[2024-01-03T12:17:45.818-1000][239630.873s][info][gc,heap       ] GC(133) Old regions: 135->136
[2024-01-03T12:17:45.818-1000][239630.873s][info][gc,heap       ] GC(133) Humongous regions: 36->36
[2024-01-03T12:17:45.818-1000][239630.873s][info][gc,metaspace  ] GC(133) Metaspace: 148565K->148565K(1183744K)
[2024-01-03T12:17:45.818-1000][239630.873s][info][gc            ] GC(133) Pause Young (Normal) (G1 Evacuation Pause) 452M->178M(512M) 11.818ms
[2024-01-03T12:17:45.818-1000][239630.873s][info][gc,cpu        ] GC(133) User=0.05s Sys=0.01s Real=0.01s
[2024-01-03T12:17:46.343-1000][239631.397s][info][gc,start      ] GC(134) Pause Young (Normal) (G1 Evacuation Pause)
[2024-01-03T12:17:46.343-1000][239631.398s][info][gc,task       ] GC(134) Using 8 workers of 8 for evacuation
[2024-01-03T12:17:46.351-1000][239631.405s][info][gc,phases     ] GC(134)   Pre Evacuate Collection Set: 0.0ms
[2024-01-03T12:17:46.351-1000][239631.405s][info][gc,phases     ] GC(134)   Evacuate Collection Set: 6.8ms
[2024-01-03T12:17:46.351-1000][239631.405s][info][gc,phases     ] GC(134)   Post Evacuate Collection Set: 0.7ms
[2024-01-03T12:17:46.351-1000][239631.405s][info][gc,phases     ] GC(134)   Other: 0.2ms
[2024-01-03T12:17:46.351-1000][239631.405s][info][gc,heap       ] GC(134) Eden regions: 274->0(271)
[2024-01-03T12:17:46.351-1000][239631.405s][info][gc,heap       ] GC(134) Survivor regions: 7->8(36)
[2024-01-03T12:17:46.351-1000][239631.405s][info][gc,heap       ] GC(134) Old regions: 136->137
[2024-01-03T12:17:46.351-1000][239631.405s][info][gc,heap       ] GC(134) Humongous regions: 36->36
[2024-01-03T12:17:46.351-1000][239631.405s][info][gc,metaspace  ] GC(134) Metaspace: 148568K->148568K(1183744K)
[2024-01-03T12:17:46.351-1000][239631.405s][info][gc            ] GC(134) Pause Young (Normal) (G1 Evacuation Pause) 452M->179M(512M) 7.861ms
[2024-01-03T12:17:46.351-1000][239631.405s][info][gc,cpu        ] GC(134) User=0.04s Sys=0.00s Real=0.01s
[2024-01-03T12:17:46.650-1000][239631.704s][info][gc,start      ] GC(135) Pause Young (Normal) (G1 Evacuation Pause)
[2024-01-03T12:17:46.650-1000][239631.705s][info][gc,task       ] GC(135) Using 8 workers of 8 for evacuation
[2024-01-03T12:17:46.657-1000][239631.712s][info][gc,phases     ] GC(135)   Pre Evacuate Collection Set: 0.0ms
[2024-01-03T12:17:46.657-1000][239631.712s][info][gc,phases     ] GC(135)   Evacuate Collection Set: 5.4ms
[2024-01-03T12:17:46.657-1000][239631.712s][info][gc,phases     ] GC(135)   Post Evacuate Collection Set: 1.4ms
[2024-01-03T12:17:46.657-1000][239631.712s][info][gc,phases     ] GC(135)   Other: 0.2ms
[2024-01-03T12:17:46.657-1000][239631.712s][info][gc,heap       ] GC(135) Eden regions: 271->0(271)
[2024-01-03T12:17:46.657-1000][239631.712s][info][gc,heap       ] GC(135) Survivor regions: 8->8(35)
[2024-01-03T12:17:46.657-1000][239631.712s][info][gc,heap       ] GC(135) Old regions: 137->137
[2024-01-03T12:17:46.657-1000][239631.712s][info][gc,heap       ] GC(135) Humongous regions: 36->36
[2024-01-03T12:17:46.657-1000][239631.712s][info][gc,metaspace  ] GC(135) Metaspace: 148568K->148568K(1183744K)
[2024-01-03T12:17:46.657-1000][239631.712s][info][gc            ] GC(135) Pause Young (Normal) (G1 Evacuation Pause) 450M->180M(512M) 7.240ms
[2024-01-03T12:17:46.657-1000][239631.712s][info][gc,cpu        ] GC(135) User=0.04s Sys=0.00s Real=0.00s
[2024-01-03T12:17:46.931-1000][239631.985s][info][gc,start      ] GC(136) Pause Young (Normal) (G1 Evacuation Pause)
[2024-01-03T12:17:46.931-1000][239631.985s][info][gc,task       ] GC(136) Using 8 workers of 8 for evacuation
[2024-01-03T12:17:46.939-1000][239631.993s][info][gc,phases     ] GC(136)   Pre Evacuate Collection Set: 0.0ms
[2024-01-03T12:17:46.939-1000][239631.993s][info][gc,phases     ] GC(136)   Evacuate Collection Set: 7.1ms
[2024-01-03T12:17:46.939-1000][239631.993s][info][gc,phases     ] GC(136)   Post Evacuate Collection Set: 1.2ms
[2024-01-03T12:17:46.939-1000][239631.993s][info][gc,phases     ] GC(136)   Other: 0.2ms
[2024-01-03T12:17:46.939-1000][239631.994s][info][gc,heap       ] GC(136) Eden regions: 271->0(270)
[2024-01-03T12:17:46.939-1000][239631.994s][info][gc,heap       ] GC(136) Survivor regions: 8->8(35)
[2024-01-03T12:17:46.939-1000][239631.994s][info][gc,heap       ] GC(136) Old regions: 137->138
[2024-01-03T12:17:46.939-1000][239631.994s][info][gc,heap       ] GC(136) Humongous regions: 36->36
[2024-01-03T12:17:46.939-1000][239631.994s][info][gc,metaspace  ] GC(136) Metaspace: 148570K->148570K(1183744K)
[2024-01-03T12:17:46.939-1000][239631.994s][info][gc            ] GC(136) Pause Young (Normal) (G1 Evacuation Pause) 451M->181M(512M) 8.706ms
[2024-01-03T12:17:46.939-1000][239631.994s][info][gc,cpu        ] GC(136) User=0.04s Sys=0.00s Real=0.00s
[2024-01-03T12:50:34.031-1000][241599.078s][info][gc,start      ] GC(137) Pause Young (Normal) (G1 Evacuation Pause)
[2024-01-03T12:50:34.032-1000][241599.079s][info][gc,task       ] GC(137) Using 8 workers of 8 for evacuation
[2024-01-03T12:50:34.044-1000][241599.092s][info][gc,phases     ] GC(137)   Pre Evacuate Collection Set: 0.0ms
[2024-01-03T12:50:34.045-1000][241599.092s][info][gc,phases     ] GC(137)   Evacuate Collection Set: 10.0ms
[2024-01-03T12:50:34.045-1000][241599.092s][info][gc,phases     ] GC(137)   Post Evacuate Collection Set: 2.1ms
[2024-01-03T12:50:34.045-1000][241599.092s][info][gc,phases     ] GC(137)   Other: 1.7ms
[2024-01-03T12:50:34.045-1000][241599.092s][info][gc,heap       ] GC(137) Eden regions: 270->0(269)
[2024-01-03T12:50:34.045-1000][241599.092s][info][gc,heap       ] GC(137) Survivor regions: 8->8(35)
[2024-01-03T12:50:34.045-1000][241599.092s][info][gc,heap       ] GC(137) Old regions: 138->139
[2024-01-03T12:50:34.045-1000][241599.092s][info][gc,heap       ] GC(137) Humongous regions: 36->36
[2024-01-03T12:50:34.045-1000][241599.092s][info][gc,metaspace  ] GC(137) Metaspace: 148886K->148886K(1183744K)
[2024-01-03T12:50:34.045-1000][241599.092s][info][gc            ] GC(137) Pause Young (Normal) (G1 Evacuation Pause) 451M->182M(512M) 13.965ms
[2024-01-03T12:50:34.045-1000][241599.092s][info][gc,cpu        ] GC(137) User=0.07s Sys=0.01s Real=0.01s
[2024-01-03T13:34:29.088-1000][244234.125s][info][gc,start      ] GC(138) Pause Young (Normal) (G1 Evacuation Pause)
[2024-01-03T13:34:29.090-1000][244234.127s][info][gc,task       ] GC(138) Using 8 workers of 8 for evacuation
[2024-01-03T13:34:29.099-1000][244234.136s][info][gc,phases     ] GC(138)   Pre Evacuate Collection Set: 0.0ms
[2024-01-03T13:34:29.099-1000][244234.136s][info][gc,phases     ] GC(138)   Evacuate Collection Set: 8.2ms
[2024-01-03T13:34:29.099-1000][244234.136s][info][gc,phases     ] GC(138)   Post Evacuate Collection Set: 0.6ms
[2024-01-03T13:34:29.099-1000][244234.136s][info][gc,phases     ] GC(138)   Other: 1.8ms
[2024-01-03T13:34:29.099-1000][244234.136s][info][gc,heap       ] GC(138) Eden regions: 269->0(268)
[2024-01-03T13:34:29.099-1000][244234.136s][info][gc,heap       ] GC(138) Survivor regions: 8->8(35)
[2024-01-03T13:34:29.099-1000][244234.136s][info][gc,heap       ] GC(138) Old regions: 139->140
[2024-01-03T13:34:29.099-1000][244234.136s][info][gc,heap       ] GC(138) Humongous regions: 36->36
[2024-01-03T13:34:29.099-1000][244234.136s][info][gc,metaspace  ] GC(138) Metaspace: 148886K->148886K(1183744K)
[2024-01-03T13:34:29.099-1000][244234.136s][info][gc            ] GC(138) Pause Young (Normal) (G1 Evacuation Pause) 451M->182M(512M) 10.857ms
[2024-01-03T13:34:29.099-1000][244234.136s][info][gc,cpu        ] GC(138) User=0.06s Sys=0.01s Real=0.01s
[2024-01-03T14:17:57.155-1000][246842.007s][info][gc,start      ] GC(139) Pause Young (Normal) (G1 Evacuation Pause)
[2024-01-03T14:17:57.157-1000][246842.009s][info][gc,task       ] GC(139) Using 8 workers of 8 for evacuation
[2024-01-03T14:17:57.167-1000][246842.020s][info][gc,phases     ] GC(139)   Pre Evacuate Collection Set: 0.0ms
[2024-01-03T14:17:57.167-1000][246842.020s][info][gc,phases     ] GC(139)   Evacuate Collection Set: 7.9ms
[2024-01-03T14:17:57.167-1000][246842.020s][info][gc,phases     ] GC(139)   Post Evacuate Collection Set: 2.0ms
[2024-01-03T14:17:57.167-1000][246842.020s][info][gc,phases     ] GC(139)   Other: 2.5ms
[2024-01-03T14:17:57.167-1000][246842.020s][info][gc,heap       ] GC(139) Eden regions: 268->0(270)
[2024-01-03T14:17:57.167-1000][246842.020s][info][gc,heap       ] GC(139) Survivor regions: 8->7(35)
[2024-01-03T14:17:57.167-1000][246842.020s][info][gc,heap       ] GC(139) Old regions: 140->140
[2024-01-03T14:17:57.167-1000][246842.020s][info][gc,heap       ] GC(139) Humongous regions: 36->36
[2024-01-03T14:17:57.167-1000][246842.020s][info][gc,metaspace  ] GC(139) Metaspace: 148887K->148887K(1183744K)
[2024-01-03T14:17:57.167-1000][246842.020s][info][gc            ] GC(139) Pause Young (Normal) (G1 Evacuation Pause) 450M->182M(512M) 12.699ms
[2024-01-03T14:17:57.167-1000][246842.020s][info][gc,cpu        ] GC(139) User=0.06s Sys=0.00s Real=0.01s
[2024-01-04T11:01:38.590-1000][249427.164s][info][gc,start      ] GC(140) Pause Young (Normal) (G1 Evacuation Pause)
[2024-01-04T11:01:38.592-1000][249427.165s][info][gc,task       ] GC(140) Using 8 workers of 8 for evacuation
[2024-01-04T11:01:38.655-1000][249427.228s][info][gc,phases     ] GC(140)   Pre Evacuate Collection Set: 0.7ms
[2024-01-04T11:01:38.655-1000][249427.228s][info][gc,phases     ] GC(140)   Evacuate Collection Set: 60.1ms
[2024-01-04T11:01:38.655-1000][249427.228s][info][gc,phases     ] GC(140)   Post Evacuate Collection Set: 1.4ms
[2024-01-04T11:01:38.655-1000][249427.228s][info][gc,phases     ] GC(140)   Other: 2.6ms
[2024-01-04T11:01:38.655-1000][249427.228s][info][gc,heap       ] GC(140) Eden regions: 270->0(269)
[2024-01-04T11:01:38.655-1000][249427.228s][info][gc,heap       ] GC(140) Survivor regions: 7->7(35)
[2024-01-04T11:01:38.655-1000][249427.228s][info][gc,heap       ] GC(140) Old regions: 140->141
[2024-01-04T11:01:38.655-1000][249427.228s][info][gc,heap       ] GC(140) Humongous regions: 36->36
[2024-01-04T11:01:38.655-1000][249427.228s][info][gc,metaspace  ] GC(140) Metaspace: 148888K->148888K(1183744K)
[2024-01-04T11:01:38.655-1000][249427.228s][info][gc            ] GC(140) Pause Young (Normal) (G1 Evacuation Pause) 452M->182M(512M) 64.932ms
[2024-01-04T11:01:38.655-1000][249427.228s][info][gc,cpu        ] GC(140) User=0.06s Sys=0.23s Real=0.06s
[2024-01-18T10:32:12.352-1000][251516.007s][info][gc,start      ] GC(141) Pause Young (Normal) (G1 Evacuation Pause)
[2024-01-18T10:32:12.353-1000][251516.008s][info][gc,task       ] GC(141) Using 8 workers of 8 for evacuation
[2024-01-18T10:32:12.453-1000][251516.108s][info][gc,phases     ] GC(141)   Pre Evacuate Collection Set: 0.8ms
[2024-01-18T10:32:12.472-1000][251516.127s][info][gc,phases     ] GC(141)   Evacuate Collection Set: 94.2ms
[2024-01-18T10:32:12.472-1000][251516.127s][info][gc,phases     ] GC(141)   Post Evacuate Collection Set: 4.0ms
[2024-01-18T10:32:12.472-1000][251516.127s][info][gc,phases     ] GC(141)   Other: 2.1ms
[2024-01-18T10:32:12.472-1000][251516.127s][info][gc,heap       ] GC(141) Eden regions: 269->0(269)
[2024-01-18T10:32:12.472-1000][251516.127s][info][gc,heap       ] GC(141) Survivor regions: 7->7(35)
[2024-01-18T10:32:12.472-1000][251516.127s][info][gc,heap       ] GC(141) Old regions: 141->141
[2024-01-18T10:32:12.472-1000][251516.127s][info][gc,heap       ] GC(141) Humongous regions: 36->36
[2024-01-18T10:32:12.472-1000][251516.127s][info][gc,metaspace  ] GC(141) Metaspace: 148991K->148991K(1183744K)
[2024-01-18T10:32:12.472-1000][251516.127s][info][gc            ] GC(141) Pause Young (Normal) (G1 Evacuation Pause) 451M->182M(512M) 120.695ms
[2024-01-18T10:32:12.472-1000][251516.127s][info][gc,cpu        ] GC(141) User=0.09s Sys=0.29s Real=0.12s
[2024-01-18T10:40:22.651-1000][252006.432s][info][gc,heap,exit  ] Heap
[2024-01-18T10:40:22.651-1000][252006.432s][info][gc,heap,exit  ]  garbage-first heap   total 524288K, used 243663K [0x00000007c0000000, 0x0000000800000000)
[2024-01-18T10:40:22.651-1000][252006.433s][info][gc,heap,exit  ]   region size 1024K, 63 young (64512K), 7 survivors (7168K)
[2024-01-18T10:40:22.651-1000][252006.433s][info][gc,heap,exit  ]  Metaspace       used 149144K, capacity 152925K, committed 153272K, reserved 1183744K
[2024-01-18T10:40:22.651-1000][252006.433s][info][gc,heap,exit  ]   class space    used 17146K, capacity 18446K, committed 18560K, reserved 1048576K
