[2024-01-18T10:56:09.617-1000][0.008s][info][gc,heap] Heap region size: 1M
[2024-01-18T10:56:09.621-1000][0.013s][info][gc     ] Using G1
[2024-01-18T10:56:09.621-1000][0.013s][info][gc,heap,coops] Heap address: 0x00000007c0000000, size: 1024 MB, Compressed Oops mode: Zero based, Oop shift amount: 3
[2024-01-18T10:56:10.007-1000][0.399s][info][gc,start     ] GC(0) Pause Young (Normal) (G1 Evacuation Pause)
[2024-01-18T10:56:10.008-1000][0.399s][info][gc,task      ] GC(0) Using 8 workers of 8 for evacuation
[2024-01-18T10:56:10.011-1000][0.403s][info][gc,phases    ] GC(0)   Pre Evacuate Collection Set: 0.0ms
[2024-01-18T10:56:10.011-1000][0.403s][info][gc,phases    ] GC(0)   Evacuate Collection Set: 2.9ms
[2024-01-18T10:56:10.011-1000][0.403s][info][gc,phases    ] GC(0)   Post Evacuate Collection Set: 0.3ms
[2024-01-18T10:56:10.011-1000][0.403s][info][gc,phases    ] GC(0)   Other: 0.6ms
[2024-01-18T10:56:10.011-1000][0.403s][info][gc,heap      ] GC(0) Eden regions: 25->0(304)
[2024-01-18T10:56:10.011-1000][0.403s][info][gc,heap      ] GC(0) Survivor regions: 0->3(4)
[2024-01-18T10:56:10.011-1000][0.403s][info][gc,heap      ] GC(0) Old regions: 0->0
[2024-01-18T10:56:10.011-1000][0.403s][info][gc,heap      ] GC(0) Humongous regions: 2->2
[2024-01-18T10:56:10.011-1000][0.403s][info][gc,metaspace ] GC(0) Metaspace: 9998K->9998K(1058816K)
[2024-01-18T10:56:10.011-1000][0.403s][info][gc           ] GC(0) Pause Young (Normal) (G1 Evacuation Pause) 27M->4M(512M) 4.090ms
[2024-01-18T10:56:10.011-1000][0.403s][info][gc,cpu       ] GC(0) User=0.02s Sys=0.01s Real=0.01s
[2024-01-18T10:56:10.941-1000][1.333s][info][gc,start     ] GC(1) Pause Young (Concurrent Start) (Metadata GC Threshold)
[2024-01-18T10:56:10.942-1000][1.333s][info][gc,task      ] GC(1) Using 8 workers of 8 for evacuation
[2024-01-18T10:56:10.959-1000][1.351s][info][gc,phases    ] GC(1)   Pre Evacuate Collection Set: 0.0ms
[2024-01-18T10:56:10.968-1000][1.359s][info][gc,phases    ] GC(1)   Evacuate Collection Set: 16.0ms
[2024-01-18T10:56:10.968-1000][1.359s][info][gc,phases    ] GC(1)   Post Evacuate Collection Set: 1.3ms
[2024-01-18T10:56:10.968-1000][1.359s][info][gc,phases    ] GC(1)   Other: 0.6ms
[2024-01-18T10:56:10.968-1000][1.359s][info][gc,heap      ] GC(1) Eden regions: 105->0(91)
[2024-01-18T10:56:10.968-1000][1.359s][info][gc,heap      ] GC(1) Survivor regions: 3->25(39)
[2024-01-18T10:56:10.968-1000][1.359s][info][gc,heap      ] GC(1) Old regions: 0->0
[2024-01-18T10:56:10.968-1000][1.359s][info][gc,heap      ] GC(1) Humongous regions: 15->15
[2024-01-18T10:56:10.968-1000][1.359s][info][gc,metaspace ] GC(1) Metaspace: 20657K->20657K(1069056K)
[2024-01-18T10:56:10.968-1000][1.360s][info][gc           ] GC(1) Pause Young (Concurrent Start) (Metadata GC Threshold) 121M->39M(512M) 26.903ms
[2024-01-18T10:56:10.968-1000][1.360s][info][gc,cpu       ] GC(1) User=0.12s Sys=0.01s Real=0.02s
[2024-01-18T10:56:10.968-1000][1.360s][info][gc           ] GC(2) Concurrent Cycle
[2024-01-18T10:56:10.968-1000][1.360s][info][gc,marking   ] GC(2) Concurrent Clear Claimed Marks
[2024-01-18T10:56:10.968-1000][1.360s][info][gc,marking   ] GC(2) Concurrent Clear Claimed Marks 0.042ms
[2024-01-18T10:56:10.968-1000][1.360s][info][gc,marking   ] GC(2) Concurrent Scan Root Regions
[2024-01-18T10:56:10.973-1000][1.365s][info][gc,marking   ] GC(2) Concurrent Scan Root Regions 4.684ms
[2024-01-18T10:56:10.973-1000][1.365s][info][gc,marking   ] GC(2) Concurrent Mark (1.365s)
[2024-01-18T10:56:10.973-1000][1.365s][info][gc,marking   ] GC(2) Concurrent Mark From Roots
[2024-01-18T10:56:10.973-1000][1.365s][info][gc,task      ] GC(2) Using 2 workers of 2 for marking
[2024-01-18T10:56:10.974-1000][1.366s][info][gc,marking   ] GC(2) Concurrent Mark From Roots 1.111ms
[2024-01-18T10:56:10.995-1000][1.386s][info][gc,marking   ] GC(2) Concurrent Preclean
[2024-01-18T10:56:10.995-1000][1.386s][info][gc,marking   ] GC(2) Concurrent Preclean 0.081ms
[2024-01-18T10:56:10.995-1000][1.386s][info][gc,marking   ] GC(2) Concurrent Mark (1.365s, 1.386s) 21.427ms
[2024-01-18T10:56:10.995-1000][1.386s][info][gc,start     ] GC(2) Pause Remark
[2024-01-18T10:56:10.997-1000][1.388s][info][gc,stringtable] GC(2) Cleaned string and symbol table, strings: 9515 processed, 0 removed, symbols: 67250 processed, 13 removed
[2024-01-18T10:56:10.997-1000][1.389s][info][gc            ] GC(2) Pause Remark 41M->41M(512M) 2.381ms
[2024-01-18T10:56:10.997-1000][1.389s][info][gc,cpu        ] GC(2) User=0.01s Sys=0.00s Real=0.00s
[2024-01-18T10:56:10.997-1000][1.389s][info][gc,marking    ] GC(2) Concurrent Rebuild Remembered Sets
[2024-01-18T10:56:11.000-1000][1.391s][info][gc,marking    ] GC(2) Concurrent Rebuild Remembered Sets 2.492ms
[2024-01-18T10:56:11.000-1000][1.391s][info][gc,start      ] GC(2) Pause Cleanup
[2024-01-18T10:56:11.000-1000][1.391s][info][gc            ] GC(2) Pause Cleanup 41M->41M(512M) 0.152ms
[2024-01-18T10:56:11.000-1000][1.391s][info][gc,cpu        ] GC(2) User=0.00s Sys=0.00s Real=0.00s
[2024-01-18T10:56:11.000-1000][1.392s][info][gc,marking    ] GC(2) Concurrent Cleanup for Next Mark
[2024-01-18T10:56:11.003-1000][1.394s][info][gc,marking    ] GC(2) Concurrent Cleanup for Next Mark 2.526ms
[2024-01-18T10:56:11.022-1000][1.413s][info][gc            ] GC(2) Concurrent Cycle 53.357ms
[2024-01-18T10:56:11.689-1000][2.080s][info][gc,start      ] GC(3) Pause Young (Normal) (G1 Evacuation Pause)
[2024-01-18T10:56:11.689-1000][2.080s][info][gc,task       ] GC(3) Using 8 workers of 8 for evacuation
[2024-01-18T10:56:11.705-1000][2.097s][info][gc,phases     ] GC(3)   Pre Evacuate Collection Set: 0.0ms
[2024-01-18T10:56:11.705-1000][2.097s][info][gc,phases     ] GC(3)   Evacuate Collection Set: 15.6ms
[2024-01-18T10:56:11.705-1000][2.097s][info][gc,phases     ] GC(3)   Post Evacuate Collection Set: 0.8ms
[2024-01-18T10:56:11.705-1000][2.097s][info][gc,phases     ] GC(3)   Other: 0.2ms
[2024-01-18T10:56:11.705-1000][2.097s][info][gc,heap       ] GC(3) Eden regions: 78->0(110)
[2024-01-18T10:56:11.705-1000][2.097s][info][gc,heap       ] GC(3) Survivor regions: 25->5(13)
[2024-01-18T10:56:11.705-1000][2.097s][info][gc,heap       ] GC(3) Old regions: 0->24
[2024-01-18T10:56:11.705-1000][2.097s][info][gc,heap       ] GC(3) Humongous regions: 15->15
[2024-01-18T10:56:11.705-1000][2.097s][info][gc,metaspace  ] GC(3) Metaspace: 30526K->30526K(1077248K)
[2024-01-18T10:56:11.705-1000][2.097s][info][gc            ] GC(3) Pause Young (Normal) (G1 Evacuation Pause) 117M->43M(512M) 16.630ms
[2024-01-18T10:56:11.705-1000][2.097s][info][gc,cpu        ] GC(3) User=0.10s Sys=0.03s Real=0.02s
[2024-01-18T10:56:12.527-1000][2.919s][info][gc,start      ] GC(4) Pause Young (Concurrent Start) (Metadata GC Threshold)
[2024-01-18T10:56:12.527-1000][2.919s][info][gc,task       ] GC(4) Using 8 workers of 8 for evacuation
[2024-01-18T10:56:12.538-1000][2.929s][info][gc,phases     ] GC(4)   Pre Evacuate Collection Set: 0.1ms
[2024-01-18T10:56:12.538-1000][2.929s][info][gc,phases     ] GC(4)   Evacuate Collection Set: 9.3ms
[2024-01-18T10:56:12.538-1000][2.929s][info][gc,phases     ] GC(4)   Post Evacuate Collection Set: 1.0ms
[2024-01-18T10:56:12.538-1000][2.929s][info][gc,phases     ] GC(4)   Other: 0.2ms
[2024-01-18T10:56:12.538-1000][2.929s][info][gc,heap       ] GC(4) Eden regions: 88->0(116)
[2024-01-18T10:56:12.538-1000][2.929s][info][gc,heap       ] GC(4) Survivor regions: 5->14(15)
[2024-01-18T10:56:12.538-1000][2.929s][info][gc,heap       ] GC(4) Old regions: 24->24
[2024-01-18T10:56:12.538-1000][2.929s][info][gc,heap       ] GC(4) Humongous regions: 19->19
[2024-01-18T10:56:12.538-1000][2.929s][info][gc,metaspace  ] GC(4) Metaspace: 34953K->34953K(1081344K)
[2024-01-18T10:56:12.538-1000][2.929s][info][gc            ] GC(4) Pause Young (Concurrent Start) (Metadata GC Threshold) 134M->55M(512M) 10.666ms
[2024-01-18T10:56:12.538-1000][2.929s][info][gc,cpu        ] GC(4) User=0.07s Sys=0.00s Real=0.01s
[2024-01-18T10:56:12.538-1000][2.929s][info][gc            ] GC(5) Concurrent Cycle
[2024-01-18T10:56:12.538-1000][2.929s][info][gc,marking    ] GC(5) Concurrent Clear Claimed Marks
[2024-01-18T10:56:12.538-1000][2.929s][info][gc,marking    ] GC(5) Concurrent Clear Claimed Marks 0.040ms
[2024-01-18T10:56:12.538-1000][2.930s][info][gc,marking    ] GC(5) Concurrent Scan Root Regions
[2024-01-18T10:56:12.543-1000][2.935s][info][gc,marking    ] GC(5) Concurrent Scan Root Regions 5.164ms
[2024-01-18T10:56:12.543-1000][2.935s][info][gc,marking    ] GC(5) Concurrent Mark (2.935s)
[2024-01-18T10:56:12.543-1000][2.935s][info][gc,marking    ] GC(5) Concurrent Mark From Roots
[2024-01-18T10:56:12.543-1000][2.935s][info][gc,task       ] GC(5) Using 2 workers of 2 for marking
[2024-01-18T10:56:12.551-1000][2.942s][info][gc,marking    ] GC(5) Concurrent Mark From Roots 7.397ms
[2024-01-18T10:56:12.551-1000][2.942s][info][gc,marking    ] GC(5) Concurrent Preclean
[2024-01-18T10:56:12.551-1000][2.942s][info][gc,marking    ] GC(5) Concurrent Preclean 0.089ms
[2024-01-18T10:56:12.551-1000][2.942s][info][gc,marking    ] GC(5) Concurrent Mark (2.935s, 2.942s) 7.541ms
[2024-01-18T10:56:12.551-1000][2.942s][info][gc,start      ] GC(5) Pause Remark
[2024-01-18T10:56:12.555-1000][2.946s][info][gc,stringtable] GC(5) Cleaned string and symbol table, strings: 21205 processed, 39 removed, symbols: 106761 processed, 81 removed
[2024-01-18T10:56:12.555-1000][2.947s][info][gc            ] GC(5) Pause Remark 57M->53M(512M) 4.383ms
[2024-01-18T10:56:12.555-1000][2.947s][info][gc,cpu        ] GC(5) User=0.03s Sys=0.00s Real=0.00s
[2024-01-18T10:56:12.555-1000][2.947s][info][gc,marking    ] GC(5) Concurrent Rebuild Remembered Sets
[2024-01-18T10:56:12.562-1000][2.953s][info][gc,marking    ] GC(5) Concurrent Rebuild Remembered Sets 6.228ms
[2024-01-18T10:56:12.562-1000][2.953s][info][gc,start      ] GC(5) Pause Cleanup
[2024-01-18T10:56:12.562-1000][2.953s][info][gc            ] GC(5) Pause Cleanup 54M->54M(512M) 0.149ms
[2024-01-18T10:56:12.562-1000][2.953s][info][gc,cpu        ] GC(5) User=0.00s Sys=0.00s Real=0.00s
[2024-01-18T10:56:12.562-1000][2.954s][info][gc,marking    ] GC(5) Concurrent Cleanup for Next Mark
[2024-01-18T10:56:12.565-1000][2.956s][info][gc,marking    ] GC(5) Concurrent Cleanup for Next Mark 2.871ms
[2024-01-18T10:56:12.565-1000][2.956s][info][gc            ] GC(5) Concurrent Cycle 27.069ms
[2024-01-18T10:56:13.496-1000][3.887s][info][gc,start      ] GC(6) Pause Young (Normal) (G1 Evacuation Pause)
[2024-01-18T10:56:13.496-1000][3.887s][info][gc,task       ] GC(6) Using 8 workers of 8 for evacuation
[2024-01-18T10:56:13.506-1000][3.898s][info][gc,phases     ] GC(6)   Pre Evacuate Collection Set: 0.0ms
[2024-01-18T10:56:13.506-1000][3.898s][info][gc,phases     ] GC(6)   Evacuate Collection Set: 9.3ms
[2024-01-18T10:56:13.506-1000][3.898s][info][gc,phases     ] GC(6)   Post Evacuate Collection Set: 1.1ms
[2024-01-18T10:56:13.506-1000][3.898s][info][gc,phases     ] GC(6)   Other: 0.2ms
[2024-01-18T10:56:13.506-1000][3.898s][info][gc,heap       ] GC(6) Eden regions: 109->0(301)
[2024-01-18T10:56:13.506-1000][3.898s][info][gc,heap       ] GC(6) Survivor regions: 14->6(16)
[2024-01-18T10:56:13.506-1000][3.898s][info][gc,heap       ] GC(6) Old regions: 24->36
[2024-01-18T10:56:13.506-1000][3.898s][info][gc,heap       ] GC(6) Humongous regions: 15->15
[2024-01-18T10:56:13.506-1000][3.898s][info][gc,metaspace  ] GC(6) Metaspace: 47168K->47168K(1091584K)
[2024-01-18T10:56:13.506-1000][3.898s][info][gc            ] GC(6) Pause Young (Normal) (G1 Evacuation Pause) 160M->56M(512M) 10.677ms
[2024-01-18T10:56:13.506-1000][3.898s][info][gc,cpu        ] GC(6) User=0.07s Sys=0.01s Real=0.01s
[2024-01-18T10:56:14.297-1000][4.689s][info][gc,start      ] GC(7) Pause Young (Concurrent Start) (Metadata GC Threshold)
[2024-01-18T10:56:14.298-1000][4.689s][info][gc,task       ] GC(7) Using 8 workers of 8 for evacuation
[2024-01-18T10:56:14.302-1000][4.694s][info][gc,phases     ] GC(7)   Pre Evacuate Collection Set: 0.1ms
[2024-01-18T10:56:14.302-1000][4.694s][info][gc,phases     ] GC(7)   Evacuate Collection Set: 4.0ms
[2024-01-18T10:56:14.302-1000][4.694s][info][gc,phases     ] GC(7)   Post Evacuate Collection Set: 0.7ms
[2024-01-18T10:56:14.302-1000][4.694s][info][gc,phases     ] GC(7)   Other: 0.2ms
[2024-01-18T10:56:14.303-1000][4.694s][info][gc,heap       ] GC(7) Eden regions: 112->0(173)
[2024-01-18T10:56:14.303-1000][4.694s][info][gc,heap       ] GC(7) Survivor regions: 6->9(39)
[2024-01-18T10:56:14.303-1000][4.694s][info][gc,heap       ] GC(7) Old regions: 36->36
[2024-01-18T10:56:14.303-1000][4.694s][info][gc,heap       ] GC(7) Humongous regions: 17->15
[2024-01-18T10:56:14.303-1000][4.694s][info][gc,metaspace  ] GC(7) Metaspace: 59003K->59003K(1101824K)
[2024-01-18T10:56:14.303-1000][4.694s][info][gc            ] GC(7) Pause Young (Concurrent Start) (Metadata GC Threshold) 170M->59M(512M) 5.102ms
[2024-01-18T10:56:14.303-1000][4.694s][info][gc,cpu        ] GC(7) User=0.03s Sys=0.00s Real=0.01s
[2024-01-18T10:56:14.303-1000][4.694s][info][gc            ] GC(8) Concurrent Cycle
[2024-01-18T10:56:14.303-1000][4.694s][info][gc,marking    ] GC(8) Concurrent Clear Claimed Marks
[2024-01-18T10:56:14.303-1000][4.694s][info][gc,marking    ] GC(8) Concurrent Clear Claimed Marks 0.059ms
[2024-01-18T10:56:14.303-1000][4.694s][info][gc,marking    ] GC(8) Concurrent Scan Root Regions
[2024-01-18T10:56:14.307-1000][4.698s][info][gc,marking    ] GC(8) Concurrent Scan Root Regions 3.903ms
[2024-01-18T10:56:14.307-1000][4.698s][info][gc,marking    ] GC(8) Concurrent Mark (4.698s)
[2024-01-18T10:56:14.307-1000][4.698s][info][gc,marking    ] GC(8) Concurrent Mark From Roots
[2024-01-18T10:56:14.307-1000][4.698s][info][gc,task       ] GC(8) Using 2 workers of 2 for marking
[2024-01-18T10:56:14.327-1000][4.718s][info][gc,marking    ] GC(8) Concurrent Mark From Roots 20.180ms
[2024-01-18T10:56:14.327-1000][4.718s][info][gc,marking    ] GC(8) Concurrent Preclean
[2024-01-18T10:56:14.327-1000][4.719s][info][gc,marking    ] GC(8) Concurrent Preclean 0.169ms
[2024-01-18T10:56:14.327-1000][4.719s][info][gc,marking    ] GC(8) Concurrent Mark (4.698s, 4.719s) 20.427ms
[2024-01-18T10:56:14.327-1000][4.719s][info][gc,start      ] GC(8) Pause Remark
[2024-01-18T10:56:14.337-1000][4.728s][info][gc,stringtable] GC(8) Cleaned string and symbol table, strings: 29819 processed, 49 removed, symbols: 168931 processed, 96 removed
[2024-01-18T10:56:14.355-1000][4.747s][info][gc            ] GC(8) Pause Remark 63M->63M(512M) 28.169ms
[2024-01-18T10:56:14.355-1000][4.747s][info][gc,cpu        ] GC(8) User=0.05s Sys=0.00s Real=0.03s
[2024-01-18T10:56:14.355-1000][4.747s][info][gc,marking    ] GC(8) Concurrent Rebuild Remembered Sets
[2024-01-18T10:56:14.372-1000][4.763s][info][gc,marking    ] GC(8) Concurrent Rebuild Remembered Sets 16.177ms
[2024-01-18T10:56:14.372-1000][4.763s][info][gc,start      ] GC(8) Pause Cleanup
[2024-01-18T10:56:14.372-1000][4.763s][info][gc            ] GC(8) Pause Cleanup 65M->65M(512M) 0.123ms
[2024-01-18T10:56:14.372-1000][4.763s][info][gc,cpu        ] GC(8) User=0.00s Sys=0.00s Real=0.00s
[2024-01-18T10:56:14.372-1000][4.763s][info][gc,marking    ] GC(8) Concurrent Cleanup for Next Mark
[2024-01-18T10:56:14.373-1000][4.764s][info][gc,marking    ] GC(8) Concurrent Cleanup for Next Mark 0.717ms
[2024-01-18T10:56:14.373-1000][4.764s][info][gc            ] GC(8) Concurrent Cycle 70.087ms
[2024-01-18T10:56:16.130-1000][6.521s][info][gc,start      ] GC(9) Pause Young (Normal) (G1 Evacuation Pause)
[2024-01-18T10:56:16.130-1000][6.521s][info][gc,task       ] GC(9) Using 8 workers of 8 for evacuation
[2024-01-18T10:56:16.154-1000][6.546s][info][gc,phases     ] GC(9)   Pre Evacuate Collection Set: 0.0ms
[2024-01-18T10:56:16.154-1000][6.546s][info][gc,phases     ] GC(9)   Evacuate Collection Set: 13.3ms
[2024-01-18T10:56:16.155-1000][6.546s][info][gc,phases     ] GC(9)   Post Evacuate Collection Set: 11.4ms
[2024-01-18T10:56:16.155-1000][6.546s][info][gc,phases     ] GC(9)   Other: 0.2ms
[2024-01-18T10:56:16.155-1000][6.546s][info][gc,heap       ] GC(9) Eden regions: 179->0(288)
[2024-01-18T10:56:16.155-1000][6.546s][info][gc,heap       ] GC(9) Survivor regions: 9->19(24)
[2024-01-18T10:56:16.155-1000][6.546s][info][gc,heap       ] GC(9) Old regions: 36->36
[2024-01-18T10:56:16.155-1000][6.546s][info][gc,heap       ] GC(9) Humongous regions: 17->17
[2024-01-18T10:56:16.155-1000][6.546s][info][gc,metaspace  ] GC(9) Metaspace: 76319K->76319K(1118208K)
[2024-01-18T10:56:16.155-1000][6.546s][info][gc            ] GC(9) Pause Young (Normal) (G1 Evacuation Pause) 240M->71M(512M) 25.060ms
[2024-01-18T10:56:16.155-1000][6.546s][info][gc,cpu        ] GC(9) User=0.08s Sys=0.01s Real=0.02s
[2024-01-18T10:56:18.033-1000][8.424s][info][gc,start      ] GC(10) Pause Young (Normal) (G1 Evacuation Pause)
[2024-01-18T10:56:18.033-1000][8.424s][info][gc,task       ] GC(10) Using 8 workers of 8 for evacuation
[2024-01-18T10:56:18.063-1000][8.454s][info][gc,phases     ] GC(10)   Pre Evacuate Collection Set: 0.0ms
[2024-01-18T10:56:18.063-1000][8.454s][info][gc,phases     ] GC(10)   Evacuate Collection Set: 22.1ms
[2024-01-18T10:56:18.063-1000][8.454s][info][gc,phases     ] GC(10)   Post Evacuate Collection Set: 7.6ms
[2024-01-18T10:56:18.063-1000][8.454s][info][gc,phases     ] GC(10)   Other: 0.2ms
[2024-01-18T10:56:18.063-1000][8.454s][info][gc,heap       ] GC(10) Eden regions: 288->0(277)
[2024-01-18T10:56:18.063-1000][8.454s][info][gc,heap       ] GC(10) Survivor regions: 19->30(39)
[2024-01-18T10:56:18.063-1000][8.454s][info][gc,heap       ] GC(10) Old regions: 36->36
[2024-01-18T10:56:18.063-1000][8.454s][info][gc,heap       ] GC(10) Humongous regions: 17->17
[2024-01-18T10:56:18.063-1000][8.454s][info][gc,metaspace  ] GC(10) Metaspace: 82151K->82151K(1124352K)
[2024-01-18T10:56:18.063-1000][8.454s][info][gc            ] GC(10) Pause Young (Normal) (G1 Evacuation Pause) 359M->82M(512M) 30.058ms
[2024-01-18T10:56:18.063-1000][8.454s][info][gc,cpu        ] GC(10) User=0.13s Sys=0.02s Real=0.03s
[2024-01-18T12:45:15.537-1000][4751.366s][info][gc,start      ] GC(11) Pause Young (Normal) (G1 Evacuation Pause)
[2024-01-18T12:45:15.540-1000][4751.369s][info][gc,task       ] GC(11) Using 8 workers of 8 for evacuation
[2024-01-18T12:45:15.600-1000][4751.429s][info][gc,phases     ] GC(11)   Pre Evacuate Collection Set: 0.7ms
[2024-01-18T12:45:15.619-1000][4751.448s][info][gc,phases     ] GC(11)   Evacuate Collection Set: 56.4ms
[2024-01-18T12:45:15.619-1000][4751.448s][info][gc,phases     ] GC(11)   Post Evacuate Collection Set: 2.7ms
[2024-01-18T12:45:15.619-1000][4751.448s][info][gc,phases     ] GC(11)   Other: 3.0ms
[2024-01-18T12:45:15.619-1000][4751.448s][info][gc,heap       ] GC(11) Eden regions: 277->0(299)
[2024-01-18T12:45:15.619-1000][4751.448s][info][gc,heap       ] GC(11) Survivor regions: 30->8(39)
[2024-01-18T12:45:15.619-1000][4751.448s][info][gc,heap       ] GC(11) Old regions: 36->54
[2024-01-18T12:45:15.621-1000][4751.450s][info][gc,heap       ] GC(11) Humongous regions: 17->17
[2024-01-18T12:45:15.621-1000][4751.450s][info][gc,metaspace  ] GC(11) Metaspace: 83482K->83482K(1124352K)
[2024-01-18T12:45:15.621-1000][4751.450s][info][gc            ] GC(11) Pause Young (Normal) (G1 Evacuation Pause) 359M->78M(512M) 83.529ms
[2024-01-18T12:45:15.621-1000][4751.450s][info][gc,cpu        ] GC(11) User=0.11s Sys=0.23s Real=0.09s
[2024-01-18T14:34:21.089-1000][11296.804s][info][gc,start      ] GC(12) Pause Young (Normal) (G1 Evacuation Pause)
[2024-01-18T14:34:21.090-1000][11296.805s][info][gc,task       ] GC(12) Using 8 workers of 8 for evacuation
[2024-01-18T14:34:21.097-1000][11296.812s][info][gc,phases     ] GC(12)   Pre Evacuate Collection Set: 0.0ms
[2024-01-18T14:34:21.097-1000][11296.812s][info][gc,phases     ] GC(12)   Evacuate Collection Set: 5.3ms
[2024-01-18T14:34:21.097-1000][11296.812s][info][gc,phases     ] GC(12)   Post Evacuate Collection Set: 0.7ms
[2024-01-18T14:34:21.097-1000][11296.812s][info][gc,phases     ] GC(12)   Other: 1.8ms
[2024-01-18T14:34:21.097-1000][11296.812s][info][gc,heap       ] GC(12) Eden regions: 299->0(300)
[2024-01-18T14:34:21.097-1000][11296.812s][info][gc,heap       ] GC(12) Survivor regions: 8->7(39)
[2024-01-18T14:34:21.097-1000][11296.812s][info][gc,heap       ] GC(12) Old regions: 54->54
[2024-01-18T14:34:21.097-1000][11296.812s][info][gc,heap       ] GC(12) Humongous regions: 17->17
[2024-01-18T14:34:21.097-1000][11296.812s][info][gc,metaspace  ] GC(12) Metaspace: 83530K->83530K(1124352K)
[2024-01-18T14:34:21.097-1000][11296.812s][info][gc            ] GC(12) Pause Young (Normal) (G1 Evacuation Pause) 377M->77M(512M) 8.101ms
[2024-01-18T14:34:21.097-1000][11296.812s][info][gc,cpu        ] GC(12) User=0.04s Sys=0.00s Real=0.01s
[2024-01-18T16:24:13.624-1000][17889.246s][info][gc,start      ] GC(13) Pause Young (Normal) (G1 Evacuation Pause)
[2024-01-18T16:24:13.625-1000][17889.247s][info][gc,task       ] GC(13) Using 8 workers of 8 for evacuation
[2024-01-18T16:24:13.632-1000][17889.254s][info][gc,phases     ] GC(13)   Pre Evacuate Collection Set: 0.0ms
[2024-01-18T16:24:13.633-1000][17889.254s][info][gc,phases     ] GC(13)   Evacuate Collection Set: 6.0ms
[2024-01-18T16:24:13.633-1000][17889.254s][info][gc,phases     ] GC(13)   Post Evacuate Collection Set: 0.7ms
[2024-01-18T16:24:13.633-1000][17889.254s][info][gc,phases     ] GC(13)   Other: 1.6ms
[2024-01-18T16:24:13.633-1000][17889.254s][info][gc,heap       ] GC(13) Eden regions: 300->0(300)
[2024-01-18T16:24:13.633-1000][17889.254s][info][gc,heap       ] GC(13) Survivor regions: 7->7(39)
[2024-01-18T16:24:13.633-1000][17889.255s][info][gc,heap       ] GC(13) Old regions: 54->54
[2024-01-18T16:24:13.633-1000][17889.255s][info][gc,heap       ] GC(13) Humongous regions: 17->17
[2024-01-18T16:24:13.633-1000][17889.255s][info][gc,metaspace  ] GC(13) Metaspace: 83576K->83576K(1124352K)
[2024-01-18T16:24:13.633-1000][17889.255s][info][gc            ] GC(13) Pause Young (Normal) (G1 Evacuation Pause) 377M->76M(512M) 8.543ms
[2024-01-18T16:24:13.633-1000][17889.255s][info][gc,cpu        ] GC(13) User=0.05s Sys=0.00s Real=0.01s
[2024-01-23T08:02:58.026-1000][19004.584s][info][gc,start      ] GC(14) Pause Young (Concurrent Start) (Metadata GC Threshold)
[2024-01-23T08:02:58.026-1000][19004.584s][info][gc,task       ] GC(14) Using 8 workers of 8 for evacuation
[2024-01-23T08:02:58.086-1000][19004.644s][info][gc,phases     ] GC(14)   Pre Evacuate Collection Set: 0.4ms
[2024-01-23T08:02:58.086-1000][19004.644s][info][gc,phases     ] GC(14)   Evacuate Collection Set: 54.4ms
[2024-01-23T08:02:58.086-1000][19004.644s][info][gc,phases     ] GC(14)   Post Evacuate Collection Set: 3.1ms
[2024-01-23T08:02:58.086-1000][19004.644s][info][gc,phases     ] GC(14)   Other: 2.3ms
[2024-01-23T08:02:58.086-1000][19004.644s][info][gc,heap       ] GC(14) Eden regions: 269->0(292)
[2024-01-23T08:02:58.086-1000][19004.644s][info][gc,heap       ] GC(14) Survivor regions: 7->15(39)
[2024-01-23T08:02:58.086-1000][19004.644s][info][gc,heap       ] GC(14) Old regions: 54->54
[2024-01-23T08:02:58.086-1000][19004.644s][info][gc,heap       ] GC(14) Humongous regions: 18->18
[2024-01-23T08:02:58.086-1000][19004.644s][info][gc,metaspace  ] GC(14) Metaspace: 99003K->99003K(1138688K)
[2024-01-23T08:02:58.086-1000][19004.644s][info][gc            ] GC(14) Pause Young (Concurrent Start) (Metadata GC Threshold) 346M->86M(512M) 60.427ms
[2024-01-23T08:02:58.086-1000][19004.644s][info][gc,cpu        ] GC(14) User=0.10s Sys=0.15s Real=0.06s
[2024-01-23T08:02:58.086-1000][19004.644s][info][gc            ] GC(15) Concurrent Cycle
[2024-01-23T08:02:58.086-1000][19004.644s][info][gc,marking    ] GC(15) Concurrent Clear Claimed Marks
[2024-01-23T08:02:58.087-1000][19004.645s][info][gc,marking    ] GC(15) Concurrent Clear Claimed Marks 0.191ms
[2024-01-23T08:02:58.087-1000][19004.645s][info][gc,marking    ] GC(15) Concurrent Scan Root Regions
[2024-01-23T08:02:58.100-1000][19004.658s][info][gc,marking    ] GC(15) Concurrent Scan Root Regions 13.003ms
[2024-01-23T08:02:58.100-1000][19004.658s][info][gc,marking    ] GC(15) Concurrent Mark (19004.658s)
[2024-01-23T08:02:58.100-1000][19004.658s][info][gc,marking    ] GC(15) Concurrent Mark From Roots
[2024-01-23T08:02:58.100-1000][19004.658s][info][gc,task       ] GC(15) Using 2 workers of 2 for marking
[2024-01-23T08:02:58.165-1000][19004.723s][info][gc,marking    ] GC(15) Concurrent Mark From Roots 65.065ms
[2024-01-23T08:02:58.165-1000][19004.723s][info][gc,marking    ] GC(15) Concurrent Preclean
[2024-01-23T08:02:58.165-1000][19004.723s][info][gc,marking    ] GC(15) Concurrent Preclean 0.568ms
[2024-01-23T08:02:58.165-1000][19004.723s][info][gc,marking    ] GC(15) Concurrent Mark (19004.658s, 19004.723s) 65.740ms
[2024-01-23T08:02:58.166-1000][19004.724s][info][gc,start      ] GC(15) Pause Remark
[2024-01-23T08:02:58.249-1000][19004.807s][info][gc,stringtable] GC(15) Cleaned string and symbol table, strings: 51766 processed, 2587 removed, symbols: 281363 processed, 356 removed
[2024-01-23T08:02:58.250-1000][19004.808s][info][gc            ] GC(15) Pause Remark 93M->93M(512M) 84.016ms
[2024-01-23T08:02:58.250-1000][19004.808s][info][gc,cpu        ] GC(15) User=0.08s Sys=0.23s Real=0.09s
[2024-01-23T08:02:58.250-1000][19004.809s][info][gc,marking    ] GC(15) Concurrent Rebuild Remembered Sets
[2024-01-23T08:02:58.276-1000][19004.834s][info][gc,marking    ] GC(15) Concurrent Rebuild Remembered Sets 25.426ms
[2024-01-23T08:02:58.276-1000][19004.834s][info][gc,start      ] GC(15) Pause Cleanup
[2024-01-23T08:02:58.276-1000][19004.835s][info][gc            ] GC(15) Pause Cleanup 96M->96M(512M) 0.205ms
[2024-01-23T08:02:58.277-1000][19004.835s][info][gc,cpu        ] GC(15) User=0.00s Sys=0.00s Real=0.00s
[2024-01-23T08:02:58.277-1000][19004.835s][info][gc,marking    ] GC(15) Concurrent Cleanup for Next Mark
[2024-01-23T08:02:58.280-1000][19004.838s][info][gc,marking    ] GC(15) Concurrent Cleanup for Next Mark 3.228ms
[2024-01-23T08:02:58.280-1000][19004.838s][info][gc            ] GC(15) Concurrent Cycle 193.518ms
[2024-01-23T08:03:07.706-1000][19014.264s][info][gc,start      ] GC(16) Pause Young (Normal) (G1 Evacuation Pause)
[2024-01-23T08:03:07.706-1000][19014.264s][info][gc,task       ] GC(16) Using 8 workers of 8 for evacuation
[2024-01-23T08:03:07.762-1000][19014.320s][info][gc,phases     ] GC(16)   Pre Evacuate Collection Set: 0.0ms
[2024-01-23T08:03:07.762-1000][19014.320s][info][gc,phases     ] GC(16)   Evacuate Collection Set: 49.9ms
[2024-01-23T08:03:07.762-1000][19014.320s][info][gc,phases     ] GC(16)   Post Evacuate Collection Set: 5.9ms
[2024-01-23T08:03:07.762-1000][19014.320s][info][gc,phases     ] GC(16)   Other: 0.3ms
[2024-01-23T08:03:07.762-1000][19014.320s][info][gc,heap       ] GC(16) Eden regions: 292->0(279)
[2024-01-23T08:03:07.762-1000][19014.320s][info][gc,heap       ] GC(16) Survivor regions: 15->28(39)
[2024-01-23T08:03:07.762-1000][19014.320s][info][gc,heap       ] GC(16) Old regions: 54->54
[2024-01-23T08:03:07.762-1000][19014.320s][info][gc,heap       ] GC(16) Humongous regions: 22->22
[2024-01-23T08:03:07.762-1000][19014.320s][info][gc,metaspace  ] GC(16) Metaspace: 112410K->112410K(1150976K)
[2024-01-23T08:03:07.762-1000][19014.320s][info][gc            ] GC(16) Pause Young (Normal) (G1 Evacuation Pause) 382M->103M(512M) 56.180ms
[2024-01-23T08:03:07.762-1000][19014.320s][info][gc,cpu        ] GC(16) User=0.15s Sys=0.13s Real=0.06s
[2024-01-23T09:53:23.247-1000][21238.896s][info][gc,start      ] GC(17) Pause Young (Normal) (G1 Evacuation Pause)
[2024-01-23T09:53:23.263-1000][21238.912s][info][gc,task       ] GC(17) Using 8 workers of 8 for evacuation
[2024-01-23T09:53:23.285-1000][21238.934s][info][gc,phases     ] GC(17)   Pre Evacuate Collection Set: 0.0ms
[2024-01-23T09:53:23.285-1000][21238.934s][info][gc,phases     ] GC(17)   Evacuate Collection Set: 21.0ms
[2024-01-23T09:53:23.285-1000][21238.934s][info][gc,phases     ] GC(17)   Post Evacuate Collection Set: 0.7ms
[2024-01-23T09:53:23.285-1000][21238.934s][info][gc,phases     ] GC(17)   Other: 16.5ms
[2024-01-23T09:53:23.285-1000][21238.934s][info][gc,heap       ] GC(17) Eden regions: 279->0(289)
[2024-01-23T09:53:23.285-1000][21238.934s][info][gc,heap       ] GC(17) Survivor regions: 28->18(39)
[2024-01-23T09:53:23.285-1000][21238.934s][info][gc,heap       ] GC(17) Old regions: 54->68
[2024-01-23T09:53:23.285-1000][21238.934s][info][gc,heap       ] GC(17) Humongous regions: 24->24
[2024-01-23T09:53:23.285-1000][21238.934s][info][gc,metaspace  ] GC(17) Metaspace: 114958K->114958K(1153024K)
[2024-01-23T09:53:23.285-1000][21238.934s][info][gc            ] GC(17) Pause Young (Normal) (G1 Evacuation Pause) 384M->108M(512M) 38.385ms
[2024-01-23T09:53:23.285-1000][21238.934s][info][gc,cpu        ] GC(17) User=0.13s Sys=0.03s Real=0.04s
[2024-01-23T16:37:30.148-1000][21973.031s][info][gc,start      ] GC(18) Pause Young (Normal) (G1 Evacuation Pause)
[2024-01-23T16:37:30.148-1000][21973.031s][info][gc,task       ] GC(18) Using 8 workers of 8 for evacuation
[2024-01-23T16:37:30.228-1000][21973.111s][info][gc,phases     ] GC(18)   Pre Evacuate Collection Set: 0.2ms
[2024-01-23T16:37:30.241-1000][21973.124s][info][gc,phases     ] GC(18)   Evacuate Collection Set: 74.9ms
[2024-01-23T16:37:30.241-1000][21973.124s][info][gc,phases     ] GC(18)   Post Evacuate Collection Set: 4.3ms
[2024-01-23T16:37:30.241-1000][21973.124s][info][gc,phases     ] GC(18)   Other: 1.1ms
[2024-01-23T16:37:30.242-1000][21973.124s][info][gc,heap       ] GC(18) Eden regions: 289->0(286)
[2024-01-23T16:37:30.242-1000][21973.124s][info][gc,heap       ] GC(18) Survivor regions: 18->21(39)
[2024-01-23T16:37:30.242-1000][21973.124s][info][gc,heap       ] GC(18) Old regions: 68->68
[2024-01-23T16:37:30.242-1000][21973.124s][info][gc,heap       ] GC(18) Humongous regions: 26->26
[2024-01-23T16:37:30.242-1000][21973.124s][info][gc,metaspace  ] GC(18) Metaspace: 116785K->116785K(1155072K)
[2024-01-23T16:37:30.242-1000][21973.124s][info][gc            ] GC(18) Pause Young (Normal) (G1 Evacuation Pause) 399M->114M(512M) 93.988ms
[2024-01-23T16:37:30.242-1000][21973.124s][info][gc,cpu        ] GC(18) User=0.11s Sys=0.20s Real=0.10s
[2024-01-23T16:37:31.039-1000][21973.921s][info][gc,start      ] GC(19) Pause Young (Normal) (G1 Evacuation Pause)
[2024-01-23T16:37:31.039-1000][21973.921s][info][gc,task       ] GC(19) Using 8 workers of 8 for evacuation
[2024-01-23T16:37:31.058-1000][21973.941s][info][gc,phases     ] GC(19)   Pre Evacuate Collection Set: 0.0ms
[2024-01-23T16:37:31.058-1000][21973.941s][info][gc,phases     ] GC(19)   Evacuate Collection Set: 18.0ms
[2024-01-23T16:37:31.058-1000][21973.941s][info][gc,phases     ] GC(19)   Post Evacuate Collection Set: 1.4ms
[2024-01-23T16:37:31.058-1000][21973.941s][info][gc,phases     ] GC(19)   Other: 0.3ms
[2024-01-23T16:37:31.058-1000][21973.941s][info][gc,heap       ] GC(19) Eden regions: 286->0(292)
[2024-01-23T16:37:31.058-1000][21973.941s][info][gc,heap       ] GC(19) Survivor regions: 21->15(39)
[2024-01-23T16:37:31.058-1000][21973.941s][info][gc,heap       ] GC(19) Old regions: 68->78
[2024-01-23T16:37:31.058-1000][21973.941s][info][gc,heap       ] GC(19) Humongous regions: 26->26
[2024-01-23T16:37:31.058-1000][21973.941s][info][gc,metaspace  ] GC(19) Metaspace: 117537K->117537K(1155072K)
[2024-01-23T16:37:31.058-1000][21973.941s][info][gc            ] GC(19) Pause Young (Normal) (G1 Evacuation Pause) 400M->118M(512M) 19.872ms
[2024-01-23T16:37:31.058-1000][21973.941s][info][gc,cpu        ] GC(19) User=0.10s Sys=0.02s Real=0.02s
[2024-01-23T16:37:31.491-1000][21974.373s][info][gc,start      ] GC(20) Pause Young (Normal) (G1 Evacuation Pause)
[2024-01-23T16:37:31.491-1000][21974.373s][info][gc,task       ] GC(20) Using 8 workers of 8 for evacuation
[2024-01-23T16:37:31.510-1000][21974.392s][info][gc,phases     ] GC(20)   Pre Evacuate Collection Set: 0.0ms
[2024-01-23T16:37:31.510-1000][21974.392s][info][gc,phases     ] GC(20)   Evacuate Collection Set: 7.2ms
[2024-01-23T16:37:31.510-1000][21974.392s][info][gc,phases     ] GC(20)   Post Evacuate Collection Set: 11.2ms
[2024-01-23T16:37:31.510-1000][21974.392s][info][gc,phases     ] GC(20)   Other: 0.3ms
[2024-01-23T16:37:31.510-1000][21974.392s][info][gc,heap       ] GC(20) Eden regions: 292->0(288)
[2024-01-23T16:37:31.510-1000][21974.392s][info][gc,heap       ] GC(20) Survivor regions: 15->19(39)
[2024-01-23T16:37:31.510-1000][21974.392s][info][gc,heap       ] GC(20) Old regions: 78->78
[2024-01-23T16:37:31.510-1000][21974.392s][info][gc,heap       ] GC(20) Humongous regions: 26->26
[2024-01-23T16:37:31.510-1000][21974.392s][info][gc,metaspace  ] GC(20) Metaspace: 118070K->118070K(1155072K)
[2024-01-23T16:37:31.510-1000][21974.392s][info][gc            ] GC(20) Pause Young (Normal) (G1 Evacuation Pause) 410M->121M(512M) 18.883ms
[2024-01-23T16:37:31.510-1000][21974.392s][info][gc,cpu        ] GC(20) User=0.09s Sys=0.00s Real=0.02s
[2024-01-23T16:37:31.850-1000][21974.732s][info][gc,start      ] GC(21) Pause Young (Normal) (G1 Evacuation Pause)
[2024-01-23T16:37:31.850-1000][21974.732s][info][gc,task       ] GC(21) Using 8 workers of 8 for evacuation
[2024-01-23T16:37:31.860-1000][21974.742s][info][gc,phases     ] GC(21)   Pre Evacuate Collection Set: 0.0ms
[2024-01-23T16:37:31.860-1000][21974.742s][info][gc,phases     ] GC(21)   Evacuate Collection Set: 8.3ms
[2024-01-23T16:37:31.860-1000][21974.742s][info][gc,phases     ] GC(21)   Post Evacuate Collection Set: 0.8ms
[2024-01-23T16:37:31.860-1000][21974.742s][info][gc,phases     ] GC(21)   Other: 0.2ms
[2024-01-23T16:37:31.860-1000][21974.742s][info][gc,heap       ] GC(21) Eden regions: 288->0(286)
[2024-01-23T16:37:31.860-1000][21974.742s][info][gc,heap       ] GC(21) Survivor regions: 19->21(39)
[2024-01-23T16:37:31.860-1000][21974.742s][info][gc,heap       ] GC(21) Old regions: 78->78
[2024-01-23T16:37:31.860-1000][21974.742s][info][gc,heap       ] GC(21) Humongous regions: 26->26
[2024-01-23T16:37:31.860-1000][21974.742s][info][gc,metaspace  ] GC(21) Metaspace: 118314K->118314K(1155072K)
[2024-01-23T16:37:31.860-1000][21974.742s][info][gc            ] GC(21) Pause Young (Normal) (G1 Evacuation Pause) 409M->123M(512M) 9.528ms
[2024-01-23T16:37:31.860-1000][21974.742s][info][gc,cpu        ] GC(21) User=0.06s Sys=0.00s Real=0.01s
[2024-01-23T16:37:32.164-1000][21975.046s][info][gc,start      ] GC(22) Pause Young (Normal) (G1 Evacuation Pause)
[2024-01-23T16:37:32.164-1000][21975.046s][info][gc,task       ] GC(22) Using 8 workers of 8 for evacuation
[2024-01-23T16:37:32.180-1000][21975.062s][info][gc,phases     ] GC(22)   Pre Evacuate Collection Set: 0.0ms
[2024-01-23T16:37:32.180-1000][21975.062s][info][gc,phases     ] GC(22)   Evacuate Collection Set: 13.9ms
[2024-01-23T16:37:32.180-1000][21975.062s][info][gc,phases     ] GC(22)   Post Evacuate Collection Set: 1.4ms
[2024-01-23T16:37:32.180-1000][21975.062s][info][gc,phases     ] GC(22)   Other: 0.2ms
[2024-01-23T16:37:32.180-1000][21975.062s][info][gc,heap       ] GC(22) Eden regions: 286->0(284)
[2024-01-23T16:37:32.180-1000][21975.062s][info][gc,heap       ] GC(22) Survivor regions: 21->23(39)
[2024-01-23T16:37:32.180-1000][21975.062s][info][gc,heap       ] GC(22) Old regions: 78->78
[2024-01-23T16:37:32.180-1000][21975.062s][info][gc,heap       ] GC(22) Humongous regions: 26->26
[2024-01-23T16:37:32.180-1000][21975.062s][info][gc,metaspace  ] GC(22) Metaspace: 118585K->118585K(1157120K)
[2024-01-23T16:37:32.180-1000][21975.062s][info][gc            ] GC(22) Pause Young (Normal) (G1 Evacuation Pause) 409M->126M(512M) 15.705ms
[2024-01-23T16:37:32.180-1000][21975.062s][info][gc,cpu        ] GC(22) User=0.08s Sys=0.00s Real=0.02s
[2024-01-23T16:37:32.537-1000][21975.419s][info][gc,start      ] GC(23) Pause Young (Normal) (G1 Evacuation Pause)
[2024-01-23T16:37:32.537-1000][21975.419s][info][gc,task       ] GC(23) Using 8 workers of 8 for evacuation
[2024-01-23T16:37:32.549-1000][21975.431s][info][gc,phases     ] GC(23)   Pre Evacuate Collection Set: 0.0ms
[2024-01-23T16:37:32.549-1000][21975.431s][info][gc,phases     ] GC(23)   Evacuate Collection Set: 11.3ms
[2024-01-23T16:37:32.549-1000][21975.431s][info][gc,phases     ] GC(23)   Post Evacuate Collection Set: 0.5ms
[2024-01-23T16:37:32.549-1000][21975.431s][info][gc,phases     ] GC(23)   Other: 0.2ms
[2024-01-23T16:37:32.549-1000][21975.431s][info][gc,heap       ] GC(23) Eden regions: 284->0(284)
[2024-01-23T16:37:32.549-1000][21975.431s][info][gc,heap       ] GC(23) Survivor regions: 23->23(39)
[2024-01-23T16:37:32.549-1000][21975.431s][info][gc,heap       ] GC(23) Old regions: 78->81
[2024-01-23T16:37:32.549-1000][21975.431s][info][gc,heap       ] GC(23) Humongous regions: 26->26
[2024-01-23T16:37:32.549-1000][21975.431s][info][gc,metaspace  ] GC(23) Metaspace: 118847K->118847K(1157120K)
[2024-01-23T16:37:32.549-1000][21975.431s][info][gc            ] GC(23) Pause Young (Normal) (G1 Evacuation Pause) 410M->129M(512M) 12.207ms
[2024-01-23T16:37:32.549-1000][21975.431s][info][gc,cpu        ] GC(23) User=0.08s Sys=0.00s Real=0.01s
[2024-01-23T16:37:32.816-1000][21975.698s][info][gc,start      ] GC(24) Pause Young (Normal) (G1 Evacuation Pause)
[2024-01-23T16:37:32.816-1000][21975.698s][info][gc,task       ] GC(24) Using 8 workers of 8 for evacuation
[2024-01-23T16:37:32.829-1000][21975.711s][info][gc,phases     ] GC(24)   Pre Evacuate Collection Set: 0.0ms
[2024-01-23T16:37:32.829-1000][21975.711s][info][gc,phases     ] GC(24)   Evacuate Collection Set: 10.0ms
[2024-01-23T16:37:32.829-1000][21975.711s][info][gc,phases     ] GC(24)   Post Evacuate Collection Set: 2.9ms
[2024-01-23T16:37:32.829-1000][21975.711s][info][gc,phases     ] GC(24)   Other: 0.3ms
[2024-01-23T16:37:32.829-1000][21975.711s][info][gc,heap       ] GC(24) Eden regions: 284->0(288)
[2024-01-23T16:37:32.829-1000][21975.711s][info][gc,heap       ] GC(24) Survivor regions: 23->19(39)
[2024-01-23T16:37:32.829-1000][21975.711s][info][gc,heap       ] GC(24) Old regions: 81->88
[2024-01-23T16:37:32.829-1000][21975.711s][info][gc,heap       ] GC(24) Humongous regions: 26->26
[2024-01-23T16:37:32.829-1000][21975.711s][info][gc,metaspace  ] GC(24) Metaspace: 118981K->118981K(1157120K)
[2024-01-23T16:37:32.829-1000][21975.711s][info][gc            ] GC(24) Pause Young (Normal) (G1 Evacuation Pause) 413M->131M(512M) 13.361ms
[2024-01-23T16:37:32.829-1000][21975.711s][info][gc,cpu        ] GC(24) User=0.08s Sys=0.01s Real=0.01s
[2024-01-23T16:37:33.109-1000][21975.991s][info][gc,start      ] GC(25) Pause Young (Normal) (G1 Evacuation Pause)
[2024-01-23T16:37:33.109-1000][21975.991s][info][gc,task       ] GC(25) Using 8 workers of 8 for evacuation
[2024-01-23T16:37:33.128-1000][21976.010s][info][gc,phases     ] GC(25)   Pre Evacuate Collection Set: 0.0ms
[2024-01-23T16:37:33.128-1000][21976.010s][info][gc,phases     ] GC(25)   Evacuate Collection Set: 17.1ms
[2024-01-23T16:37:33.128-1000][21976.010s][info][gc,phases     ] GC(25)   Post Evacuate Collection Set: 1.7ms
[2024-01-23T16:37:33.128-1000][21976.010s][info][gc,phases     ] GC(25)   Other: 0.3ms
[2024-01-23T16:37:33.128-1000][21976.010s][info][gc,heap       ] GC(25) Eden regions: 288->0(287)
[2024-01-23T16:37:33.128-1000][21976.010s][info][gc,heap       ] GC(25) Survivor regions: 19->20(39)
[2024-01-23T16:37:33.128-1000][21976.010s][info][gc,heap       ] GC(25) Old regions: 88->88
[2024-01-23T16:37:33.128-1000][21976.010s][info][gc,heap       ] GC(25) Humongous regions: 26->26
[2024-01-23T16:37:33.128-1000][21976.010s][info][gc,metaspace  ] GC(25) Metaspace: 119088K->119088K(1157120K)
[2024-01-23T16:37:33.128-1000][21976.010s][info][gc            ] GC(25) Pause Young (Normal) (G1 Evacuation Pause) 419M->133M(512M) 19.175ms
[2024-01-23T16:37:33.128-1000][21976.010s][info][gc,cpu        ] GC(25) User=0.08s Sys=0.00s Real=0.02s
[2024-01-23T16:37:33.385-1000][21976.266s][info][gc,start      ] GC(26) Pause Young (Normal) (G1 Evacuation Pause)
[2024-01-23T16:37:33.385-1000][21976.266s][info][gc,task       ] GC(26) Using 8 workers of 8 for evacuation
[2024-01-23T16:37:33.405-1000][21976.287s][info][gc,phases     ] GC(26)   Pre Evacuate Collection Set: 0.0ms
[2024-01-23T16:37:33.405-1000][21976.287s][info][gc,phases     ] GC(26)   Evacuate Collection Set: 19.4ms
[2024-01-23T16:37:33.405-1000][21976.287s][info][gc,phases     ] GC(26)   Post Evacuate Collection Set: 0.9ms
[2024-01-23T16:37:33.405-1000][21976.287s][info][gc,phases     ] GC(26)   Other: 0.3ms
[2024-01-23T16:37:33.406-1000][21976.287s][info][gc,heap       ] GC(26) Eden regions: 287->0(284)
[2024-01-23T16:37:33.406-1000][21976.287s][info][gc,heap       ] GC(26) Survivor regions: 20->23(39)
[2024-01-23T16:37:33.406-1000][21976.287s][info][gc,heap       ] GC(26) Old regions: 88->88
[2024-01-23T16:37:33.406-1000][21976.287s][info][gc,heap       ] GC(26) Humongous regions: 26->26
[2024-01-23T16:37:33.406-1000][21976.287s][info][gc,metaspace  ] GC(26) Metaspace: 119220K->119220K(1157120K)
[2024-01-23T16:37:33.406-1000][21976.287s][info][gc            ] GC(26) Pause Young (Normal) (G1 Evacuation Pause) 420M->136M(512M) 20.936ms
[2024-01-23T16:37:33.406-1000][21976.287s][info][gc,cpu        ] GC(26) User=0.10s Sys=0.00s Real=0.02s
[2024-01-23T16:37:33.644-1000][21976.526s][info][gc,start      ] GC(27) Pause Young (Normal) (G1 Evacuation Pause)
[2024-01-23T16:37:33.644-1000][21976.526s][info][gc,task       ] GC(27) Using 8 workers of 8 for evacuation
[2024-01-23T16:37:33.655-1000][21976.537s][info][gc,phases     ] GC(27)   Pre Evacuate Collection Set: 0.0ms
[2024-01-23T16:37:33.655-1000][21976.537s][info][gc,phases     ] GC(27)   Evacuate Collection Set: 8.3ms
[2024-01-23T16:37:33.655-1000][21976.537s][info][gc,phases     ] GC(27)   Post Evacuate Collection Set: 2.8ms
[2024-01-23T16:37:33.655-1000][21976.537s][info][gc,phases     ] GC(27)   Other: 0.3ms
[2024-01-23T16:37:33.655-1000][21976.537s][info][gc,heap       ] GC(27) Eden regions: 284->0(285)
[2024-01-23T16:37:33.655-1000][21976.537s][info][gc,heap       ] GC(27) Survivor regions: 23->22(39)
[2024-01-23T16:37:33.655-1000][21976.537s][info][gc,heap       ] GC(27) Old regions: 88->91
[2024-01-23T16:37:33.655-1000][21976.537s][info][gc,heap       ] GC(27) Humongous regions: 26->26
[2024-01-23T16:37:33.655-1000][21976.537s][info][gc,metaspace  ] GC(27) Metaspace: 119285K->119285K(1157120K)
[2024-01-23T16:37:33.655-1000][21976.537s][info][gc            ] GC(27) Pause Young (Normal) (G1 Evacuation Pause) 420M->138M(512M) 11.506ms
[2024-01-23T16:37:33.656-1000][21976.537s][info][gc,cpu        ] GC(27) User=0.07s Sys=0.00s Real=0.01s
[2024-01-23T16:37:33.917-1000][21976.799s][info][gc,start      ] GC(28) Pause Young (Normal) (G1 Evacuation Pause)
[2024-01-23T16:37:33.917-1000][21976.799s][info][gc,task       ] GC(28) Using 8 workers of 8 for evacuation
[2024-01-23T16:37:33.936-1000][21976.817s][info][gc,phases     ] GC(28)   Pre Evacuate Collection Set: 0.0ms
[2024-01-23T16:37:33.936-1000][21976.818s][info][gc,phases     ] GC(28)   Evacuate Collection Set: 7.6ms
[2024-01-23T16:37:33.936-1000][21976.818s][info][gc,phases     ] GC(28)   Post Evacuate Collection Set: 11.0ms
[2024-01-23T16:37:33.936-1000][21976.818s][info][gc,phases     ] GC(28)   Other: 0.2ms
[2024-01-23T16:37:33.936-1000][21976.818s][info][gc,heap       ] GC(28) Eden regions: 285->0(284)
[2024-01-23T16:37:33.936-1000][21976.818s][info][gc,heap       ] GC(28) Survivor regions: 22->23(39)
[2024-01-23T16:37:33.936-1000][21976.818s][info][gc,heap       ] GC(28) Old regions: 91->91
[2024-01-23T16:37:33.936-1000][21976.818s][info][gc,heap       ] GC(28) Humongous regions: 26->26
[2024-01-23T16:37:33.936-1000][21976.818s][info][gc,metaspace  ] GC(28) Metaspace: 119375K->119375K(1157120K)
[2024-01-23T16:37:33.936-1000][21976.818s][info][gc            ] GC(28) Pause Young (Normal) (G1 Evacuation Pause) 423M->139M(512M) 18.980ms
[2024-01-23T16:37:33.936-1000][21976.818s][info][gc,cpu        ] GC(28) User=0.08s Sys=0.00s Real=0.02s
[2024-01-23T16:37:34.262-1000][21977.144s][info][gc,start      ] GC(29) Pause Young (Normal) (G1 Evacuation Pause)
[2024-01-23T16:37:34.262-1000][21977.144s][info][gc,task       ] GC(29) Using 8 workers of 8 for evacuation
[2024-01-23T16:37:34.278-1000][21977.160s][info][gc,phases     ] GC(29)   Pre Evacuate Collection Set: 0.0ms
[2024-01-23T16:37:34.278-1000][21977.160s][info][gc,phases     ] GC(29)   Evacuate Collection Set: 13.6ms
[2024-01-23T16:37:34.278-1000][21977.160s][info][gc,phases     ] GC(29)   Post Evacuate Collection Set: 2.1ms
[2024-01-23T16:37:34.278-1000][21977.160s][info][gc,phases     ] GC(29)   Other: 0.3ms
[2024-01-23T16:37:34.278-1000][21977.160s][info][gc,heap       ] GC(29) Eden regions: 284->0(286)
[2024-01-23T16:37:34.279-1000][21977.160s][info][gc,heap       ] GC(29) Survivor regions: 23->21(39)
[2024-01-23T16:37:34.279-1000][21977.160s][info][gc,heap       ] GC(29) Old regions: 91->94
[2024-01-23T16:37:34.279-1000][21977.160s][info][gc,heap       ] GC(29) Humongous regions: 26->26
[2024-01-23T16:37:34.279-1000][21977.160s][info][gc,metaspace  ] GC(29) Metaspace: 119966K->119966K(1157120K)
[2024-01-23T16:37:34.279-1000][21977.160s][info][gc            ] GC(29) Pause Young (Normal) (G1 Evacuation Pause) 423M->140M(512M) 16.342ms
[2024-01-23T16:37:34.279-1000][21977.160s][info][gc,cpu        ] GC(29) User=0.08s Sys=0.01s Real=0.01s
[2024-01-23T16:37:34.517-1000][21977.399s][info][gc,start      ] GC(30) Pause Young (Normal) (GCLocker Initiated GC)
[2024-01-23T16:37:34.517-1000][21977.399s][info][gc,task       ] GC(30) Using 8 workers of 8 for evacuation
[2024-01-23T16:37:34.526-1000][21977.408s][info][gc,phases     ] GC(30)   Pre Evacuate Collection Set: 0.0ms
[2024-01-23T16:37:34.526-1000][21977.408s][info][gc,phases     ] GC(30)   Evacuate Collection Set: 7.6ms
[2024-01-23T16:37:34.526-1000][21977.408s][info][gc,phases     ] GC(30)   Post Evacuate Collection Set: 1.2ms
[2024-01-23T16:37:34.526-1000][21977.408s][info][gc,phases     ] GC(30)   Other: 0.2ms
[2024-01-23T16:37:34.526-1000][21977.408s][info][gc,heap       ] GC(30) Eden regions: 286->0(285)
[2024-01-23T16:37:34.526-1000][21977.408s][info][gc,heap       ] GC(30) Survivor regions: 21->22(39)
[2024-01-23T16:37:34.526-1000][21977.408s][info][gc,heap       ] GC(30) Old regions: 94->94
[2024-01-23T16:37:34.526-1000][21977.408s][info][gc,heap       ] GC(30) Humongous regions: 26->26
[2024-01-23T16:37:34.526-1000][21977.408s][info][gc,metaspace  ] GC(30) Metaspace: 120101K->120101K(1157120K)
[2024-01-23T16:37:34.526-1000][21977.408s][info][gc            ] GC(30) Pause Young (Normal) (GCLocker Initiated GC) 426M->141M(512M) 9.130ms
[2024-01-23T16:37:34.526-1000][21977.408s][info][gc,cpu        ] GC(30) User=0.06s Sys=0.00s Real=0.01s
[2024-01-23T16:37:34.811-1000][21977.692s][info][gc,start      ] GC(31) Pause Young (Normal) (G1 Evacuation Pause)
[2024-01-23T16:37:34.811-1000][21977.692s][info][gc,task       ] GC(31) Using 8 workers of 8 for evacuation
[2024-01-23T16:37:34.820-1000][21977.702s][info][gc,phases     ] GC(31)   Pre Evacuate Collection Set: 0.0ms
[2024-01-23T16:37:34.820-1000][21977.702s][info][gc,phases     ] GC(31)   Evacuate Collection Set: 8.0ms
[2024-01-23T16:37:34.820-1000][21977.702s][info][gc,phases     ] GC(31)   Post Evacuate Collection Set: 0.9ms
[2024-01-23T16:37:34.821-1000][21977.702s][info][gc,phases     ] GC(31)   Other: 0.2ms
[2024-01-23T16:37:34.821-1000][21977.702s][info][gc,heap       ] GC(31) Eden regions: 285->0(285)
[2024-01-23T16:37:34.821-1000][21977.702s][info][gc,heap       ] GC(31) Survivor regions: 22->22(39)
[2024-01-23T16:37:34.821-1000][21977.702s][info][gc,heap       ] GC(31) Old regions: 94->97
[2024-01-23T16:37:34.821-1000][21977.702s][info][gc,heap       ] GC(31) Humongous regions: 26->26
[2024-01-23T16:37:34.821-1000][21977.702s][info][gc,metaspace  ] GC(31) Metaspace: 120190K->120190K(1157120K)
[2024-01-23T16:37:34.821-1000][21977.702s][info][gc            ] GC(31) Pause Young (Normal) (G1 Evacuation Pause) 426M->144M(512M) 9.291ms
[2024-01-23T16:37:34.821-1000][21977.702s][info][gc,cpu        ] GC(31) User=0.07s Sys=0.01s Real=0.01s
[2024-01-23T16:37:35.038-1000][21977.919s][info][gc,start      ] GC(32) Pause Young (Normal) (G1 Evacuation Pause)
[2024-01-23T16:37:35.038-1000][21977.919s][info][gc,task       ] GC(32) Using 8 workers of 8 for evacuation
[2024-01-23T16:37:35.052-1000][21977.933s][info][gc,phases     ] GC(32)   Pre Evacuate Collection Set: 0.0ms
[2024-01-23T16:37:35.052-1000][21977.933s][info][gc,phases     ] GC(32)   Evacuate Collection Set: 12.3ms
[2024-01-23T16:37:35.052-1000][21977.933s][info][gc,phases     ] GC(32)   Post Evacuate Collection Set: 1.0ms
[2024-01-23T16:37:35.052-1000][21977.933s][info][gc,phases     ] GC(32)   Other: 0.2ms
[2024-01-23T16:37:35.052-1000][21977.933s][info][gc,heap       ] GC(32) Eden regions: 285->0(286)
[2024-01-23T16:37:35.052-1000][21977.933s][info][gc,heap       ] GC(32) Survivor regions: 22->21(39)
[2024-01-23T16:37:35.052-1000][21977.933s][info][gc,heap       ] GC(32) Old regions: 97->99
[2024-01-23T16:37:35.052-1000][21977.933s][info][gc,heap       ] GC(32) Humongous regions: 26->26
[2024-01-23T16:37:35.052-1000][21977.933s][info][gc,metaspace  ] GC(32) Metaspace: 120255K->120255K(1157120K)
[2024-01-23T16:37:35.052-1000][21977.933s][info][gc            ] GC(32) Pause Young (Normal) (G1 Evacuation Pause) 429M->145M(512M) 13.709ms
[2024-01-23T16:37:35.052-1000][21977.933s][info][gc,cpu        ] GC(32) User=0.08s Sys=0.00s Real=0.02s
[2024-01-23T16:37:35.252-1000][21978.133s][info][gc,start      ] GC(33) Pause Young (Normal) (G1 Evacuation Pause)
[2024-01-23T16:37:35.252-1000][21978.133s][info][gc,task       ] GC(33) Using 8 workers of 8 for evacuation
[2024-01-23T16:37:35.263-1000][21978.144s][info][gc,phases     ] GC(33)   Pre Evacuate Collection Set: 0.0ms
[2024-01-23T16:37:35.263-1000][21978.144s][info][gc,phases     ] GC(33)   Evacuate Collection Set: 9.9ms
[2024-01-23T16:37:35.263-1000][21978.144s][info][gc,phases     ] GC(33)   Post Evacuate Collection Set: 1.0ms
[2024-01-23T16:37:35.263-1000][21978.144s][info][gc,phases     ] GC(33)   Other: 0.2ms
[2024-01-23T16:37:35.263-1000][21978.144s][info][gc,heap       ] GC(33) Eden regions: 286->0(284)
[2024-01-23T16:37:35.263-1000][21978.144s][info][gc,heap       ] GC(33) Survivor regions: 21->23(39)
[2024-01-23T16:37:35.263-1000][21978.144s][info][gc,heap       ] GC(33) Old regions: 99->99
[2024-01-23T16:37:35.263-1000][21978.144s][info][gc,heap       ] GC(33) Humongous regions: 26->26
[2024-01-23T16:37:35.263-1000][21978.144s][info][gc,metaspace  ] GC(33) Metaspace: 120374K->120374K(1157120K)
[2024-01-23T16:37:35.263-1000][21978.144s][info][gc            ] GC(33) Pause Young (Normal) (G1 Evacuation Pause) 431M->147M(512M) 11.243ms
[2024-01-23T16:37:35.263-1000][21978.144s][info][gc,cpu        ] GC(33) User=0.07s Sys=0.01s Real=0.01s
[2024-01-23T16:37:35.681-1000][21978.562s][info][gc,start      ] GC(34) Pause Young (Normal) (G1 Evacuation Pause)
[2024-01-23T16:37:35.681-1000][21978.562s][info][gc,task       ] GC(34) Using 8 workers of 8 for evacuation
[2024-01-23T16:37:35.692-1000][21978.573s][info][gc,phases     ] GC(34)   Pre Evacuate Collection Set: 0.0ms
[2024-01-23T16:37:35.692-1000][21978.573s][info][gc,phases     ] GC(34)   Evacuate Collection Set: 9.8ms
[2024-01-23T16:37:35.692-1000][21978.573s][info][gc,phases     ] GC(34)   Post Evacuate Collection Set: 1.1ms
[2024-01-23T16:37:35.692-1000][21978.573s][info][gc,phases     ] GC(34)   Other: 0.2ms
[2024-01-23T16:37:35.692-1000][21978.573s][info][gc,heap       ] GC(34) Eden regions: 284->0(284)
[2024-01-23T16:37:35.692-1000][21978.573s][info][gc,heap       ] GC(34) Survivor regions: 23->23(39)
[2024-01-23T16:37:35.692-1000][21978.573s][info][gc,heap       ] GC(34) Old regions: 99->102
[2024-01-23T16:37:35.692-1000][21978.573s][info][gc,heap       ] GC(34) Humongous regions: 26->26
[2024-01-23T16:37:35.692-1000][21978.573s][info][gc,metaspace  ] GC(34) Metaspace: 122618K->122618K(1159168K)
[2024-01-23T16:37:35.692-1000][21978.573s][info][gc            ] GC(34) Pause Young (Normal) (G1 Evacuation Pause) 431M->149M(512M) 11.221ms
[2024-01-23T16:37:35.692-1000][21978.573s][info][gc,cpu        ] GC(34) User=0.08s Sys=0.00s Real=0.01s
[2024-01-23T16:37:59.795-1000][22002.672s][info][gc,start      ] GC(35) Pause Young (Normal) (G1 Evacuation Pause)
[2024-01-23T16:37:59.795-1000][22002.672s][info][gc,task       ] GC(35) Using 8 workers of 8 for evacuation
[2024-01-23T16:37:59.816-1000][22002.694s][info][gc,phases     ] GC(35)   Pre Evacuate Collection Set: 0.0ms
[2024-01-23T16:37:59.816-1000][22002.694s][info][gc,phases     ] GC(35)   Evacuate Collection Set: 20.1ms
[2024-01-23T16:37:59.816-1000][22002.694s][info][gc,phases     ] GC(35)   Post Evacuate Collection Set: 1.3ms
[2024-01-23T16:37:59.817-1000][22002.694s][info][gc,phases     ] GC(35)   Other: 0.2ms
[2024-01-23T16:37:59.817-1000][22002.694s][info][gc,heap       ] GC(35) Eden regions: 284->0(276)
[2024-01-23T16:37:59.817-1000][22002.694s][info][gc,heap       ] GC(35) Survivor regions: 23->26(39)
[2024-01-23T16:37:59.817-1000][22002.694s][info][gc,heap       ] GC(35) Old regions: 102->104
[2024-01-23T16:37:59.817-1000][22002.694s][info][gc,heap       ] GC(35) Humongous regions: 28->28
[2024-01-23T16:37:59.817-1000][22002.694s][info][gc,metaspace  ] GC(35) Metaspace: 130853K->130853K(1167360K)
[2024-01-23T16:37:59.817-1000][22002.694s][info][gc            ] GC(35) Pause Young (Normal) (G1 Evacuation Pause) 435M->157M(512M) 21.787ms
[2024-01-23T16:37:59.817-1000][22002.694s][info][gc,cpu        ] GC(35) User=0.13s Sys=0.01s Real=0.02s
[2024-01-23T16:38:00.921-1000][22003.798s][info][gc,start      ] GC(36) Pause Young (Normal) (G1 Evacuation Pause)
[2024-01-23T16:38:00.928-1000][22003.805s][info][gc,task       ] GC(36) Using 8 workers of 8 for evacuation
[2024-01-23T16:38:00.949-1000][22003.826s][info][gc,phases     ] GC(36)   Pre Evacuate Collection Set: 0.0ms
[2024-01-23T16:38:00.949-1000][22003.826s][info][gc,phases     ] GC(36)   Evacuate Collection Set: 19.6ms
[2024-01-23T16:38:00.949-1000][22003.826s][info][gc,phases     ] GC(36)   Post Evacuate Collection Set: 0.4ms
[2024-01-23T16:38:00.949-1000][22003.826s][info][gc,phases     ] GC(36)   Other: 7.6ms
[2024-01-23T16:38:00.949-1000][22003.826s][info][gc,heap       ] GC(36) Eden regions: 276->0(276)
[2024-01-23T16:38:00.949-1000][22003.826s][info][gc,heap       ] GC(36) Survivor regions: 26->23(38)
[2024-01-23T16:38:00.949-1000][22003.826s][info][gc,heap       ] GC(36) Old regions: 104->110
[2024-01-23T16:38:00.949-1000][22003.826s][info][gc,heap       ] GC(36) Humongous regions: 28->28
[2024-01-23T16:38:00.949-1000][22003.826s][info][gc,metaspace  ] GC(36) Metaspace: 131448K->131448K(1167360K)
[2024-01-23T16:38:00.949-1000][22003.826s][info][gc            ] GC(36) Pause Young (Normal) (G1 Evacuation Pause) 433M->160M(512M) 27.851ms
[2024-01-23T16:38:00.949-1000][22003.826s][info][gc,cpu        ] GC(36) User=0.17s Sys=0.00s Real=0.02s
[2024-01-23T16:38:01.881-1000][22004.758s][info][gc,start      ] GC(37) Pause Young (Normal) (G1 Evacuation Pause)
[2024-01-23T16:38:01.881-1000][22004.758s][info][gc,task       ] GC(37) Using 8 workers of 8 for evacuation
[2024-01-23T16:38:01.897-1000][22004.774s][info][gc,phases     ] GC(37)   Pre Evacuate Collection Set: 0.0ms
[2024-01-23T16:38:01.897-1000][22004.774s][info][gc,phases     ] GC(37)   Evacuate Collection Set: 15.4ms
[2024-01-23T16:38:01.897-1000][22004.774s][info][gc,phases     ] GC(37)   Post Evacuate Collection Set: 0.6ms
[2024-01-23T16:38:01.897-1000][22004.775s][info][gc,phases     ] GC(37)   Other: 0.2ms
[2024-01-23T16:38:01.897-1000][22004.775s][info][gc,heap       ] GC(37) Eden regions: 276->0(276)
[2024-01-23T16:38:01.897-1000][22004.775s][info][gc,heap       ] GC(37) Survivor regions: 23->21(38)
[2024-01-23T16:38:01.897-1000][22004.775s][info][gc,heap       ] GC(37) Old regions: 110->114
[2024-01-23T16:38:01.897-1000][22004.775s][info][gc,heap       ] GC(37) Humongous regions: 28->28
[2024-01-23T16:38:01.897-1000][22004.775s][info][gc,metaspace  ] GC(37) Metaspace: 131650K->131650K(1169408K)
[2024-01-23T16:38:01.897-1000][22004.775s][info][gc            ] GC(37) Pause Young (Normal) (G1 Evacuation Pause) 436M->162M(512M) 16.296ms
[2024-01-23T16:38:01.898-1000][22004.775s][info][gc,cpu        ] GC(37) User=0.11s Sys=0.01s Real=0.01s
[2024-01-23T16:38:02.700-1000][22005.578s][info][gc,start      ] GC(38) Pause Young (Normal) (G1 Evacuation Pause)
[2024-01-23T16:38:02.701-1000][22005.578s][info][gc,task       ] GC(38) Using 8 workers of 8 for evacuation
[2024-01-23T16:38:02.714-1000][22005.591s][info][gc,phases     ] GC(38)   Pre Evacuate Collection Set: 0.0ms
[2024-01-23T16:38:02.714-1000][22005.591s][info][gc,phases     ] GC(38)   Evacuate Collection Set: 12.8ms
[2024-01-23T16:38:02.714-1000][22005.591s][info][gc,phases     ] GC(38)   Post Evacuate Collection Set: 0.5ms
[2024-01-23T16:38:02.714-1000][22005.591s][info][gc,phases     ] GC(38)   Other: 0.2ms
[2024-01-23T16:38:02.714-1000][22005.591s][info][gc,heap       ] GC(38) Eden regions: 276->0(268)
[2024-01-23T16:38:02.714-1000][22005.591s][info][gc,heap       ] GC(38) Survivor regions: 21->25(38)
[2024-01-23T16:38:02.714-1000][22005.591s][info][gc,heap       ] GC(38) Old regions: 114->114
[2024-01-23T16:38:02.714-1000][22005.591s][info][gc,heap       ] GC(38) Humongous regions: 28->28
[2024-01-23T16:38:02.714-1000][22005.591s][info][gc,metaspace  ] GC(38) Metaspace: 131904K->131904K(1169408K)
[2024-01-23T16:38:02.714-1000][22005.591s][info][gc            ] GC(38) Pause Young (Normal) (G1 Evacuation Pause) 438M->166M(512M) 13.618ms
[2024-01-23T16:38:02.714-1000][22005.591s][info][gc,cpu        ] GC(38) User=0.10s Sys=0.00s Real=0.01s
[2024-01-23T16:38:03.461-1000][22006.338s][info][gc,start      ] GC(39) Pause Young (Normal) (G1 Evacuation Pause)
[2024-01-23T16:38:03.476-1000][22006.353s][info][gc,task       ] GC(39) Using 8 workers of 8 for evacuation
[2024-01-23T16:38:03.490-1000][22006.367s][info][gc,phases     ] GC(39)   Pre Evacuate Collection Set: 0.0ms
[2024-01-23T16:38:03.490-1000][22006.367s][info][gc,phases     ] GC(39)   Evacuate Collection Set: 13.9ms
[2024-01-23T16:38:03.490-1000][22006.367s][info][gc,phases     ] GC(39)   Post Evacuate Collection Set: 0.5ms
[2024-01-23T16:38:03.491-1000][22006.368s][info][gc,phases     ] GC(39)   Other: 15.4ms
[2024-01-23T16:38:03.491-1000][22006.368s][info][gc,heap       ] GC(39) Eden regions: 268->0(267)
[2024-01-23T16:38:03.491-1000][22006.368s][info][gc,heap       ] GC(39) Survivor regions: 25->23(37)
[2024-01-23T16:38:03.491-1000][22006.368s][info][gc,heap       ] GC(39) Old regions: 114->119
[2024-01-23T16:38:03.491-1000][22006.368s][info][gc,heap       ] GC(39) Humongous regions: 28->28
[2024-01-23T16:38:03.491-1000][22006.368s][info][gc,metaspace  ] GC(39) Metaspace: 132018K->132018K(1169408K)
[2024-01-23T16:38:03.491-1000][22006.368s][info][gc            ] GC(39) Pause Young (Normal) (G1 Evacuation Pause) 434M->168M(512M) 30.009ms
[2024-01-23T16:38:03.491-1000][22006.368s][info][gc,cpu        ] GC(39) User=0.13s Sys=0.00s Real=0.03s
[2024-01-23T16:38:04.208-1000][22007.085s][info][gc,start      ] GC(40) Pause Young (Normal) (G1 Evacuation Pause)
[2024-01-23T16:38:04.208-1000][22007.085s][info][gc,task       ] GC(40) Using 8 workers of 8 for evacuation
[2024-01-23T16:38:04.222-1000][22007.099s][info][gc,phases     ] GC(40)   Pre Evacuate Collection Set: 0.0ms
[2024-01-23T16:38:04.222-1000][22007.099s][info][gc,phases     ] GC(40)   Evacuate Collection Set: 13.1ms
[2024-01-23T16:38:04.222-1000][22007.099s][info][gc,phases     ] GC(40)   Post Evacuate Collection Set: 0.6ms
[2024-01-23T16:38:04.222-1000][22007.099s][info][gc,phases     ] GC(40)   Other: 0.2ms
[2024-01-23T16:38:04.222-1000][22007.099s][info][gc,heap       ] GC(40) Eden regions: 267->0(268)
[2024-01-23T16:38:04.222-1000][22007.099s][info][gc,heap       ] GC(40) Survivor regions: 23->20(37)
[2024-01-23T16:38:04.222-1000][22007.099s][info][gc,heap       ] GC(40) Old regions: 119->124
[2024-01-23T16:38:04.222-1000][22007.099s][info][gc,heap       ] GC(40) Humongous regions: 28->28
[2024-01-23T16:38:04.222-1000][22007.099s][info][gc,metaspace  ] GC(40) Metaspace: 132049K->132049K(1169408K)
[2024-01-23T16:38:04.222-1000][22007.099s][info][gc            ] GC(40) Pause Young (Normal) (G1 Evacuation Pause) 435M->171M(512M) 14.021ms
[2024-01-23T16:38:04.222-1000][22007.099s][info][gc,cpu        ] GC(40) User=0.10s Sys=0.01s Real=0.02s
[2024-01-23T16:49:43.954-1000][22706.827s][info][gc,start      ] GC(41) Pause Young (Normal) (G1 Evacuation Pause)
[2024-01-23T16:49:43.954-1000][22706.827s][info][gc,task       ] GC(41) Using 8 workers of 8 for evacuation
[2024-01-23T16:49:43.962-1000][22706.836s][info][gc,phases     ] GC(41)   Pre Evacuate Collection Set: 0.0ms
[2024-01-23T16:49:43.962-1000][22706.836s][info][gc,phases     ] GC(41)   Evacuate Collection Set: 7.3ms
[2024-01-23T16:49:43.962-1000][22706.836s][info][gc,phases     ] GC(41)   Post Evacuate Collection Set: 0.7ms
[2024-01-23T16:49:43.962-1000][22706.836s][info][gc,phases     ] GC(41)   Other: 0.2ms
[2024-01-23T16:49:43.962-1000][22706.836s][info][gc,heap       ] GC(41) Eden regions: 268->0(274)
[2024-01-23T16:49:43.962-1000][22706.836s][info][gc,heap       ] GC(41) Survivor regions: 20->17(36)
[2024-01-23T16:49:43.962-1000][22706.836s][info][gc,heap       ] GC(41) Old regions: 124->124
[2024-01-23T16:49:43.962-1000][22706.836s][info][gc,heap       ] GC(41) Humongous regions: 29->28
[2024-01-23T16:49:43.962-1000][22706.836s][info][gc,metaspace  ] GC(41) Metaspace: 132949K->132949K(1169408K)
[2024-01-23T16:49:43.962-1000][22706.836s][info][gc            ] GC(41) Pause Young (Normal) (G1 Evacuation Pause) 440M->168M(512M) 8.424ms
[2024-01-23T16:49:43.963-1000][22706.836s][info][gc,cpu        ] GC(41) User=0.06s Sys=0.00s Real=0.01s
[2024-01-23T16:49:44.308-1000][22707.182s][info][gc,start      ] GC(42) Pause Young (Normal) (G1 Evacuation Pause)
[2024-01-23T16:49:44.308-1000][22707.182s][info][gc,task       ] GC(42) Using 8 workers of 8 for evacuation
[2024-01-23T16:49:44.318-1000][22707.192s][info][gc,phases     ] GC(42)   Pre Evacuate Collection Set: 0.0ms
[2024-01-23T16:49:44.318-1000][22707.192s][info][gc,phases     ] GC(42)   Evacuate Collection Set: 8.5ms
[2024-01-23T16:49:44.318-1000][22707.192s][info][gc,phases     ] GC(42)   Post Evacuate Collection Set: 1.5ms
[2024-01-23T16:49:44.318-1000][22707.192s][info][gc,phases     ] GC(42)   Other: 0.2ms
[2024-01-23T16:49:44.318-1000][22707.192s][info][gc,heap       ] GC(42) Eden regions: 274->0(272)
[2024-01-23T16:49:44.318-1000][22707.192s][info][gc,heap       ] GC(42) Survivor regions: 17->18(37)
[2024-01-23T16:49:44.318-1000][22707.192s][info][gc,heap       ] GC(42) Old regions: 124->124
[2024-01-23T16:49:44.318-1000][22707.192s][info][gc,heap       ] GC(42) Humongous regions: 28->28
[2024-01-23T16:49:44.318-1000][22707.192s][info][gc,metaspace  ] GC(42) Metaspace: 132953K->132953K(1169408K)
[2024-01-23T16:49:44.318-1000][22707.192s][info][gc            ] GC(42) Pause Young (Normal) (G1 Evacuation Pause) 442M->169M(512M) 10.225ms
[2024-01-23T16:49:44.319-1000][22707.192s][info][gc,cpu        ] GC(42) User=0.08s Sys=0.00s Real=0.01s
[2024-01-23T16:49:44.582-1000][22707.455s][info][gc,start      ] GC(43) Pause Young (Normal) (G1 Evacuation Pause)
[2024-01-23T16:49:44.582-1000][22707.455s][info][gc,task       ] GC(43) Using 8 workers of 8 for evacuation
[2024-01-23T16:49:44.591-1000][22707.464s][info][gc,phases     ] GC(43)   Pre Evacuate Collection Set: 0.0ms
[2024-01-23T16:49:44.591-1000][22707.464s][info][gc,phases     ] GC(43)   Evacuate Collection Set: 7.8ms
[2024-01-23T16:49:44.591-1000][22707.464s][info][gc,phases     ] GC(43)   Post Evacuate Collection Set: 0.7ms
[2024-01-23T16:49:44.591-1000][22707.464s][info][gc,phases     ] GC(43)   Other: 0.2ms
[2024-01-23T16:49:44.591-1000][22707.464s][info][gc,heap       ] GC(43) Eden regions: 272->0(270)
[2024-01-23T16:49:44.591-1000][22707.464s][info][gc,heap       ] GC(43) Survivor regions: 18->19(37)
[2024-01-23T16:49:44.591-1000][22707.464s][info][gc,heap       ] GC(43) Old regions: 124->124
[2024-01-23T16:49:44.591-1000][22707.464s][info][gc,heap       ] GC(43) Humongous regions: 28->28
[2024-01-23T16:49:44.591-1000][22707.464s][info][gc,metaspace  ] GC(43) Metaspace: 132956K->132956K(1169408K)
[2024-01-23T16:49:44.591-1000][22707.464s][info][gc            ] GC(43) Pause Young (Normal) (G1 Evacuation Pause) 441M->170M(512M) 8.827ms
[2024-01-23T16:49:44.591-1000][22707.464s][info][gc,cpu        ] GC(43) User=0.06s Sys=0.00s Real=0.01s
[2024-01-23T16:53:45.932-1000][22948.805s][info][gc,start      ] GC(44) Pause Young (Normal) (G1 Evacuation Pause)
[2024-01-23T16:53:45.933-1000][22948.805s][info][gc,task       ] GC(44) Using 8 workers of 8 for evacuation
[2024-01-23T16:53:45.948-1000][22948.821s][info][gc,phases     ] GC(44)   Pre Evacuate Collection Set: 0.0ms
[2024-01-23T16:53:45.948-1000][22948.821s][info][gc,phases     ] GC(44)   Evacuate Collection Set: 14.7ms
[2024-01-23T16:53:45.948-1000][22948.821s][info][gc,phases     ] GC(44)   Post Evacuate Collection Set: 0.6ms
[2024-01-23T16:53:45.948-1000][22948.821s][info][gc,phases     ] GC(44)   Other: 0.4ms
[2024-01-23T16:53:45.948-1000][22948.821s][info][gc,heap       ] GC(44) Eden regions: 270->0(266)
[2024-01-23T16:53:45.948-1000][22948.821s][info][gc,heap       ] GC(44) Survivor regions: 19->21(37)
[2024-01-23T16:53:45.948-1000][22948.821s][info][gc,heap       ] GC(44) Old regions: 124->124
[2024-01-23T16:53:45.948-1000][22948.821s][info][gc,heap       ] GC(44) Humongous regions: 28->28
[2024-01-23T16:53:45.948-1000][22948.821s][info][gc,metaspace  ] GC(44) Metaspace: 133155K->133155K(1169408K)
[2024-01-23T16:53:45.948-1000][22948.821s][info][gc            ] GC(44) Pause Young (Normal) (G1 Evacuation Pause) 440M->171M(512M) 15.932ms
[2024-01-23T16:53:45.948-1000][22948.821s][info][gc,cpu        ] GC(44) User=0.11s Sys=0.00s Real=0.01s
[2024-01-24T12:23:13.819-1000][24642.029s][info][gc,start      ] GC(45) Pause Young (Normal) (G1 Evacuation Pause)
[2024-01-24T12:23:13.820-1000][24642.030s][info][gc,task       ] GC(45) Using 8 workers of 8 for evacuation
[2024-01-24T12:23:13.898-1000][24642.108s][info][gc,phases     ] GC(45)   Pre Evacuate Collection Set: 1.0ms
[2024-01-24T12:23:13.898-1000][24642.108s][info][gc,phases     ] GC(45)   Evacuate Collection Set: 74.3ms
[2024-01-24T12:23:13.898-1000][24642.108s][info][gc,phases     ] GC(45)   Post Evacuate Collection Set: 2.3ms
[2024-01-24T12:23:13.898-1000][24642.108s][info][gc,phases     ] GC(45)   Other: 1.2ms
[2024-01-24T12:23:13.898-1000][24642.108s][info][gc,heap       ] GC(45) Eden regions: 266->0(276)
[2024-01-24T12:23:13.898-1000][24642.108s][info][gc,heap       ] GC(45) Survivor regions: 21->11(36)
[2024-01-24T12:23:13.898-1000][24642.108s][info][gc,heap       ] GC(45) Old regions: 124->129
[2024-01-24T12:23:13.898-1000][24642.108s][info][gc,heap       ] GC(45) Humongous regions: 33->33
[2024-01-24T12:23:13.898-1000][24642.108s][info][gc,metaspace  ] GC(45) Metaspace: 133366K->133366K(1169408K)
[2024-01-24T12:23:13.898-1000][24642.108s][info][gc            ] GC(45) Pause Young (Normal) (G1 Evacuation Pause) 442M->172M(512M) 78.852ms
[2024-01-24T12:23:13.898-1000][24642.108s][info][gc,cpu        ] GC(45) User=0.09s Sys=0.27s Real=0.08s
[2024-01-24T12:23:14.442-1000][24642.651s][info][gc,start      ] GC(46) Pause Young (Normal) (G1 Evacuation Pause)
[2024-01-24T12:23:14.442-1000][24642.651s][info][gc,task       ] GC(46) Using 8 workers of 8 for evacuation
[2024-01-24T12:23:14.466-1000][24642.676s][info][gc,phases     ] GC(46)   Pre Evacuate Collection Set: 0.0ms
[2024-01-24T12:23:14.466-1000][24642.676s][info][gc,phases     ] GC(46)   Evacuate Collection Set: 23.6ms
[2024-01-24T12:23:14.466-1000][24642.676s][info][gc,phases     ] GC(46)   Post Evacuate Collection Set: 0.4ms
[2024-01-24T12:23:14.466-1000][24642.676s][info][gc,phases     ] GC(46)   Other: 0.2ms
[2024-01-24T12:23:14.466-1000][24642.676s][info][gc,heap       ] GC(46) Eden regions: 276->0(276)
[2024-01-24T12:23:14.466-1000][24642.676s][info][gc,heap       ] GC(46) Survivor regions: 11->11(36)
[2024-01-24T12:23:14.466-1000][24642.676s][info][gc,heap       ] GC(46) Old regions: 129->129
[2024-01-24T12:23:14.466-1000][24642.676s][info][gc,heap       ] GC(46) Humongous regions: 33->33
[2024-01-24T12:23:14.466-1000][24642.676s][info][gc,metaspace  ] GC(46) Metaspace: 133427K->133427K(1169408K)
[2024-01-24T12:23:14.466-1000][24642.676s][info][gc            ] GC(46) Pause Young (Normal) (G1 Evacuation Pause) 448M->172M(512M) 24.429ms
[2024-01-24T12:23:14.466-1000][24642.676s][info][gc,cpu        ] GC(46) User=0.05s Sys=0.08s Real=0.02s
[2024-01-24T12:23:14.784-1000][24642.993s][info][gc,start      ] GC(47) Pause Young (Normal) (G1 Evacuation Pause)
[2024-01-24T12:23:14.784-1000][24642.993s][info][gc,task       ] GC(47) Using 8 workers of 8 for evacuation
[2024-01-24T12:23:14.793-1000][24643.003s][info][gc,phases     ] GC(47)   Pre Evacuate Collection Set: 0.0ms
[2024-01-24T12:23:14.793-1000][24643.003s][info][gc,phases     ] GC(47)   Evacuate Collection Set: 8.3ms
[2024-01-24T12:23:14.793-1000][24643.003s][info][gc,phases     ] GC(47)   Post Evacuate Collection Set: 0.7ms
[2024-01-24T12:23:14.793-1000][24643.003s][info][gc,phases     ] GC(47)   Other: 0.4ms
[2024-01-24T12:23:14.793-1000][24643.003s][info][gc,heap       ] GC(47) Eden regions: 276->0(274)
[2024-01-24T12:23:14.793-1000][24643.003s][info][gc,heap       ] GC(47) Survivor regions: 11->12(36)
[2024-01-24T12:23:14.793-1000][24643.003s][info][gc,heap       ] GC(47) Old regions: 129->129
[2024-01-24T12:23:14.793-1000][24643.003s][info][gc,heap       ] GC(47) Humongous regions: 33->33
[2024-01-24T12:23:14.793-1000][24643.003s][info][gc,metaspace  ] GC(47) Metaspace: 133434K->133434K(1169408K)
[2024-01-24T12:23:14.793-1000][24643.003s][info][gc            ] GC(47) Pause Young (Normal) (G1 Evacuation Pause) 448M->173M(512M) 9.592ms
[2024-01-24T12:23:14.793-1000][24643.003s][info][gc,cpu        ] GC(47) User=0.05s Sys=0.01s Real=0.01s
[2024-01-24T12:23:15.045-1000][24643.255s][info][gc,start      ] GC(48) Pause Young (Normal) (G1 Evacuation Pause)
[2024-01-24T12:23:15.045-1000][24643.255s][info][gc,task       ] GC(48) Using 8 workers of 8 for evacuation
[2024-01-24T12:23:15.051-1000][24643.261s][info][gc,phases     ] GC(48)   Pre Evacuate Collection Set: 0.0ms
[2024-01-24T12:23:15.051-1000][24643.261s][info][gc,phases     ] GC(48)   Evacuate Collection Set: 5.6ms
[2024-01-24T12:23:15.051-1000][24643.261s][info][gc,phases     ] GC(48)   Post Evacuate Collection Set: 0.5ms
[2024-01-24T12:23:15.051-1000][24643.261s][info][gc,phases     ] GC(48)   Other: 0.2ms
[2024-01-24T12:23:15.051-1000][24643.261s][info][gc,heap       ] GC(48) Eden regions: 274->0(272)
[2024-01-24T12:23:15.051-1000][24643.261s][info][gc,heap       ] GC(48) Survivor regions: 12->13(36)
[2024-01-24T12:23:15.051-1000][24643.261s][info][gc,heap       ] GC(48) Old regions: 129->129
[2024-01-24T12:23:15.051-1000][24643.261s][info][gc,heap       ] GC(48) Humongous regions: 33->33
[2024-01-24T12:23:15.051-1000][24643.261s][info][gc,metaspace  ] GC(48) Metaspace: 133435K->133435K(1169408K)
[2024-01-24T12:23:15.051-1000][24643.261s][info][gc            ] GC(48) Pause Young (Normal) (G1 Evacuation Pause) 447M->174M(512M) 6.341ms
[2024-01-24T12:23:15.051-1000][24643.261s][info][gc,cpu        ] GC(48) User=0.04s Sys=0.00s Real=0.01s
[2024-01-24T12:52:42.751-1000][26410.953s][info][gc,start      ] GC(49) Pause Young (Normal) (G1 Evacuation Pause)
[2024-01-24T12:52:42.752-1000][26410.954s][info][gc,task       ] GC(49) Using 8 workers of 8 for evacuation
[2024-01-24T12:52:42.764-1000][26410.966s][info][gc,phases     ] GC(49)   Pre Evacuate Collection Set: 0.0ms
[2024-01-24T12:52:42.779-1000][26410.981s][info][gc,phases     ] GC(49)   Evacuate Collection Set: 10.9ms
[2024-01-24T12:52:42.779-1000][26410.981s][info][gc,phases     ] GC(49)   Post Evacuate Collection Set: 0.7ms
[2024-01-24T12:52:42.779-1000][26410.981s][info][gc,phases     ] GC(49)   Other: 1.4ms
[2024-01-24T12:52:42.779-1000][26410.981s][info][gc,heap       ] GC(49) Eden regions: 272->0(270)
[2024-01-24T12:52:42.780-1000][26410.982s][info][gc,heap       ] GC(49) Survivor regions: 13->14(36)
[2024-01-24T12:52:42.780-1000][26410.982s][info][gc,heap       ] GC(49) Old regions: 129->129
[2024-01-24T12:52:42.780-1000][26410.982s][info][gc,heap       ] GC(49) Humongous regions: 33->33
[2024-01-24T12:52:42.780-1000][26410.982s][info][gc,metaspace  ] GC(49) Metaspace: 134069K->134069K(1171456K)
[2024-01-24T12:52:42.780-1000][26410.982s][info][gc            ] GC(49) Pause Young (Normal) (G1 Evacuation Pause) 446M->175M(512M) 28.535ms
[2024-01-24T12:52:42.780-1000][26410.982s][info][gc,cpu        ] GC(49) User=0.09s Sys=0.00s Real=0.03s
[2024-01-24T15:23:24.937-1000][28578.825s][info][gc,start      ] GC(50) Pause Young (Normal) (G1 Evacuation Pause)
[2024-01-24T15:23:24.938-1000][28578.826s][info][gc,task       ] GC(50) Using 8 workers of 8 for evacuation
[2024-01-24T15:23:24.950-1000][28578.838s][info][gc,phases     ] GC(50)   Pre Evacuate Collection Set: 0.1ms
[2024-01-24T15:23:24.950-1000][28578.838s][info][gc,phases     ] GC(50)   Evacuate Collection Set: 10.6ms
[2024-01-24T15:23:24.950-1000][28578.838s][info][gc,phases     ] GC(50)   Post Evacuate Collection Set: 0.7ms
[2024-01-24T15:23:24.950-1000][28578.838s][info][gc,phases     ] GC(50)   Other: 1.9ms
[2024-01-24T15:23:24.950-1000][28578.838s][info][gc,heap       ] GC(50) Eden regions: 270->0(270)
[2024-01-24T15:23:24.950-1000][28578.838s][info][gc,heap       ] GC(50) Survivor regions: 14->14(36)
[2024-01-24T15:23:24.950-1000][28578.838s][info][gc,heap       ] GC(50) Old regions: 129->129
[2024-01-24T15:23:24.950-1000][28578.838s][info][gc,heap       ] GC(50) Humongous regions: 33->33
[2024-01-24T15:23:24.950-1000][28578.838s][info][gc,metaspace  ] GC(50) Metaspace: 134199K->134199K(1171456K)
[2024-01-24T15:23:24.950-1000][28578.838s][info][gc            ] GC(50) Pause Young (Normal) (G1 Evacuation Pause) 445M->175M(512M) 13.400ms
[2024-01-24T15:23:24.950-1000][28578.838s][info][gc,cpu        ] GC(50) User=0.08s Sys=0.01s Real=0.02s
[2024-01-25T17:01:05.854-1000][30686.600s][info][gc,heap,exit  ] Heap
[2024-01-25T17:01:05.855-1000][30686.600s][info][gc,heap,exit  ]  garbage-first heap   total 524288K, used 415488K [0x00000007c0000000, 0x0000000800000000)
[2024-01-25T17:01:05.855-1000][30686.600s][info][gc,heap,exit  ]   region size 1024K, 246 young (251904K), 14 survivors (14336K)
[2024-01-25T17:01:05.855-1000][30686.600s][info][gc,heap,exit  ]  Metaspace       used 134436K, capacity 137914K, committed 138212K, reserved 1171456K
[2024-01-25T17:01:05.855-1000][30686.600s][info][gc,heap,exit  ]   class space    used 15541K, capacity 16732K, committed 16844K, reserved 1048576K
