[2024-01-18T10:41:49.481-1000][0.008s][info][gc,heap] Heap region size: 1M
[2024-01-18T10:41:49.485-1000][0.013s][info][gc     ] Using G1
[2024-01-18T10:41:49.485-1000][0.013s][info][gc,heap,coops] Heap address: 0x00000007c0000000, size: 1024 MB, Compressed Oops mode: Zero based, Oop shift amount: 3
[2024-01-18T10:41:49.978-1000][0.505s][info][gc,start     ] GC(0) Pause Young (Normal) (G1 Evacuation Pause)
[2024-01-18T10:41:49.979-1000][0.506s][info][gc,task      ] GC(0) Using 8 workers of 8 for evacuation
[2024-01-18T10:41:49.982-1000][0.509s][info][gc,phases    ] GC(0)   Pre Evacuate Collection Set: 0.0ms
[2024-01-18T10:41:49.982-1000][0.509s][info][gc,phases    ] GC(0)   Evacuate Collection Set: 3.2ms
[2024-01-18T10:41:49.982-1000][0.509s][info][gc,phases    ] GC(0)   Post Evacuate Collection Set: 0.2ms
[2024-01-18T10:41:49.982-1000][0.509s][info][gc,phases    ] GC(0)   Other: 0.6ms
[2024-01-18T10:41:49.982-1000][0.509s][info][gc,heap      ] GC(0) Eden regions: 25->0(304)
[2024-01-18T10:41:49.982-1000][0.509s][info][gc,heap      ] GC(0) Survivor regions: 0->3(4)
[2024-01-18T10:41:49.982-1000][0.509s][info][gc,heap      ] GC(0) Old regions: 0->0
[2024-01-18T10:41:49.982-1000][0.509s][info][gc,heap      ] GC(0) Humongous regions: 2->2
[2024-01-18T10:41:49.982-1000][0.509s][info][gc,metaspace ] GC(0) Metaspace: 10004K->10004K(1058816K)
[2024-01-18T10:41:49.982-1000][0.509s][info][gc           ] GC(0) Pause Young (Normal) (G1 Evacuation Pause) 27M->4M(512M) 4.104ms
[2024-01-18T10:41:49.982-1000][0.509s][info][gc,cpu       ] GC(0) User=0.03s Sys=0.01s Real=0.01s
[2024-01-18T10:41:51.441-1000][1.968s][info][gc,start     ] GC(1) Pause Young (Concurrent Start) (Metadata GC Threshold)
[2024-01-18T10:41:51.441-1000][1.968s][info][gc,task      ] GC(1) Using 8 workers of 8 for evacuation
[2024-01-18T10:41:51.466-1000][1.993s][info][gc,phases    ] GC(1)   Pre Evacuate Collection Set: 0.1ms
[2024-01-18T10:41:51.466-1000][1.993s][info][gc,phases    ] GC(1)   Evacuate Collection Set: 23.4ms
[2024-01-18T10:41:51.466-1000][1.993s][info][gc,phases    ] GC(1)   Post Evacuate Collection Set: 1.4ms
[2024-01-18T10:41:51.466-1000][1.993s][info][gc,phases    ] GC(1)   Other: 0.4ms
[2024-01-18T10:41:51.466-1000][1.993s][info][gc,heap      ] GC(1) Eden regions: 102->0(87)
[2024-01-18T10:41:51.466-1000][1.993s][info][gc,heap      ] GC(1) Survivor regions: 3->24(39)
[2024-01-18T10:41:51.466-1000][1.993s][info][gc,heap      ] GC(1) Old regions: 0->0
[2024-01-18T10:41:51.466-1000][1.993s][info][gc,heap      ] GC(1) Humongous regions: 15->15
[2024-01-18T10:41:51.466-1000][1.993s][info][gc,metaspace ] GC(1) Metaspace: 20729K->20729K(1069056K)
[2024-01-18T10:41:51.466-1000][1.993s][info][gc           ] GC(1) Pause Young (Concurrent Start) (Metadata GC Threshold) 119M->38M(512M) 25.369ms
[2024-01-18T10:41:51.466-1000][1.993s][info][gc,cpu       ] GC(1) User=0.07s Sys=0.01s Real=0.02s
[2024-01-18T10:41:51.466-1000][1.993s][info][gc           ] GC(2) Concurrent Cycle
[2024-01-18T10:41:51.466-1000][1.993s][info][gc,marking   ] GC(2) Concurrent Clear Claimed Marks
[2024-01-18T10:41:51.466-1000][1.993s][info][gc,marking   ] GC(2) Concurrent Clear Claimed Marks 0.217ms
[2024-01-18T10:41:51.466-1000][1.993s][info][gc,marking   ] GC(2) Concurrent Scan Root Regions
[2024-01-18T10:41:51.473-1000][2.000s][info][gc,marking   ] GC(2) Concurrent Scan Root Regions 6.902ms
[2024-01-18T10:41:51.473-1000][2.000s][info][gc,marking   ] GC(2) Concurrent Mark (2.000s)
[2024-01-18T10:41:51.473-1000][2.000s][info][gc,marking   ] GC(2) Concurrent Mark From Roots
[2024-01-18T10:41:51.473-1000][2.000s][info][gc,task      ] GC(2) Using 2 workers of 2 for marking
[2024-01-18T10:41:51.476-1000][2.003s][info][gc,marking   ] GC(2) Concurrent Mark From Roots 2.255ms
[2024-01-18T10:41:51.476-1000][2.003s][info][gc,marking   ] GC(2) Concurrent Preclean
[2024-01-18T10:41:51.476-1000][2.003s][info][gc,marking   ] GC(2) Concurrent Preclean 0.495ms
[2024-01-18T10:41:51.476-1000][2.003s][info][gc,marking   ] GC(2) Concurrent Mark (2.000s, 2.003s) 2.866ms
[2024-01-18T10:41:51.476-1000][2.004s][info][gc,start     ] GC(2) Pause Remark
[2024-01-18T10:41:51.484-1000][2.011s][info][gc,stringtable] GC(2) Cleaned string and symbol table, strings: 9342 processed, 0 removed, symbols: 66744 processed, 13 removed
[2024-01-18T10:41:51.484-1000][2.012s][info][gc            ] GC(2) Pause Remark 39M->39M(512M) 7.897ms
[2024-01-18T10:41:51.484-1000][2.012s][info][gc,cpu        ] GC(2) User=0.03s Sys=0.00s Real=0.01s
[2024-01-18T10:41:51.484-1000][2.012s][info][gc,marking    ] GC(2) Concurrent Rebuild Remembered Sets
[2024-01-18T10:41:51.488-1000][2.015s][info][gc,marking    ] GC(2) Concurrent Rebuild Remembered Sets 3.560ms
[2024-01-18T10:41:51.488-1000][2.015s][info][gc,start      ] GC(2) Pause Cleanup
[2024-01-18T10:41:51.488-1000][2.016s][info][gc            ] GC(2) Pause Cleanup 39M->39M(512M) 0.225ms
[2024-01-18T10:41:51.489-1000][2.016s][info][gc,cpu        ] GC(2) User=0.00s Sys=0.00s Real=0.00s
[2024-01-18T10:41:51.489-1000][2.016s][info][gc,marking    ] GC(2) Concurrent Cleanup for Next Mark
[2024-01-18T10:41:51.493-1000][2.020s][info][gc,marking    ] GC(2) Concurrent Cleanup for Next Mark 4.600ms
[2024-01-18T10:41:51.493-1000][2.020s][info][gc            ] GC(2) Concurrent Cycle 27.201ms
[2024-01-18T10:41:52.520-1000][3.047s][info][gc,start      ] GC(3) Pause Young (Normal) (G1 Evacuation Pause)
[2024-01-18T10:41:52.520-1000][3.047s][info][gc,task       ] GC(3) Using 8 workers of 8 for evacuation
[2024-01-18T10:41:52.540-1000][3.067s][info][gc,phases     ] GC(3)   Pre Evacuate Collection Set: 0.0ms
[2024-01-18T10:41:52.540-1000][3.067s][info][gc,phases     ] GC(3)   Evacuate Collection Set: 19.1ms
[2024-01-18T10:41:52.540-1000][3.067s][info][gc,phases     ] GC(3)   Post Evacuate Collection Set: 1.1ms
[2024-01-18T10:41:52.540-1000][3.067s][info][gc,phases     ] GC(3)   Other: 0.2ms
[2024-01-18T10:41:52.540-1000][3.067s][info][gc,heap       ] GC(3) Eden regions: 75->0(102)
[2024-01-18T10:41:52.540-1000][3.067s][info][gc,heap       ] GC(3) Survivor regions: 24->5(13)
[2024-01-18T10:41:52.540-1000][3.067s][info][gc,heap       ] GC(3) Old regions: 0->25
[2024-01-18T10:41:52.540-1000][3.067s][info][gc,heap       ] GC(3) Humongous regions: 15->15
[2024-01-18T10:41:52.540-1000][3.067s][info][gc,metaspace  ] GC(3) Metaspace: 30343K->30343K(1077248K)
[2024-01-18T10:41:52.540-1000][3.067s][info][gc            ] GC(3) Pause Young (Normal) (G1 Evacuation Pause) 113M->43M(512M) 20.585ms
[2024-01-18T10:41:52.540-1000][3.067s][info][gc,cpu        ] GC(3) User=0.10s Sys=0.02s Real=0.02s
[2024-01-18T10:41:53.751-1000][4.278s][info][gc,start      ] GC(4) Pause Young (Concurrent Start) (Metadata GC Threshold)
[2024-01-18T10:41:53.751-1000][4.278s][info][gc,task       ] GC(4) Using 8 workers of 8 for evacuation
[2024-01-18T10:41:53.762-1000][4.289s][info][gc,phases     ] GC(4)   Pre Evacuate Collection Set: 0.1ms
[2024-01-18T10:41:53.762-1000][4.290s][info][gc,phases     ] GC(4)   Evacuate Collection Set: 10.6ms
[2024-01-18T10:41:53.762-1000][4.290s][info][gc,phases     ] GC(4)   Post Evacuate Collection Set: 1.0ms
[2024-01-18T10:41:53.762-1000][4.290s][info][gc,phases     ] GC(4)   Other: 0.2ms
[2024-01-18T10:41:53.762-1000][4.290s][info][gc,heap       ] GC(4) Eden regions: 89->0(106)
[2024-01-18T10:41:53.762-1000][4.290s][info][gc,heap       ] GC(4) Survivor regions: 5->13(14)
[2024-01-18T10:41:53.762-1000][4.290s][info][gc,heap       ] GC(4) Old regions: 25->25
[2024-01-18T10:41:53.762-1000][4.290s][info][gc,heap       ] GC(4) Humongous regions: 19->19
[2024-01-18T10:41:53.762-1000][4.290s][info][gc,metaspace  ] GC(4) Metaspace: 34936K->34936K(1081344K)
[2024-01-18T10:41:53.763-1000][4.290s][info][gc            ] GC(4) Pause Young (Concurrent Start) (Metadata GC Threshold) 136M->56M(512M) 11.960ms
[2024-01-18T10:41:53.763-1000][4.290s][info][gc,cpu        ] GC(4) User=0.06s Sys=0.00s Real=0.01s
[2024-01-18T10:41:53.763-1000][4.290s][info][gc            ] GC(5) Concurrent Cycle
[2024-01-18T10:41:53.763-1000][4.290s][info][gc,marking    ] GC(5) Concurrent Clear Claimed Marks
[2024-01-18T10:41:53.763-1000][4.290s][info][gc,marking    ] GC(5) Concurrent Clear Claimed Marks 0.043ms
[2024-01-18T10:41:53.763-1000][4.290s][info][gc,marking    ] GC(5) Concurrent Scan Root Regions
[2024-01-18T10:41:53.769-1000][4.296s][info][gc,marking    ] GC(5) Concurrent Scan Root Regions 6.399ms
[2024-01-18T10:41:53.769-1000][4.296s][info][gc,marking    ] GC(5) Concurrent Mark (4.296s)
[2024-01-18T10:41:53.769-1000][4.296s][info][gc,marking    ] GC(5) Concurrent Mark From Roots
[2024-01-18T10:41:53.769-1000][4.296s][info][gc,task       ] GC(5) Using 2 workers of 2 for marking
[2024-01-18T10:41:53.778-1000][4.305s][info][gc,marking    ] GC(5) Concurrent Mark From Roots 8.879ms
[2024-01-18T10:41:53.778-1000][4.305s][info][gc,marking    ] GC(5) Concurrent Preclean
[2024-01-18T10:41:53.778-1000][4.305s][info][gc,marking    ] GC(5) Concurrent Preclean 0.126ms
[2024-01-18T10:41:53.778-1000][4.305s][info][gc,marking    ] GC(5) Concurrent Mark (4.296s, 4.305s) 9.093ms
[2024-01-18T10:41:53.778-1000][4.306s][info][gc,start      ] GC(5) Pause Remark
[2024-01-18T10:41:53.784-1000][4.311s][info][gc,stringtable] GC(5) Cleaned string and symbol table, strings: 21123 processed, 39 removed, symbols: 106649 processed, 81 removed
[2024-01-18T10:41:53.784-1000][4.311s][info][gc            ] GC(5) Pause Remark 57M->53M(512M) 5.471ms
[2024-01-18T10:41:53.784-1000][4.311s][info][gc,cpu        ] GC(5) User=0.03s Sys=0.00s Real=0.01s
[2024-01-18T10:41:53.784-1000][4.311s][info][gc,marking    ] GC(5) Concurrent Rebuild Remembered Sets
[2024-01-18T10:41:53.791-1000][4.318s][info][gc,marking    ] GC(5) Concurrent Rebuild Remembered Sets 6.597ms
[2024-01-18T10:41:53.791-1000][4.318s][info][gc,start      ] GC(5) Pause Cleanup
[2024-01-18T10:41:53.791-1000][4.318s][info][gc            ] GC(5) Pause Cleanup 54M->54M(512M) 0.134ms
[2024-01-18T10:41:53.791-1000][4.318s][info][gc,cpu        ] GC(5) User=0.00s Sys=0.00s Real=0.00s
[2024-01-18T10:41:53.791-1000][4.318s][info][gc,marking    ] GC(5) Concurrent Cleanup for Next Mark
[2024-01-18T10:41:53.794-1000][4.321s][info][gc,marking    ] GC(5) Concurrent Cleanup for Next Mark 3.170ms
[2024-01-18T10:41:53.794-1000][4.321s][info][gc            ] GC(5) Concurrent Cycle 31.528ms
[2024-01-18T10:41:55.044-1000][5.571s][info][gc,start      ] GC(6) Pause Young (Normal) (G1 Evacuation Pause)
[2024-01-18T10:41:55.044-1000][5.571s][info][gc,task       ] GC(6) Using 8 workers of 8 for evacuation
[2024-01-18T10:41:55.056-1000][5.583s][info][gc,phases     ] GC(6)   Pre Evacuate Collection Set: 0.0ms
[2024-01-18T10:41:55.056-1000][5.583s][info][gc,phases     ] GC(6)   Evacuate Collection Set: 10.9ms
[2024-01-18T10:41:55.056-1000][5.583s][info][gc,phases     ] GC(6)   Post Evacuate Collection Set: 1.1ms
[2024-01-18T10:41:55.056-1000][5.583s][info][gc,phases     ] GC(6)   Other: 0.1ms
[2024-01-18T10:41:55.056-1000][5.583s][info][gc,heap       ] GC(6) Eden regions: 101->0(155)
[2024-01-18T10:41:55.056-1000][5.583s][info][gc,heap       ] GC(6) Survivor regions: 13->6(15)
[2024-01-18T10:41:55.056-1000][5.583s][info][gc,heap       ] GC(6) Old regions: 25->37
[2024-01-18T10:41:55.056-1000][5.583s][info][gc,heap       ] GC(6) Humongous regions: 15->15
[2024-01-18T10:41:55.056-1000][5.583s][info][gc,metaspace  ] GC(6) Metaspace: 45692K->45692K(1089536K)
[2024-01-18T10:41:55.056-1000][5.583s][info][gc            ] GC(6) Pause Young (Normal) (G1 Evacuation Pause) 153M->57M(512M) 12.285ms
[2024-01-18T10:41:55.056-1000][5.583s][info][gc,cpu        ] GC(6) User=0.07s Sys=0.01s Real=0.01s
[2024-01-18T10:41:56.328-1000][6.855s][info][gc,start      ] GC(7) Pause Young (Concurrent Start) (Metadata GC Threshold)
[2024-01-18T10:41:56.328-1000][6.855s][info][gc,task       ] GC(7) Using 8 workers of 8 for evacuation
[2024-01-18T10:41:56.335-1000][6.862s][info][gc,phases     ] GC(7)   Pre Evacuate Collection Set: 0.1ms
[2024-01-18T10:41:56.335-1000][6.862s][info][gc,phases     ] GC(7)   Evacuate Collection Set: 5.5ms
[2024-01-18T10:41:56.335-1000][6.862s][info][gc,phases     ] GC(7)   Post Evacuate Collection Set: 1.5ms
[2024-01-18T10:41:56.335-1000][6.862s][info][gc,phases     ] GC(7)   Other: 0.2ms
[2024-01-18T10:41:56.335-1000][6.862s][info][gc,heap       ] GC(7) Eden regions: 110->0(159)
[2024-01-18T10:41:56.335-1000][6.862s][info][gc,heap       ] GC(7) Survivor regions: 6->8(21)
[2024-01-18T10:41:56.335-1000][6.862s][info][gc,heap       ] GC(7) Old regions: 37->37
[2024-01-18T10:41:56.335-1000][6.862s][info][gc,heap       ] GC(7) Humongous regions: 17->15
[2024-01-18T10:41:56.335-1000][6.862s][info][gc,metaspace  ] GC(7) Metaspace: 58617K->58617K(1101824K)
[2024-01-18T10:41:56.335-1000][6.862s][info][gc            ] GC(7) Pause Young (Concurrent Start) (Metadata GC Threshold) 168M->58M(512M) 7.316ms
[2024-01-18T10:41:56.335-1000][6.862s][info][gc,cpu        ] GC(7) User=0.04s Sys=0.00s Real=0.01s
[2024-01-18T10:41:56.335-1000][6.862s][info][gc            ] GC(8) Concurrent Cycle
[2024-01-18T10:41:56.335-1000][6.862s][info][gc,marking    ] GC(8) Concurrent Clear Claimed Marks
[2024-01-18T10:41:56.335-1000][6.862s][info][gc,marking    ] GC(8) Concurrent Clear Claimed Marks 0.058ms
[2024-01-18T10:41:56.335-1000][6.862s][info][gc,marking    ] GC(8) Concurrent Scan Root Regions
[2024-01-18T10:41:56.339-1000][6.866s][info][gc,marking    ] GC(8) Concurrent Scan Root Regions 3.793ms
[2024-01-18T10:41:56.339-1000][6.866s][info][gc,marking    ] GC(8) Concurrent Mark (6.866s)
[2024-01-18T10:41:56.339-1000][6.866s][info][gc,marking    ] GC(8) Concurrent Mark From Roots
[2024-01-18T10:41:56.339-1000][6.866s][info][gc,task       ] GC(8) Using 2 workers of 2 for marking
[2024-01-18T10:41:56.360-1000][6.888s][info][gc,marking    ] GC(8) Concurrent Mark From Roots 21.538ms
[2024-01-18T10:41:56.360-1000][6.888s][info][gc,marking    ] GC(8) Concurrent Preclean
[2024-01-18T10:41:56.361-1000][6.888s][info][gc,marking    ] GC(8) Concurrent Preclean 0.146ms
[2024-01-18T10:41:56.361-1000][6.888s][info][gc,marking    ] GC(8) Concurrent Mark (6.866s, 6.888s) 21.766ms
[2024-01-18T10:41:56.361-1000][6.888s][info][gc,start      ] GC(8) Pause Remark
[2024-01-18T10:41:56.367-1000][6.894s][info][gc,stringtable] GC(8) Cleaned string and symbol table, strings: 29737 processed, 49 removed, symbols: 167143 processed, 90 removed
[2024-01-18T10:41:56.368-1000][6.895s][info][gc            ] GC(8) Pause Remark 63M->63M(512M) 6.796ms
[2024-01-18T10:41:56.368-1000][6.895s][info][gc,cpu        ] GC(8) User=0.04s Sys=0.01s Real=0.00s
[2024-01-18T10:41:56.368-1000][6.895s][info][gc,marking    ] GC(8) Concurrent Rebuild Remembered Sets
[2024-01-18T10:41:56.382-1000][6.909s][info][gc,marking    ] GC(8) Concurrent Rebuild Remembered Sets 14.360ms
[2024-01-18T10:41:56.382-1000][6.909s][info][gc,start      ] GC(8) Pause Cleanup
[2024-01-18T10:41:56.382-1000][6.909s][info][gc            ] GC(8) Pause Cleanup 68M->68M(512M) 0.133ms
[2024-01-18T10:41:56.382-1000][6.909s][info][gc,cpu        ] GC(8) User=0.00s Sys=0.00s Real=0.00s
[2024-01-18T10:41:56.382-1000][6.909s][info][gc,marking    ] GC(8) Concurrent Cleanup for Next Mark
[2024-01-18T10:41:56.383-1000][6.910s][info][gc,marking    ] GC(8) Concurrent Cleanup for Next Mark 0.596ms
[2024-01-18T10:41:56.383-1000][6.910s][info][gc            ] GC(8) Concurrent Cycle 48.014ms
[2024-01-18T10:41:58.434-1000][8.962s][info][gc,start      ] GC(9) Pause Young (Normal) (G1 Evacuation Pause)
[2024-01-18T10:41:58.435-1000][8.962s][info][gc,task       ] GC(9) Using 8 workers of 8 for evacuation
[2024-01-18T10:41:58.447-1000][8.974s][info][gc,phases     ] GC(9)   Pre Evacuate Collection Set: 0.0ms
[2024-01-18T10:41:58.447-1000][8.974s][info][gc,phases     ] GC(9)   Evacuate Collection Set: 11.0ms
[2024-01-18T10:41:58.447-1000][8.974s][info][gc,phases     ] GC(9)   Post Evacuate Collection Set: 1.3ms
[2024-01-18T10:41:58.447-1000][8.974s][info][gc,phases     ] GC(9)   Other: 0.2ms
[2024-01-18T10:41:58.447-1000][8.974s][info][gc,heap       ] GC(9) Eden regions: 164->0(259)
[2024-01-18T10:41:58.447-1000][8.974s][info][gc,heap       ] GC(9) Survivor regions: 8->18(22)
[2024-01-18T10:41:58.447-1000][8.974s][info][gc,heap       ] GC(9) Old regions: 37->37
[2024-01-18T10:41:58.447-1000][8.974s][info][gc,heap       ] GC(9) Humongous regions: 17->17
[2024-01-18T10:41:58.447-1000][8.974s][info][gc,metaspace  ] GC(9) Metaspace: 74676K->74676K(1116160K)
[2024-01-18T10:41:58.447-1000][8.974s][info][gc            ] GC(9) Pause Young (Normal) (G1 Evacuation Pause) 224M->71M(512M) 12.643ms
[2024-01-18T10:41:58.447-1000][8.974s][info][gc,cpu        ] GC(9) User=0.07s Sys=0.01s Real=0.01s
[2024-01-18T10:42:00.410-1000][10.938s][info][gc,start      ] GC(10) Pause Young (Normal) (G1 Evacuation Pause)
[2024-01-18T10:42:00.411-1000][10.938s][info][gc,task       ] GC(10) Using 8 workers of 8 for evacuation
[2024-01-18T10:42:00.430-1000][10.957s][info][gc,phases     ] GC(10)   Pre Evacuate Collection Set: 0.0ms
[2024-01-18T10:42:00.430-1000][10.957s][info][gc,phases     ] GC(10)   Evacuate Collection Set: 16.3ms
[2024-01-18T10:42:00.430-1000][10.957s][info][gc,phases     ] GC(10)   Post Evacuate Collection Set: 2.7ms
[2024-01-18T10:42:00.430-1000][10.957s][info][gc,phases     ] GC(10)   Other: 0.2ms
[2024-01-18T10:42:00.430-1000][10.957s][info][gc,heap       ] GC(10) Eden regions: 259->0(277)
[2024-01-18T10:42:00.430-1000][10.957s][info][gc,heap       ] GC(10) Survivor regions: 18->30(35)
[2024-01-18T10:42:00.430-1000][10.957s][info][gc,heap       ] GC(10) Old regions: 37->37
[2024-01-18T10:42:00.430-1000][10.957s][info][gc,heap       ] GC(10) Humongous regions: 17->17
[2024-01-18T10:42:00.430-1000][10.957s][info][gc,metaspace  ] GC(10) Metaspace: 80777K->80777K(1122304K)
[2024-01-18T10:42:00.430-1000][10.957s][info][gc            ] GC(10) Pause Young (Normal) (G1 Evacuation Pause) 330M->83M(512M) 19.429ms
[2024-01-18T10:42:00.430-1000][10.957s][info][gc,cpu        ] GC(10) User=0.11s Sys=0.02s Real=0.02s
[2024-01-18T10:43:56.262-1000][126.789s][info][gc,start      ] GC(11) Pause Young (Normal) (G1 Evacuation Pause)
[2024-01-18T10:43:56.263-1000][126.789s][info][gc,task       ] GC(11) Using 8 workers of 8 for evacuation
[2024-01-18T10:43:56.283-1000][126.810s][info][gc,phases     ] GC(11)   Pre Evacuate Collection Set: 0.0ms
[2024-01-18T10:43:56.283-1000][126.810s][info][gc,phases     ] GC(11)   Evacuate Collection Set: 18.0ms
[2024-01-18T10:43:56.283-1000][126.810s][info][gc,phases     ] GC(11)   Post Evacuate Collection Set: 2.5ms
[2024-01-18T10:43:56.283-1000][126.810s][info][gc,phases     ] GC(11)   Other: 0.2ms
[2024-01-18T10:43:56.283-1000][126.810s][info][gc,heap       ] GC(11) Eden regions: 277->0(287)
[2024-01-18T10:43:56.283-1000][126.810s][info][gc,heap       ] GC(11) Survivor regions: 30->20(39)
[2024-01-18T10:43:56.283-1000][126.810s][info][gc,heap       ] GC(11) Old regions: 37->54
[2024-01-18T10:43:56.283-1000][126.810s][info][gc,heap       ] GC(11) Humongous regions: 22->22
[2024-01-18T10:43:56.283-1000][126.810s][info][gc,metaspace  ] GC(11) Metaspace: 97565K->97565K(1136640K)
[2024-01-18T10:43:56.283-1000][126.810s][info][gc            ] GC(11) Pause Young (Normal) (G1 Evacuation Pause) 365M->95M(512M) 20.808ms
[2024-01-18T10:43:56.283-1000][126.810s][info][gc,cpu        ] GC(11) User=0.11s Sys=0.02s Real=0.02s
[2024-01-18T10:46:55.642-1000][306.137s][info][gc,heap,exit  ] Heap
[2024-01-18T10:46:55.642-1000][306.137s][info][gc,heap,exit  ]  garbage-first heap   total 524288K, used 115194K [0x00000007c0000000, 0x0000000800000000)
[2024-01-18T10:46:55.642-1000][306.137s][info][gc,heap,exit  ]   region size 1024K, 38 young (38912K), 20 survivors (20480K)
[2024-01-18T10:46:55.642-1000][306.137s][info][gc,heap,exit  ]  Metaspace       used 97771K, capacity 99567K, committed 99920K, reserved 1136640K
[2024-01-18T10:46:55.642-1000][306.137s][info][gc,heap,exit  ]   class space    used 11228K, capacity 11878K, committed 11904K, reserved 1048576K
